Archive member included to satisfy reference by file (symbol)

/opt/st/stm32cubeide_1.2.0/plugins/com.st.stm32cube.ide.mcu.externaltools.gnu-tools-for-stm32.7-2018-q2-update.linux64_1.0.0.201904181610/tools/bin/../lib/gcc/arm-none-eabi/7.3.1/../../../../arm-none-eabi/lib/thumb/v7-m/libc_nano.a(lib_a-assert.o)
                              Src/uavcan.o (__assert_func)
/opt/st/stm32cubeide_1.2.0/plugins/com.st.stm32cube.ide.mcu.externaltools.gnu-tools-for-stm32.7-2018-q2-update.linux64_1.0.0.201904181610/tools/bin/../lib/gcc/arm-none-eabi/7.3.1/../../../../arm-none-eabi/lib/thumb/v7-m/libc_nano.a(lib_a-errno.o)
                              Src/syscalls.o (__errno)
/opt/st/stm32cubeide_1.2.0/plugins/com.st.stm32cube.ide.mcu.externaltools.gnu-tools-for-stm32.7-2018-q2-update.linux64_1.0.0.201904181610/tools/bin/../lib/gcc/arm-none-eabi/7.3.1/../../../../arm-none-eabi/lib/thumb/v7-m/libc_nano.a(lib_a-exit.o)
                              /opt/st/stm32cubeide_1.2.0/plugins/com.st.stm32cube.ide.mcu.externaltools.gnu-tools-for-stm32.7-2018-q2-update.linux64_1.0.0.201904181610/tools/bin/../lib/gcc/arm-none-eabi/7.3.1/../../../../arm-none-eabi/lib/thumb/v7-m/crt0.o (exit)
/opt/st/stm32cubeide_1.2.0/plugins/com.st.stm32cube.ide.mcu.externaltools.gnu-tools-for-stm32.7-2018-q2-update.linux64_1.0.0.201904181610/tools/bin/../lib/gcc/arm-none-eabi/7.3.1/../../../../arm-none-eabi/lib/thumb/v7-m/libc_nano.a(lib_a-fprintf.o)
                              /opt/st/stm32cubeide_1.2.0/plugins/com.st.stm32cube.ide.mcu.externaltools.gnu-tools-for-stm32.7-2018-q2-update.linux64_1.0.0.201904181610/tools/bin/../lib/gcc/arm-none-eabi/7.3.1/../../../../arm-none-eabi/lib/thumb/v7-m/libc_nano.a(lib_a-assert.o) (fiprintf)
/opt/st/stm32cubeide_1.2.0/plugins/com.st.stm32cube.ide.mcu.externaltools.gnu-tools-for-stm32.7-2018-q2-update.linux64_1.0.0.201904181610/tools/bin/../lib/gcc/arm-none-eabi/7.3.1/../../../../arm-none-eabi/lib/thumb/v7-m/libc_nano.a(lib_a-impure.o)
                              /opt/st/stm32cubeide_1.2.0/plugins/com.st.stm32cube.ide.mcu.externaltools.gnu-tools-for-stm32.7-2018-q2-update.linux64_1.0.0.201904181610/tools/bin/../lib/gcc/arm-none-eabi/7.3.1/../../../../arm-none-eabi/lib/thumb/v7-m/libc_nano.a(lib_a-exit.o) (_global_impure_ptr)
/opt/st/stm32cubeide_1.2.0/plugins/com.st.stm32cube.ide.mcu.externaltools.gnu-tools-for-stm32.7-2018-q2-update.linux64_1.0.0.201904181610/tools/bin/../lib/gcc/arm-none-eabi/7.3.1/../../../../arm-none-eabi/lib/thumb/v7-m/libc_nano.a(lib_a-init.o)
                              /opt/st/stm32cubeide_1.2.0/plugins/com.st.stm32cube.ide.mcu.externaltools.gnu-tools-for-stm32.7-2018-q2-update.linux64_1.0.0.201904181610/tools/bin/../lib/gcc/arm-none-eabi/7.3.1/../../../../arm-none-eabi/lib/thumb/v7-m/crt0.o (__libc_init_array)
/opt/st/stm32cubeide_1.2.0/plugins/com.st.stm32cube.ide.mcu.externaltools.gnu-tools-for-stm32.7-2018-q2-update.linux64_1.0.0.201904181610/tools/bin/../lib/gcc/arm-none-eabi/7.3.1/../../../../arm-none-eabi/lib/thumb/v7-m/libc_nano.a(lib_a-itoa.o)
                              Src/uavcan.o (itoa)
/opt/st/stm32cubeide_1.2.0/plugins/com.st.stm32cube.ide.mcu.externaltools.gnu-tools-for-stm32.7-2018-q2-update.linux64_1.0.0.201904181610/tools/bin/../lib/gcc/arm-none-eabi/7.3.1/../../../../arm-none-eabi/lib/thumb/v7-m/libc_nano.a(lib_a-memcpy-stub.o)
                              Middlewares/Third_Party/FreeRTOS/Source/CMSIS_RTOS_V2/cmsis_os2.o (memcpy)
/opt/st/stm32cubeide_1.2.0/plugins/com.st.stm32cube.ide.mcu.externaltools.gnu-tools-for-stm32.7-2018-q2-update.linux64_1.0.0.201904181610/tools/bin/../lib/gcc/arm-none-eabi/7.3.1/../../../../arm-none-eabi/lib/thumb/v7-m/libc_nano.a(lib_a-memset.o)
                              /opt/st/stm32cubeide_1.2.0/plugins/com.st.stm32cube.ide.mcu.externaltools.gnu-tools-for-stm32.7-2018-q2-update.linux64_1.0.0.201904181610/tools/bin/../lib/gcc/arm-none-eabi/7.3.1/../../../../arm-none-eabi/lib/thumb/v7-m/crt0.o (memset)
/opt/st/stm32cubeide_1.2.0/plugins/com.st.stm32cube.ide.mcu.externaltools.gnu-tools-for-stm32.7-2018-q2-update.linux64_1.0.0.201904181610/tools/bin/../lib/gcc/arm-none-eabi/7.3.1/../../../../arm-none-eabi/lib/thumb/v7-m/libc_nano.a(lib_a-nano-vfprintf.o)
                              /opt/st/stm32cubeide_1.2.0/plugins/com.st.stm32cube.ide.mcu.externaltools.gnu-tools-for-stm32.7-2018-q2-update.linux64_1.0.0.201904181610/tools/bin/../lib/gcc/arm-none-eabi/7.3.1/../../../../arm-none-eabi/lib/thumb/v7-m/libc_nano.a(lib_a-fprintf.o) (_vfprintf_r)
/opt/st/stm32cubeide_1.2.0/plugins/com.st.stm32cube.ide.mcu.externaltools.gnu-tools-for-stm32.7-2018-q2-update.linux64_1.0.0.201904181610/tools/bin/../lib/gcc/arm-none-eabi/7.3.1/../../../../arm-none-eabi/lib/thumb/v7-m/libc_nano.a(lib_a-nano-vfprintf_i.o)
[...]
Memory Configuration

Name             Origin             Length             Attributes
RAM              0x0000000020000000 0x0000000000005000 xrw
FLASH            0x0000000008000000 0x0000000000010000 xr
*default*        0x0000000000000000 0xffffffffffffffff

Linker script and memory map

LOAD /opt/st/stm32cubeide_1.2.0/plugins/com.st.stm32cube.ide.mcu.externaltools.gnu-tools-for-stm32.7-2018-q2-update.linux64_1.0.0.201904181610/tools/bin/../lib/gcc/arm-none-eabi/7.3.1/thumb/v7-m/crti.o
LOAD /opt/st/stm32cubeide_1.2.0/plugins/com.st.stm32cube.ide.mcu.externaltools.gnu-tools-for-stm32.7-2018-q2-update.linux64_1.0.0.201904181610/tools/bin/../lib/gcc/arm-none-eabi/7.3.1/thumb/v7-m/crtbegin.o
LOAD /opt/st/stm32cubeide_1.2.0/plugins/com.st.stm32cube.ide.mcu.externaltools.gnu-tools-for-stm32.7-2018-q2-update.linux64_1.0.0.201904181610/tools/bin/../lib/gcc/arm-none-eabi/7.3.1/../../../../arm-none-eabi/lib/thumb/v7-m/crt0.o
LOAD Drivers/STM32F1xx_HAL_Driver/Src/stm32f1xx_hal.o
LOAD Drivers/STM32F1xx_HAL_Driver/Src/stm32f1xx_hal_can.o
LOAD Drivers/STM32F1xx_HAL_Driver/Src/stm32f1xx_hal_cortex.o
LOAD Drivers/STM32F1xx_HAL_Driver/Src/stm32f1xx_hal_dma.o
LOAD Drivers/STM32F1xx_HAL_Driver/Src/stm32f1xx_hal_exti.o
LOAD Drivers/STM32F1xx_HAL_Driver/Src/stm32f1xx_hal_flash.o
LOAD Drivers/STM32F1xx_HAL_Driver/Src/stm32f1xx_hal_flash_ex.o
LOAD Drivers/STM32F1xx_HAL_Driver/Src/stm32f1xx_hal_gpio.o
LOAD Drivers/STM32F1xx_HAL_Driver/Src/stm32f1xx_hal_gpio_ex.o
LOAD Drivers/STM32F1xx_HAL_Driver/Src/stm32f1xx_hal_pwr.o
LOAD Drivers/STM32F1xx_HAL_Driver/Src/stm32f1xx_hal_rcc.o
LOAD Drivers/STM32F1xx_HAL_Driver/Src/stm32f1xx_hal_rcc_ex.o
LOAD Drivers/STM32F1xx_HAL_Driver/Src/stm32f1xx_hal_tim.o
LOAD Drivers/STM32F1xx_HAL_Driver/Src/stm32f1xx_hal_tim_ex.o
LOAD Drivers/STM32F1xx_HAL_Driver/Src/stm32f1xx_hal_uart.o
LOAD Middlewares/Third_Party/FreeRTOS/Source/CMSIS_RTOS_V2/cmsis_os2.o
LOAD Middlewares/Third_Party/FreeRTOS/Source/croutine.o
LOAD Middlewares/Third_Party/FreeRTOS/Source/event_groups.o
LOAD Middlewares/Third_Party/FreeRTOS/Source/list.o
LOAD Middlewares/Third_Party/FreeRTOS/Source/queue.o
LOAD Middlewares/Third_Party/FreeRTOS/Source/stream_buffer.o
LOAD Middlewares/Third_Party/FreeRTOS/Source/tasks.o
LOAD Middlewares/Third_Party/FreeRTOS/Source/timers.o
LOAD Middlewares/Third_Party/FreeRTOS/Source/portable/GCC/ARM_CM3/port.o
LOAD Middlewares/Third_Party/FreeRTOS/Source/portable/MemMang/heap_4.o
LOAD Src/freertos.o
LOAD Src/main.o
LOAD Src/stm32f1xx_hal_msp.o
LOAD Src/stm32f1xx_hal_timebase_tim.o
LOAD Src/stm32f1xx_it.o
LOAD Src/syscalls.o
LOAD Src/sysmem.o
LOAD Src/system_stm32f1xx.o
LOAD Src/uavcan.o
LOAD Startup/startup_stm32f103c8tx.o
LOAD libcanard/canard.o
LOAD libcanard/drivers/stm32/canard_stm32.o
START GROUP
LOAD /opt/st/stm32cubeide_1.2.0/plugins/com.st.stm32cube.ide.mcu.externaltools.gnu-tools-for-stm32.7-2018-q2-update.linux64_1.0.0.201904181610/tools/bin/../lib/gcc/arm-none-eabi/7.3.1/../../../../arm-none-eabi/lib/thumb/v7-m/libc_nano.a
LOAD /opt/st/stm32cubeide_1.2.0/plugins/com.st.stm32cube.ide.mcu.externaltools.gnu-tools-for-stm32.7-2018-q2-update.linux64_1.0.0.201904181610/tools/bin/../lib/gcc/arm-none-eabi/7.3.1/../../../../arm-none-eabi/lib/thumb/v7-m/libm.a
END GROUP
START GROUP
LOAD /opt/st/stm32cubeide_1.2.0/plugins/com.st.stm32cube.ide.mcu.externaltools.gnu-tools-for-stm32.7-2018-q2-update.linux64_1.0.0.201904181610/tools/bin/../lib/gcc/arm-none-eabi/7.3.1/thumb/v7-m/libgcc.a
LOAD /opt/st/stm32cubeide_1.2.0/plugins/com.st.stm32cube.ide.mcu.externaltools.gnu-tools-for-stm32.7-2018-q2-update.linux64_1.0.0.201904181610/tools/bin/../lib/gcc/arm-none-eabi/7.3.1/../../../../arm-none-eabi/lib/thumb/v7-m/libc_nano.a
END GROUP
START GROUP
LOAD /opt/st/stm32cubeide_1.2.0/plugins/com.st.stm32cube.ide.mcu.externaltools.gnu-tools-for-stm32.7-2018-q2-update.linux64_1.0.0.201904181610/tools/bin/../lib/gcc/arm-none-eabi/7.3.1/thumb/v7-m/libgcc.a
LOAD /opt/st/stm32cubeide_1.2.0/plugins/com.st.stm32cube.ide.mcu.externaltools.gnu-tools-for-stm32.7-2018-q2-update.linux64_1.0.0.201904181610/tools/bin/../lib/gcc/arm-none-eabi/7.3.1/../../../../arm-none-eabi/lib/thumb/v7-m/libc_nano.a
LOAD /opt/st/stm32cubeide_1.2.0/plugins/com.st.stm32cube.ide.mcu.externaltools.gnu-tools-for-stm32.7-2018-q2-update.linux64_1.0.0.201904181610/tools/bin/../lib/gcc/arm-none-eabi/7.3.1/../../../../arm-none-eabi/lib/thumb/v7-m/libnosys.a
END GROUP
START GROUP
LOAD /opt/st/stm32cubeide_1.2.0/plugins/com.st.stm32cube.ide.mcu.externaltools.gnu-tools-for-stm32.7-2018-q2-update.linux64_1.0.0.201904181610/tools/bin/../lib/gcc/arm-none-eabi/7.3.1/thumb/v7-m/libgcc.a
LOAD /opt/st/stm32cubeide_1.2.0/plugins/com.st.stm32cube.ide.mcu.externaltools.gnu-tools-for-stm32.7-2018-q2-update.linux64_1.0.0.201904181610/tools/bin/../lib/gcc/arm-none-eabi/7.3.1/../../../../arm-none-eabi/lib/thumb/v7-m/libc_nano.a
LOAD /opt/st/stm32cubeide_1.2.0/plugins/com.st.stm32cube.ide.mcu.externaltools.gnu-tools-for-stm32.7-2018-q2-update.linux64_1.0.0.201904181610/tools/bin/../lib/gcc/arm-none-eabi/7.3.1/../../../../arm-none-eabi/lib/thumb/v7-m/libnosys.a
END GROUP
LOAD /opt/st/stm32cubeide_1.2.0/plugins/com.st.stm32cube.ide.mcu.externaltools.gnu-tools-for-stm32.7-2018-q2-update.linux64_1.0.0.201904181610/tools/bin/../lib/gcc/arm-none-eabi/7.3.1/thumb/v7-m/crtend.o
LOAD /opt/st/stm32cubeide_1.2.0/plugins/com.st.stm32cube.ide.mcu.externaltools.gnu-tools-for-stm32.7-2018-q2-update.linux64_1.0.0.201904181610/tools/bin/../lib/gcc/arm-none-eabi/7.3.1/thumb/v7-m/crtn.o
                0x0000000020005000                _estack = (ORIGIN (RAM) + LENGTH (RAM))
                0x0000000000000200                _Min_Heap_Size = 0x200
                0x0000000000000400                _Min_Stack_Size = 0x400

.isr_vector     0x0000000008000000      0x10c
                0x0000000008000000                . = ALIGN (0x4)
 *(.isr_vector)
 .isr_vector    0x0000000008000000      0x10c Startup/startup_stm32f103c8tx.o
                0x0000000008000000                g_pfnVectors
                0x000000000800010c                . = ALIGN (0x4)

.text           0x0000000008000110     0x8eac
                0x0000000008000110                . = ALIGN (0x4)
 *(.text)
 .text          0x0000000008000110       0x40 /opt/st/stm32cubeide_1.2.0/plugins/com.st.stm32cube.ide.mcu.externaltools.gnu-tools-for-stm32.7-2018-q2-update.linux64_1.0.0.201904181610/tools/bin/../lib/gcc/arm-none-eabi/7.3.1/thumb/v7-m/crtbegin.o
 .text          0x0000000008000150       0x10 /opt/st/stm32cubeide_1.2.0/plugins/com.st.stm32cube.ide.mcu.externaltools.gnu-tools-for-stm32.7-2018-q2-update.linux64_1.0.0.201904181610/tools/bin/../lib/gcc/arm-none-eabi/7.3.1/../../../../arm-none-eabi/lib/thumb/v7-m/libc_nano.a(lib_a-strlen.o)
                0x0000000008000150                strlen
 .text          0x0000000008000160      0x21c /opt/st/stm32cubeide_1.2.0/plugins/com.st.stm32cube.ide.mcu.externaltools.gnu-tools-for-stm32.7-2018-q2-update.linux64_1.0.0.201904181610/tools/bin/../lib/gcc/arm-none-eabi/7.3.1/thumb/v7-m/libgcc.a(_arm_addsubsf3.o)
                0x0000000008000160                __aeabi_frsub
                0x0000000008000168                __subsf3
                0x0000000008000168                __aeabi_fsub
                0x000000000800016c                __aeabi_fadd
                0x000000000800016c                __addsf3
                0x00000000080002cc                __aeabi_ui2f
                0x00000000080002cc                __floatunsisf
                0x00000000080002d4                __aeabi_i2f
                0x00000000080002d4                __floatsisf
                0x00000000080002f0                __floatundisf
                0x00000000080002f0                __aeabi_ul2f
                0x0000000008000300                __floatdisf
                0x0000000008000300                __aeabi_l2f
 .text          0x000000000800037c      0x2a0 /opt/st/stm32cubeide_1.2.0/plugins/com.st.stm32cube.ide.mcu.externaltools.gnu-tools-for-stm32.7-2018-q2-update.linux64_1.0.0.201904181610/tools/bin/../lib/gcc/arm-none-eabi/7.3.1/thumb/v7-m/libgcc.a(_arm_muldivsf3.o)
                0x000000000800037c                __mulsf3
                0x000000000800037c                __aeabi_fmul
                0x00000000080004e4                __divsf3
                0x00000000080004e4                __aeabi_fdiv
 *(.text*)
 .text.HAL_Init
                0x000000000800061c       0x2c Drivers/STM32F1xx_HAL_Driver/Src/stm32f1xx_hal.o
                0x000000000800061c                HAL_Init
 .text.HAL_IncTick
                0x0000000008000648       0x24 Drivers/STM32F1xx_HAL_Driver/Src/stm32f1xx_hal.o
                0x0000000008000648                HAL_IncTick
 .text.HAL_GetTick
                0x000000000800066c       0x14 Drivers/STM32F1xx_HAL_Driver/Src/stm32f1xx_hal.o
                0x000000000800066c                HAL_GetTick
 .text.HAL_CAN_Init
                0x0000000008000680      0x1f6 Drivers/STM32F1xx_HAL_Driver/Src/stm32f1xx_hal_can.o
                0x0000000008000680                HAL_CAN_Init
 *fill*         0x0000000008000876        0x2 
 .text.__NVIC_SetPriorityGrouping
                0x0000000008000878       0x48 Drivers/STM32F1xx_HAL_Driver/Src/stm32f1xx_hal_cortex.o
 .text.__NVIC_GetPriorityGrouping
                0x00000000080008c0       0x1c Drivers/STM32F1xx_HAL_Driver/Src/stm32f1xx_hal_cortex.o
 .text.__NVIC_EnableIRQ
                0x00000000080008dc       0x38 Drivers/STM32F1xx_HAL_Driver/Src/stm32f1xx_hal_cortex.o
 .text.__NVIC_SetPriority
                0x0000000008000914       0x54 Drivers/STM32F1xx_HAL_Driver/Src/stm32f1xx_hal_cortex.o
 .text.NVIC_EncodePriority
                0x0000000008000968       0x64 Drivers/STM32F1xx_HAL_Driver/Src/stm32f1xx_hal_cortex.o
 .text.HAL_NVIC_SetPriorityGrouping
                0x00000000080009cc       0x16 Drivers/STM32F1xx_HAL_Driver/Src/stm32f1xx_hal_cortex.o
                0x00000000080009cc                HAL_NVIC_SetPriorityGrouping
 .text.HAL_NVIC_SetPriority
                0x00000000080009e2       0x38 Drivers/STM32F1xx_HAL_Driver/Src/stm32f1xx_hal_cortex.o
                0x00000000080009e2                HAL_NVIC_SetPriority
 .text.HAL_NVIC_EnableIRQ
                0x0000000008000a1a       0x1c Drivers/STM32F1xx_HAL_Driver/Src/stm32f1xx_hal_cortex.o
                0x0000000008000a1a                HAL_NVIC_EnableIRQ
 *fill*         0x0000000008000a36        0x2 
 .text.HAL_GPIO_Init
                0x0000000008000a38      0x2b4 Drivers/STM32F1xx_HAL_Driver/Src/stm32f1xx_hal_gpio.o
                0x0000000008000a38                HAL_GPIO_Init
 .text.HAL_GPIO_WritePin
                0x0000000008000cec       0x30 Drivers/STM32F1xx_HAL_Driver/Src/stm32f1xx_hal_gpio.o
                0x0000000008000cec                HAL_GPIO_WritePin
 .text.HAL_GPIO_TogglePin
                0x0000000008000d1c       0x30 Drivers/STM32F1xx_HAL_Driver/Src/stm32f1xx_hal_gpio.o
                0x0000000008000d1c                HAL_GPIO_TogglePin
 .text.HAL_RCC_OscConfig
                0x0000000008000d4c      0x500 Drivers/STM32F1xx_HAL_Driver/Src/stm32f1xx_hal_rcc.o
                0x0000000008000d4c                HAL_RCC_OscConfig
 .text.HAL_RCC_ClockConfig
                0x000000000800124c      0x1d4 Drivers/STM32F1xx_HAL_Driver/Src/stm32f1xx_hal_rcc.o
                0x000000000800124c                HAL_RCC_ClockConfig
 .text.HAL_RCC_GetSysClockFreq
                0x0000000008001420       0xc4 Drivers/STM32F1xx_HAL_Driver/Src/stm32f1xx_hal_rcc.o
                0x0000000008001420                HAL_RCC_GetSysClockFreq
 .text.HAL_RCC_GetHCLKFreq
                0x00000000080014e4       0x14 Drivers/STM32F1xx_HAL_Driver/Src/stm32f1xx_hal_rcc.o
                0x00000000080014e4                HAL_RCC_GetHCLKFreq
 .text.HAL_RCC_GetPCLK1Freq
                0x00000000080014f8       0x28 Drivers/STM32F1xx_HAL_Driver/Src/stm32f1xx_hal_rcc.o
                0x00000000080014f8                HAL_RCC_GetPCLK1Freq
 .text.HAL_RCC_GetPCLK2Freq
                0x0000000008001520       0x28 Drivers/STM32F1xx_HAL_Driver/Src/stm32f1xx_hal_rcc.o
                0x0000000008001520                HAL_RCC_GetPCLK2Freq
 .text.HAL_RCC_GetClockConfig
                0x0000000008001548       0x60 Drivers/STM32F1xx_HAL_Driver/Src/stm32f1xx_hal_rcc.o
                0x0000000008001548                HAL_RCC_GetClockConfig
 .text.RCC_Delay
                0x00000000080015a8       0x3c Drivers/STM32F1xx_HAL_Driver/Src/stm32f1xx_hal_rcc.o
 .text.HAL_TIM_Base_Init
                0x00000000080015e4       0x56 Drivers/STM32F1xx_HAL_Driver/Src/stm32f1xx_hal_tim.o
                0x00000000080015e4                HAL_TIM_Base_Init
 .text.HAL_TIM_Base_MspInit
                0x000000000800163a       0x12 Drivers/STM32F1xx_HAL_Driver/Src/stm32f1xx_hal_tim.o
                0x000000000800163a                HAL_TIM_Base_MspInit
 .text.HAL_TIM_Base_Start_IT
                0x000000000800164c       0x46 Drivers/STM32F1xx_HAL_Driver/Src/stm32f1xx_hal_tim.o
                0x000000000800164c                HAL_TIM_Base_Start_IT
 .text.HAL_TIM_IRQHandler
                0x0000000008001692      0x210 Drivers/STM32F1xx_HAL_Driver/Src/stm32f1xx_hal_tim.o
                0x0000000008001692                HAL_TIM_IRQHandler
 .text.HAL_TIM_OC_DelayElapsedCallback
                0x00000000080018a2       0x12 Drivers/STM32F1xx_HAL_Driver/Src/stm32f1xx_hal_tim.o
                0x00000000080018a2                HAL_TIM_OC_DelayElapsedCallback
 .text.HAL_TIM_IC_CaptureCallback
                0x00000000080018b4       0x12 Drivers/STM32F1xx_HAL_Driver/Src/stm32f1xx_hal_tim.o
                0x00000000080018b4                HAL_TIM_IC_CaptureCallback
 .text.HAL_TIM_PWM_PulseFinishedCallback
                0x00000000080018c6       0x12 Drivers/STM32F1xx_HAL_Driver/Src/stm32f1xx_hal_tim.o
                0x00000000080018c6                HAL_TIM_PWM_PulseFinishedCallback
 .text.HAL_TIM_TriggerCallback
                0x00000000080018d8       0x12 Drivers/STM32F1xx_HAL_Driver/Src/stm32f1xx_hal_tim.o
                0x00000000080018d8                HAL_TIM_TriggerCallback
 *fill*         0x00000000080018ea        0x2 
 .text.TIM_Base_SetConfig
                0x00000000080018ec       0xc4 Drivers/STM32F1xx_HAL_Driver/Src/stm32f1xx_hal_tim.o
                0x00000000080018ec                TIM_Base_SetConfig
 .text.HAL_TIMEx_CommutCallback
                0x00000000080019b0       0x12 Drivers/STM32F1xx_HAL_Driver/Src/stm32f1xx_hal_tim_ex.o
                0x00000000080019b0                HAL_TIMEx_CommutCallback
 .text.HAL_TIMEx_BreakCallback
                0x00000000080019c2       0x12 Drivers/STM32F1xx_HAL_Driver/Src/stm32f1xx_hal_tim_ex.o
                0x00000000080019c2                HAL_TIMEx_BreakCallback
 .text.HAL_UART_Init
                0x00000000080019d4       0x9a Drivers/STM32F1xx_HAL_Driver/Src/stm32f1xx_hal_uart.o
                0x00000000080019d4                HAL_UART_Init
 *fill*         0x0000000008001a6e        0x2 
 .text.UART_SetConfig
                0x0000000008001a70      0x1b4 Drivers/STM32F1xx_HAL_Driver/Src/stm32f1xx_hal_uart.o
 .text.osKernelInitialize
                0x0000000008001c24       0x64 Middlewares/Third_Party/FreeRTOS/Source/CMSIS_RTOS_V2/cmsis_os2.o
                0x0000000008001c24                osKernelInitialize
 .text.osKernelStart
                0x0000000008001c88       0x68 Middlewares/Third_Party/FreeRTOS/Source/CMSIS_RTOS_V2/cmsis_os2.o
                0x0000000008001c88                osKernelStart
 .text.osThreadNew
                0x0000000008001cf0      0x154 Middlewares/Third_Party/FreeRTOS/Source/CMSIS_RTOS_V2/cmsis_os2.o
                0x0000000008001cf0                osThreadNew
 .text.osDelay  0x0000000008001e44       0x5c Middlewares/Third_Party/FreeRTOS/Source/CMSIS_RTOS_V2/cmsis_os2.o
                0x0000000008001e44                osDelay
 .text.osMutexNew
                0x0000000008001ea0      0x134 Middlewares/Third_Party/FreeRTOS/Source/CMSIS_RTOS_V2/cmsis_os2.o
                0x0000000008001ea0                osMutexNew
 .text.vApplicationGetIdleTaskMemory
                0x0000000008001fd4       0x30 Middlewares/Third_Party/FreeRTOS/Source/CMSIS_RTOS_V2/cmsis_os2.o
                0x0000000008001fd4                vApplicationGetIdleTaskMemory
 .text.vApplicationGetTimerTaskMemory
                0x0000000008002004       0x34 Middlewares/Third_Party/FreeRTOS/Source/CMSIS_RTOS_V2/cmsis_os2.o
                0x0000000008002004                vApplicationGetTimerTaskMemory
 .text.vListInitialise
                0x0000000008002038       0x3e Middlewares/Third_Party/FreeRTOS/Source/list.o
                0x0000000008002038                vListInitialise
 .text.vListInitialiseItem
                0x0000000008002076       0x18 Middlewares/Third_Party/FreeRTOS/Source/list.o
                0x0000000008002076                vListInitialiseItem
 .text.vListInsertEnd
                0x000000000800208e       0x46 Middlewares/Third_Party/FreeRTOS/Source/list.o
                0x000000000800208e                vListInsertEnd
 .text.vListInsert
                0x00000000080020d4       0x70 Middlewares/Third_Party/FreeRTOS/Source/list.o
                0x00000000080020d4                vListInsert
 .text.uxListRemove
                0x0000000008002144       0x52 Middlewares/Third_Party/FreeRTOS/Source/list.o
                0x0000000008002144                uxListRemove
 *fill*         0x0000000008002196        0x2 
 .text.xQueueGenericReset
                0x0000000008002198       0xd0 Middlewares/Third_Party/FreeRTOS/Source/queue.o
                0x0000000008002198                xQueueGenericReset
 .text.xQueueGenericCreateStatic
                0x0000000008002268       0xe4 Middlewares/Third_Party/FreeRTOS/Source/queue.o
                0x0000000008002268                xQueueGenericCreateStatic
 .text.xQueueGenericCreate
                0x000000000800234c       0x7a Middlewares/Third_Party/FreeRTOS/Source/queue.o
                0x000000000800234c                xQueueGenericCreate
 .text.prvInitialiseNewQueue
                0x00000000080023c6       0x46 Middlewares/Third_Party/FreeRTOS/Source/queue.o
 .text.prvInitialiseMutex
                0x000000000800240c       0x34 Middlewares/Third_Party/FreeRTOS/Source/queue.o
 .text.xQueueCreateMutex
                0x0000000008002440       0x30 Middlewares/Third_Party/FreeRTOS/Source/queue.o
                0x0000000008002440                xQueueCreateMutex
 .text.xQueueCreateMutexStatic
                0x0000000008002470       0x36 Middlewares/Third_Party/FreeRTOS/Source/queue.o
                0x0000000008002470                xQueueCreateMutexStatic
 *fill*         0x00000000080024a6        0x2 
 .text.xQueueGenericSend
                0x00000000080024a8      0x1f4 Middlewares/Third_Party/FreeRTOS/Source/queue.o
                0x00000000080024a8                xQueueGenericSend
 .text.xQueueGenericSendFromISR
                0x000000000800269c      0x128 Middlewares/Third_Party/FreeRTOS/Source/queue.o
                0x000000000800269c                xQueueGenericSendFromISR
 .text.xQueueReceive
                0x00000000080027c4      0x1b8 Middlewares/Third_Party/FreeRTOS/Source/queue.o
                0x00000000080027c4                xQueueReceive
 .text.prvCopyDataToQueue
                0x000000000800297c       0xd4 Middlewares/Third_Party/FreeRTOS/Source/queue.o
 .text.prvCopyDataFromQueue
                0x0000000008002a50       0x4c Middlewares/Third_Party/FreeRTOS/Source/queue.o
 .text.prvUnlockQueue
                0x0000000008002a9c       0xa4 Middlewares/Third_Party/FreeRTOS/Source/queue.o
 .text.prvIsQueueEmpty
                0x0000000008002b40       0x2c Middlewares/Third_Party/FreeRTOS/Source/queue.o
 .text.prvIsQueueFull
                0x0000000008002b6c       0x30 Middlewares/Third_Party/FreeRTOS/Source/queue.o
 .text.vQueueAddToRegistry
                0x0000000008002b9c       0x50 Middlewares/Third_Party/FreeRTOS/Source/queue.o
                0x0000000008002b9c                vQueueAddToRegistry
 .text.vQueueWaitForMessageRestricted
                0x0000000008002bec       0x68 Middlewares/Third_Party/FreeRTOS/Source/queue.o
                0x0000000008002bec                vQueueWaitForMessageRestricted
 .text.xTaskCreateStatic
                0x0000000008002c54       0xb2 Middlewares/Third_Party/FreeRTOS/Source/tasks.o
                0x0000000008002c54                xTaskCreateStatic
 .text.xTaskCreate
                0x0000000008002d06       0x8a Middlewares/Third_Party/FreeRTOS/Source/tasks.o
                0x0000000008002d06                xTaskCreate
 .text.prvInitialiseNewTask
                0x0000000008002d90      0x10c Middlewares/Third_Party/FreeRTOS/Source/tasks.o
 .text.prvAddNewTaskToReadyList
                0x0000000008002e9c       0xe0 Middlewares/Third_Party/FreeRTOS/Source/tasks.o
 .text.vTaskDelay
                0x0000000008002f7c       0x68 Middlewares/Third_Party/FreeRTOS/Source/tasks.o
                0x0000000008002f7c                vTaskDelay
 .text.vTaskStartScheduler
                0x0000000008002fe4       0xc8 Middlewares/Third_Party/FreeRTOS/Source/tasks.o
                0x0000000008002fe4                vTaskStartScheduler
 .text.vTaskSuspendAll
                0x00000000080030ac       0x1c Middlewares/Third_Party/FreeRTOS/Source/tasks.o
                0x00000000080030ac                vTaskSuspendAll
 .text.xTaskResumeAll
                0x00000000080030c8      0x138 Middlewares/Third_Party/FreeRTOS/Source/tasks.o
                0x00000000080030c8                xTaskResumeAll
 .text.xTaskGetTickCount
                0x0000000008003200       0x1c Middlewares/Third_Party/FreeRTOS/Source/tasks.o
                0x0000000008003200                xTaskGetTickCount
 .text.xTaskIncrementTick
                0x000000000800321c      0x17c Middlewares/Third_Party/FreeRTOS/Source/tasks.o
                0x000000000800321c                xTaskIncrementTick
 .text.vTaskSwitchContext
                0x0000000008003398       0xb8 Middlewares/Third_Party/FreeRTOS/Source/tasks.o
                0x0000000008003398                vTaskSwitchContext
 .text.vTaskPlaceOnEventList
                0x0000000008003450       0x48 Middlewares/Third_Party/FreeRTOS/Source/tasks.o
                0x0000000008003450                vTaskPlaceOnEventList
 .text.vTaskPlaceOnEventListRestricted
                0x0000000008003498       0x54 Middlewares/Third_Party/FreeRTOS/Source/tasks.o
                0x0000000008003498                vTaskPlaceOnEventListRestricted
 .text.xTaskRemoveFromEventList
                0x00000000080034ec       0xc4 Middlewares/Third_Party/FreeRTOS/Source/tasks.o
                0x00000000080034ec                xTaskRemoveFromEventList
 .text.vTaskInternalSetTimeOutState
                0x00000000080035b0       0x2c Middlewares/Third_Party/FreeRTOS/Source/tasks.o
                0x00000000080035b0                vTaskInternalSetTimeOutState
 .text.xTaskCheckForTimeOut
                0x00000000080035dc       0xc0 Middlewares/Third_Party/FreeRTOS/Source/tasks.o
                0x00000000080035dc                xTaskCheckForTimeOut
 .text.vTaskMissedYield
                0x000000000800369c       0x18 Middlewares/Third_Party/FreeRTOS/Source/tasks.o
                0x000000000800369c                vTaskMissedYield
 .text.prvIdleTask
                0x00000000080036b4       0x30 Middlewares/Third_Party/FreeRTOS/Source/tasks.o
 .text.prvInitialiseTaskLists
                0x00000000080036e4       0x80 Middlewares/Third_Party/FreeRTOS/Source/tasks.o
 .text.prvCheckTasksWaitingTermination
                0x0000000008003764       0x58 Middlewares/Third_Party/FreeRTOS/Source/tasks.o
 .text.prvDeleteTCB
                0x00000000080037bc       0x5c Middlewares/Third_Party/FreeRTOS/Source/tasks.o
 .text.prvResetNextTaskUnblockTime
                0x0000000008003818       0x48 Middlewares/Third_Party/FreeRTOS/Source/tasks.o
 .text.xTaskGetSchedulerState
                0x0000000008003860       0x3c Middlewares/Third_Party/FreeRTOS/Source/tasks.o
                0x0000000008003860                xTaskGetSchedulerState
 .text.xTaskPriorityDisinherit
                0x000000000800389c       0xd8 Middlewares/Third_Party/FreeRTOS/Source/tasks.o
                0x000000000800389c                xTaskPriorityDisinherit
 .text.prvAddCurrentTaskToDelayedList
                0x0000000008003974       0xa8 Middlewares/Third_Party/FreeRTOS/Source/tasks.o
 .text.xTimerCreateTimerTask
                0x0000000008003a1c       0x90 Middlewares/Third_Party/FreeRTOS/Source/timers.o
                0x0000000008003a1c                xTimerCreateTimerTask
 .text.xTimerGenericCommand
                0x0000000008003aac       0x98 Middlewares/Third_Party/FreeRTOS/Source/timers.o
                0x0000000008003aac                xTimerGenericCommand
 .text.prvProcessExpiredTimer
                0x0000000008003b44       0x80 Middlewares/Third_Party/FreeRTOS/Source/timers.o
 .text.prvTimerTask
                0x0000000008003bc4       0x24 Middlewares/Third_Party/FreeRTOS/Source/timers.o
 .text.prvProcessTimerOrBlockTask
                0x0000000008003be8       0x9c Middlewares/Third_Party/FreeRTOS/Source/timers.o
 .text.prvGetNextExpireTime
                0x0000000008003c84       0x48 Middlewares/Third_Party/FreeRTOS/Source/timers.o
 .text.prvSampleTimeNow
                0x0000000008003ccc       0x40 Middlewares/Third_Party/FreeRTOS/Source/timers.o
 .text.prvInsertTimerInActiveList
                0x0000000008003d0c       0x84 Middlewares/Third_Party/FreeRTOS/Source/timers.o
 .text.prvProcessReceivedCommands
                0x0000000008003d90      0x160 Middlewares/Third_Party/FreeRTOS/Source/timers.o
 .text.prvSwitchTimerLists
                0x0000000008003ef0       0xc0 Middlewares/Third_Party/FreeRTOS/Source/timers.o
 .text.prvCheckForValidListAndQueue
                0x0000000008003fb0       0x80 Middlewares/Third_Party/FreeRTOS/Source/timers.o
 .text.pxPortInitialiseStack
                0x0000000008004030       0x58 Middlewares/Third_Party/FreeRTOS/Source/portable/GCC/ARM_CM3/port.o
                0x0000000008004030                pxPortInitialiseStack
 .text.prvTaskExitError
                0x0000000008004088       0x50 Middlewares/Third_Party/FreeRTOS/Source/portable/GCC/ARM_CM3/port.o
 *fill*         0x00000000080040d8        0x8 
 .text.SVC_Handler
                0x00000000080040e0       0x28 Middlewares/Third_Party/FreeRTOS/Source/portable/GCC/ARM_CM3/port.o
                0x00000000080040e0                SVC_Handler
 .text.prvPortStartFirstTask
                0x0000000008004108       0x20 Middlewares/Third_Party/FreeRTOS/Source/portable/GCC/ARM_CM3/port.o
 .text.xPortStartScheduler
                0x0000000008004128       0xe0 Middlewares/Third_Party/FreeRTOS/Source/portable/GCC/ARM_CM3/port.o
                0x0000000008004128                xPortStartScheduler
 .text.vPortEnterCritical
                0x0000000008004208       0x5c Middlewares/Third_Party/FreeRTOS/Source/portable/GCC/ARM_CM3/port.o
                0x0000000008004208                vPortEnterCritical
 .text.vPortExitCritical
                0x0000000008004264       0x4c Middlewares/Third_Party/FreeRTOS/Source/portable/GCC/ARM_CM3/port.o
                0x0000000008004264                vPortExitCritical
 .text.PendSV_Handler
                0x00000000080042b0       0x48 Middlewares/Third_Party/FreeRTOS/Source/portable/GCC/ARM_CM3/port.o
                0x00000000080042b0                PendSV_Handler
 .text.SysTick_Handler
                0x00000000080042f8       0x40 Middlewares/Third_Party/FreeRTOS/Source/portable/GCC/ARM_CM3/port.o
                0x00000000080042f8                SysTick_Handler
 .text.vPortSetupTimerInterrupt
                0x0000000008004338       0x44 Middlewares/Third_Party/FreeRTOS/Source/portable/GCC/ARM_CM3/port.o
                0x0000000008004338                vPortSetupTimerInterrupt
 .text.vPortValidateInterruptPriority
                0x000000000800437c       0x78 Middlewares/Third_Party/FreeRTOS/Source/portable/GCC/ARM_CM3/port.o
                0x000000000800437c                vPortValidateInterruptPriority
 .text.pvPortMalloc
                0x00000000080043f4      0x184 Middlewares/Third_Party/FreeRTOS/Source/portable/MemMang/heap_4.o
                0x00000000080043f4                pvPortMalloc
 .text.vPortFree
                0x0000000008004578       0xb0 Middlewares/Third_Party/FreeRTOS/Source/portable/MemMang/heap_4.o
                0x0000000008004578                vPortFree
 .text.prvHeapInit
                0x0000000008004628       0xc4 Middlewares/Third_Party/FreeRTOS/Source/portable/MemMang/heap_4.o
 .text.prvInsertBlockIntoFreeList
                0x00000000080046ec       0xb0 Middlewares/Third_Party/FreeRTOS/Source/portable/MemMang/heap_4.o
 .text.main     0x000000000800479c       0x74 Src/main.o
                0x000000000800479c                main
 .text.SystemClock_Config
                0x0000000008004810       0x8a Src/main.o
                0x0000000008004810                SystemClock_Config
 *fill*         0x000000000800489a        0x2 
 .text.MX_CAN_Init
                0x000000000800489c       0x68 Src/main.o
 .text.MX_USART1_UART_Init
                0x0000000008004904       0x54 Src/main.o
 .text.MX_GPIO_Init
                0x0000000008004958       0x98 Src/main.o
 .text.StartTask01
                0x00000000080049f0       0x12 Src/main.o
                0x00000000080049f0                StartTask01
 .text.StartTask02
                0x0000000008004a02       0x1a Src/main.o
                0x0000000008004a02                StartTask02
 .text.HAL_TIM_PeriodElapsedCallback
                0x0000000008004a1c       0x24 Src/main.o
                0x0000000008004a1c                HAL_TIM_PeriodElapsedCallback
 .text.Error_Handler
                0x0000000008004a40        0xc Src/main.o
                0x0000000008004a40                Error_Handler
 .text.HAL_MspInit
                0x0000000008004a4c       0x70 Src/stm32f1xx_hal_msp.o
                0x0000000008004a4c                HAL_MspInit
 .text.HAL_CAN_MspInit
                0x0000000008004abc       0x98 Src/stm32f1xx_hal_msp.o
                0x0000000008004abc                HAL_CAN_MspInit
 .text.HAL_UART_MspInit
                0x0000000008004b54       0x98 Src/stm32f1xx_hal_msp.o
                0x0000000008004b54                HAL_UART_MspInit
 .text.HAL_InitTick
                0x0000000008004bec       0xac Src/stm32f1xx_hal_timebase_tim.o
                0x0000000008004bec                HAL_InitTick
 .text.NMI_Handler
                0x0000000008004c98        0xc Src/stm32f1xx_it.o
                0x0000000008004c98                NMI_Handler
 .text.HardFault_Handler
                0x0000000008004ca4        0x6 Src/stm32f1xx_it.o
                0x0000000008004ca4                HardFault_Handler
 .text.MemManage_Handler
                0x0000000008004caa        0x6 Src/stm32f1xx_it.o
                0x0000000008004caa                MemManage_Handler
 .text.BusFault_Handler
                0x0000000008004cb0        0x6 Src/stm32f1xx_it.o
                0x0000000008004cb0                BusFault_Handler
 .text.UsageFault_Handler
                0x0000000008004cb6        0x6 Src/stm32f1xx_it.o
                0x0000000008004cb6                UsageFault_Handler
 .text.DebugMon_Handler
                0x0000000008004cbc        0xc Src/stm32f1xx_it.o
                0x0000000008004cbc                DebugMon_Handler
 .text.TIM1_UP_IRQHandler
                0x0000000008004cc8       0x14 Src/stm32f1xx_it.o
                0x0000000008004cc8                TIM1_UP_IRQHandler
 .text._getpid  0x0000000008004cdc        0xe Src/syscalls.o
                0x0000000008004cdc                _getpid
 .text._kill    0x0000000008004cea       0x20 Src/syscalls.o
                0x0000000008004cea                _kill
 .text._exit    0x0000000008004d0a       0x14 Src/syscalls.o
                0x0000000008004d0a                _exit
 .text._read    0x0000000008004d1e       0x3a Src/syscalls.o
                0x0000000008004d1e                _read
 .text._write   0x0000000008004d58       0x38 Src/syscalls.o
                0x0000000008004d58                _write
 .text._close   0x0000000008004d90       0x16 Src/syscalls.o
                0x0000000008004d90                _close
 .text._fstat   0x0000000008004da6       0x1e Src/syscalls.o
                0x0000000008004da6                _fstat
 .text._isatty  0x0000000008004dc4       0x14 Src/syscalls.o
                0x0000000008004dc4                _isatty
 .text._lseek   0x0000000008004dd8       0x18 Src/syscalls.o
                0x0000000008004dd8                _lseek
 .text._sbrk    0x0000000008004df0       0x58 Src/sysmem.o
                0x0000000008004df0                _sbrk
 .text.SystemInit
                0x0000000008004e48       0x68 Src/system_stm32f1xx.o
                0x0000000008004e48                SystemInit
 .text.canardSTM32ComputeCANTimings
                0x0000000008004eb0      0x1dc Src/uavcan.o
 *fill*         0x000000000800508c        0x4 
 .text.shouldAcceptTransfer
                0x0000000008005090       0x88 Src/uavcan.o
                0x0000000008005090                shouldAcceptTransfer
 .text.onTransferReceived
                0x0000000008005118       0x48 Src/uavcan.o
                0x0000000008005118                onTransferReceived
 .text.getNodeInfoHandleCanard
                0x0000000008005160       0x84 Src/uavcan.o
                0x0000000008005160                getNodeInfoHandleCanard
 .text.uavcanInit
                0x00000000080051e4       0x70 Src/uavcan.o
                0x00000000080051e4                uavcanInit
 .text.sendCanard
                0x0000000008005254       0x48 Src/uavcan.o
                0x0000000008005254                sendCanard
 .text.receiveCanard
                0x000000000800529c       0x44 Src/uavcan.o
                0x000000000800529c                receiveCanard
 .text.spinCanard
                0x00000000080052e0       0x6c Src/uavcan.o
                0x00000000080052e0                spinCanard
 .text.publishCanard
                0x000000000800534c       0x3c Src/uavcan.o
                0x000000000800534c                publishCanard
 .text.makeRawAirDatadMessage
                0x0000000008005388       0xf0 Src/uavcan.o
                0x0000000008005388                makeRawAirDatadMessage
 .text.publishAirspeed
                0x0000000008005478       0x50 Src/uavcan.o
                0x0000000008005478                publishAirspeed
 .text.makeNodeStatusMessage
                0x00000000080054c8       0x60 Src/uavcan.o
                0x00000000080054c8                makeNodeStatusMessage
 .text.makeNodeInfoMessage
                0x0000000008005528       0x78 Src/uavcan.o
                0x0000000008005528                makeNodeInfoMessage
 .text.readUniqueID
                0x00000000080055a0       0x2e Src/uavcan.o
                0x00000000080055a0                readUniqueID
 *fill*         0x00000000080055ce        0x2 
 .text.rawcmdHandleCanard
                0x00000000080055d0       0x50 Src/uavcan.o
                0x00000000080055d0                rawcmdHandleCanard
 .text.getParamByIndex
                0x0000000008005620       0x30 Src/uavcan.o
                0x0000000008005620                getParamByIndex
 .text.getParamByName
                0x0000000008005650       0x70 Src/uavcan.o
                0x0000000008005650                getParamByName
 .text.encodeParamCanard
                0x00000000080056c0      0x1fe Src/uavcan.o
                0x00000000080056c0                encodeParamCanard
 *fill*         0x00000000080058be        0x2 
 .text.getsetHandleCanard
                0x00000000080058c0      0x184 Src/uavcan.o
                0x00000000080058c0                getsetHandleCanard
 .text.Reset_Handler
                0x0000000008005a44       0x48 Startup/startup_stm32f103c8tx.o
                0x0000000008005a44                Reset_Handler
 .text.Default_Handler
                0x0000000008005a8c        0x2 Startup/startup_stm32f103c8tx.o
                0x0000000008005a8c                RTC_Alarm_IRQHandler
                0x0000000008005a8c                EXTI2_IRQHandler
                0x0000000008005a8c                TIM1_CC_IRQHandler
                0x0000000008005a8c                PVD_IRQHandler
                0x0000000008005a8c                EXTI3_IRQHandler
                0x0000000008005a8c                EXTI0_IRQHandler
                0x0000000008005a8c                I2C2_EV_IRQHandler
                0x0000000008005a8c                ADC1_2_IRQHandler
                0x0000000008005a8c                SPI1_IRQHandler
                0x0000000008005a8c                TAMPER_IRQHandler
                0x0000000008005a8c                DMA1_Channel4_IRQHandler
                0x0000000008005a8c                USART3_IRQHandler
                0x0000000008005a8c                RTC_IRQHandler
                0x0000000008005a8c                DMA1_Channel7_IRQHandler
                0x0000000008005a8c                CAN1_RX1_IRQHandler
                0x0000000008005a8c                TIM4_IRQHandler
                0x0000000008005a8c                I2C1_EV_IRQHandler
                0x0000000008005a8c                DMA1_Channel6_IRQHandler
                0x0000000008005a8c                TIM3_IRQHandler
                0x0000000008005a8c                RCC_IRQHandler
                0x0000000008005a8c                TIM1_TRG_COM_IRQHandler
                0x0000000008005a8c                DMA1_Channel1_IRQHandler
                0x0000000008005a8c                Default_Handler
                0x0000000008005a8c                EXTI15_10_IRQHandler
                0x0000000008005a8c                EXTI9_5_IRQHandler
                0x0000000008005a8c                SPI2_IRQHandler
                0x0000000008005a8c                DMA1_Channel5_IRQHandler
                0x0000000008005a8c                EXTI4_IRQHandler
                0x0000000008005a8c                USB_LP_CAN1_RX0_IRQHandler
                0x0000000008005a8c                USB_HP_CAN1_TX_IRQHandler
                0x0000000008005a8c                DMA1_Channel3_IRQHandler
                0x0000000008005a8c                WWDG_IRQHandler
                0x0000000008005a8c                TIM2_IRQHandler
                0x0000000008005a8c                TIM1_BRK_IRQHandler
                0x0000000008005a8c                EXTI1_IRQHandler
                0x0000000008005a8c                USART2_IRQHandler
                0x0000000008005a8c                I2C2_ER_IRQHandler
                0x0000000008005a8c                DMA1_Channel2_IRQHandler
                0x0000000008005a8c                CAN1_SCE_IRQHandler
                0x0000000008005a8c                FLASH_IRQHandler
                0x0000000008005a8c                USART1_IRQHandler
                0x0000000008005a8c                I2C1_ER_IRQHandler
                0x0000000008005a8c                USBWakeUp_IRQHandler
 *fill*         0x0000000008005a8e        0x2 
 .text.canardInit
                0x0000000008005a90       0x88 libcanard/canard.o
                0x0000000008005a90                canardInit
 .text.canardSetLocalNodeID
                0x0000000008005b18       0x60 libcanard/canard.o
                0x0000000008005b18                canardSetLocalNodeID
 .text.canardGetLocalNodeID
                0x0000000008005b78       0x16 libcanard/canard.o
                0x0000000008005b78                canardGetLocalNodeID
 *fill*         0x0000000008005b8e        0x2 
 .text.canardBroadcast
                0x0000000008005b90      0x124 libcanard/canard.o
                0x0000000008005b90                canardBroadcast
 .text.canardRequestOrRespond
                0x0000000008005cb4       0xd8 libcanard/canard.o
                0x0000000008005cb4                canardRequestOrRespond
 .text.canardPeekTxQueue
                0x0000000008005d8c       0x24 libcanard/canard.o
                0x0000000008005d8c                canardPeekTxQueue
 .text.canardPopTxQueue
                0x0000000008005db0       0x2a libcanard/canard.o
                0x0000000008005db0                canardPopTxQueue
 *fill*         0x0000000008005dda        0x2 
 .text.canardHandleRxFrame
                0x0000000008005ddc      0x6d0 libcanard/canard.o
                0x0000000008005ddc                canardHandleRxFrame
 .text.canardDecodeScalar
                0x00000000080064ac      0x3a8 libcanard/canard.o
                0x00000000080064ac                canardDecodeScalar
 .text.canardEncodeScalar
                0x0000000008006854      0x174 libcanard/canard.o
                0x0000000008006854                canardEncodeScalar
 .text.canardReleaseRxTransferPayload
                0x00000000080069c8       0x54 libcanard/canard.o
                0x00000000080069c8                canardReleaseRxTransferPayload
 .text.canardConvertNativeFloatToFloat16
                0x0000000008006a1c       0xa8 libcanard/canard.o
                0x0000000008006a1c                canardConvertNativeFloatToFloat16
 .text.computeTransferIDForwardDistance
                0x0000000008006ac4       0x3c libcanard/canard.o
 .text.incrementTransferID
                0x0000000008006b00       0x4c libcanard/canard.o
 .text.enqueueTxFrames
                0x0000000008006b4c      0x1dc libcanard/canard.o
 .text.pushTxQueue
                0x0000000008006d28       0xc4 libcanard/canard.o
 .text.createTxItem
                0x0000000008006dec       0x2e libcanard/canard.o
 .text.isPriorityHigher
                0x0000000008006e1a       0xb6 libcanard/canard.o
 .text.prepareForNextTransfer
                0x0000000008006ed0       0x64 libcanard/canard.o
 .text.extractDataType
                0x0000000008006f34       0x42 libcanard/canard.o
 .text.extractTransferType
                0x0000000008006f76       0x48 libcanard/canard.o
 .text.traverseRxStates
                0x0000000008006fbe       0x5e libcanard/canard.o
 .text.findRxState
                0x000000000800701c       0x32 libcanard/canard.o
 .text.prependRxState
                0x000000000800704e       0x3a libcanard/canard.o
 .text.createRxState
                0x0000000008007088       0x46 libcanard/canard.o
 .text.releaseStatePayload
                0x00000000080070ce       0x50 libcanard/canard.o
 *fill*         0x000000000800711e        0x2 
 .text.bufferBlockPushBytes
                0x0000000008007120      0x1f0 libcanard/canard.o
 .text.createBufferBlock
                0x0000000008007310       0x2a libcanard/canard.o
 *fill*         0x000000000800733a        0x2 
 .text.copyBitArray
                0x000000000800733c      0x108 libcanard/canard.o
 .text.descatterTransferPayload
                0x0000000008007444      0x2f4 libcanard/canard.o
 .text.isBigEndian
                0x0000000008007738       0x20 libcanard/canard.o
 .text.swapByteOrder
                0x0000000008007758       0x7c libcanard/canard.o
 .text.crcAddByte
                0x00000000080077d4       0x5c libcanard/canard.o
 .text.crcAddSignature
                0x0000000008007830       0x5e libcanard/canard.o
 .text.crcAdd   0x000000000800788e       0x3a libcanard/canard.o
 .text.initPoolAllocator
                0x00000000080078c8       0x5a libcanard/canard.o
 .text.allocateBlock
                0x0000000008007922       0x50 libcanard/canard.o
 *fill*         0x0000000008007972        0x2 
 .text.freeBlock
                0x0000000008007974       0x54 libcanard/canard.o
 .text.isFramePriorityHigher
                0x00000000080079c8       0xb6 libcanard/drivers/stm32/canard_stm32.o
 .text.convertFrameIDCanardToRegister
                0x0000000008007a7e       0x42 libcanard/drivers/stm32/canard_stm32.o
 .text.convertFrameIDRegisterToCanard
                0x0000000008007ac0       0x46 libcanard/drivers/stm32/canard_stm32.o
 *fill*         0x0000000008007b06        0x2 
 .text.waitMSRINAKBitStateChange
                0x0000000008007b08       0x50 libcanard/drivers/stm32/canard_stm32.o
 .text.processErrorStatus
                0x0000000008007b58       0x68 libcanard/drivers/stm32/canard_stm32.o
 .text.canardSTM32Init
                0x0000000008007bc0      0x20c libcanard/drivers/stm32/canard_stm32.o
                0x0000000008007bc0                canardSTM32Init
 .text.canardSTM32Transmit
                0x0000000008007dcc      0x190 libcanard/drivers/stm32/canard_stm32.o
                0x0000000008007dcc                canardSTM32Transmit
 .text.canardSTM32Receive
                0x0000000008007f5c      0x108 libcanard/drivers/stm32/canard_stm32.o
                0x0000000008007f5c                canardSTM32Receive
 .text.__assert_func
                0x0000000008008064       0x3c /opt/st/stm32cubeide_1.2.0/plugins/com.st.stm32cube.ide.mcu.externaltools.gnu-tools-for-stm32.7-2018-q2-update.linux64_1.0.0.201904181610/tools/bin/../lib/gcc/arm-none-eabi/7.3.1/../../../../arm-none-eabi/lib/thumb/v7-m/libc_nano.a(lib_a-assert.o)
                0x0000000008008064                __assert_func
 .text.__errno  0x00000000080080a0        0xc /opt/st/stm32cubeide_1.2.0/plugins/com.st.stm32cube.ide.mcu.externaltools.gnu-tools-for-stm32.7-2018-q2-update.linux64_1.0.0.201904181610/tools/bin/../lib/gcc/arm-none-eabi/7.3.1/../../../../arm-none-eabi/lib/thumb/v7-m/libc_nano.a(lib_a-errno.o)
                0x00000000080080a0                __errno
 .text.fprintf  0x00000000080080ac       0x24 /opt/st/stm32cubeide_1.2.0/plugins/com.st.stm32cube.ide.mcu.externaltools.gnu-tools-for-stm32.7-2018-q2-update.linux64_1.0.0.201904181610/tools/bin/../lib/gcc/arm-none-eabi/7.3.1/../../../../arm-none-eabi/lib/thumb/v7-m/libc_nano.a(lib_a-fprintf.o)
                0x00000000080080ac                fprintf
                0x00000000080080ac                fiprintf
 .text.__libc_init_array
                0x00000000080080d0       0x48 /opt/st/stm32cubeide_1.2.0/plugins/com.st.stm32cube.ide.mcu.externaltools.gnu-tools-for-stm32.7-2018-q2-update.linux64_1.0.0.201904181610/tools/bin/../lib/gcc/arm-none-eabi/7.3.1/../../../../arm-none-eabi/lib/thumb/v7-m/libc_nano.a(lib_a-init.o)
                0x00000000080080d0                __libc_init_array
 .text.memcpy   0x0000000008008118       0x16 /opt/st/stm32cubeide_1.2.0/plugins/com.st.stm32cube.ide.mcu.externaltools.gnu-tools-for-stm32.7-2018-q2-update.linux64_1.0.0.201904181610/tools/bin/../lib/gcc/arm-none-eabi/7.3.1/../../../../arm-none-eabi/lib/thumb/v7-m/libc_nano.a(lib_a-memcpy-stub.o)
                0x0000000008008118                memcpy
 .text.memset   0x000000000800812e       0x10 /opt/st/stm32cubeide_1.2.0/plugins/com.st.stm32cube.ide.mcu.externaltools.gnu-tools-for-stm32.7-2018-q2-update.linux64_1.0.0.201904181610/tools/bin/../lib/gcc/arm-none-eabi/7.3.1/../../../../arm-none-eabi/lib/thumb/v7-m/libc_nano.a(lib_a-memset.o)
                0x000000000800812e                memset
 .text.__sfputc_r
                0x000000000800813e       0x2a /opt/st/stm32cubeide_1.2.0/plugins/com.st.stm32cube.ide.mcu.externaltools.gnu-tools-for-stm32.7-2018-q2-update.linux64_1.0.0.201904181610/tools/bin/../lib/gcc/arm-none-eabi/7.3.1/../../../../arm-none-eabi/lib/thumb/v7-m/libc_nano.a(lib_a-nano-vfprintf.o)
 .text.__sfputs_r
                0x0000000008008168       0x24 /opt/st/stm32cubeide_1.2.0/plugins/com.st.stm32cube.ide.mcu.externaltools.gnu-tools-for-stm32.7-2018-q2-update.linux64_1.0.0.201904181610/tools/bin/../lib/gcc/arm-none-eabi/7.3.1/../../../../arm-none-eabi/lib/thumb/v7-m/libc_nano.a(lib_a-nano-vfprintf.o)
                0x0000000008008168                __sfputs_r
 .text._vfprintf_r
                0x000000000800818c      0x22c /opt/st/stm32cubeide_1.2.0/plugins/com.st.stm32cube.ide.mcu.externaltools.gnu-tools-for-stm32.7-2018-q2-update.linux64_1.0.0.201904181610/tools/bin/../lib/gcc/arm-none-eabi/7.3.1/../../../../arm-none-eabi/lib/thumb/v7-m/libc_nano.a(lib_a-nano-vfprintf.o)
                0x000000000800818c                _vfiprintf_r
                0x000000000800818c                _vfprintf_r
 .text._printf_common
                0x00000000080083b8       0xec /opt/st/stm32cubeide_1.2.0/plugins/com.st.stm32cube.ide.mcu.externaltools.gnu-tools-for-stm32.7-2018-q2-update.linux64_1.0.0.201904181610/tools/bin/../lib/gcc/arm-none-eabi/7.3.1/../../../../arm-none-eabi/lib/thumb/v7-m/libc_nano.a(lib_a-nano-vfprintf_i.o)
                0x00000000080083b8                _printf_common
 .text._printf_i
                0x00000000080084a4      0x224 /opt/st/stm32cubeide_1.2.0/plugins/com.st.stm32cube.ide.mcu.externaltools.gnu-tools-for-stm32.7-2018-q2-update.linux64_1.0.0.201904181610/tools/bin/../lib/gcc/arm-none-eabi/7.3.1/../../../../arm-none-eabi/lib/thumb/v7-m/libc_nano.a(lib_a-nano-vfprintf_i.o)
                0x00000000080084a4                _printf_i
 .text.strncmp  0x00000000080086c8       0x24 /opt/st/stm32cubeide_1.2.0/plugins/com.st.stm32cube.ide.mcu.externaltools.gnu-tools-for-stm32.7-2018-q2-update.linux64_1.0.0.201904181610/tools/bin/../lib/gcc/arm-none-eabi/7.3.1/../../../../arm-none-eabi/lib/thumb/v7-m/libc_nano.a(lib_a-strncmp.o)
                0x00000000080086c8                strncmp
 .text.__swbuf_r
                0x00000000080086ec       0xa4 /opt/st/stm32cubeide_1.2.0/plugins/com.st.stm32cube.ide.mcu.externaltools.gnu-tools-for-stm32.7-2018-q2-update.linux64_1.0.0.201904181610/tools/bin/../lib/gcc/arm-none-eabi/7.3.1/../../../../arm-none-eabi/lib/thumb/v7-m/libc_nano.a(lib_a-wbuf.o)
                0x00000000080086ec                __swbuf_r
 .text.__swsetup_r
                0x0000000008008790       0xdc /opt/st/stm32cubeide_1.2.0/plugins/com.st.stm32cube.ide.mcu.externaltools.gnu-tools-for-stm32.7-2018-q2-update.linux64_1.0.0.201904181610/tools/bin/../lib/gcc/arm-none-eabi/7.3.1/../../../../arm-none-eabi/lib/thumb/v7-m/libc_nano.a(lib_a-wsetup.o)
                0x0000000008008790                __swsetup_r
 .text.abort    0x000000000800886c        0xe /opt/st/stm32cubeide_1.2.0/plugins/com.st.stm32cube.ide.mcu.externaltools.gnu-tools-for-stm32.7-2018-q2-update.linux64_1.0.0.201904181610/tools/bin/../lib/gcc/arm-none-eabi/7.3.1/../../../../arm-none-eabi/lib/thumb/v7-m/libc_nano.a(lib_a-abort.o)
                0x000000000800886c                abort
 *fill*         0x000000000800887a        0x2 
 .text.__sflush_r
                0x000000000800887c      0x10c /opt/st/stm32cubeide_1.2.0/plugins/com.st.stm32cube.ide.mcu.externaltools.gnu-tools-for-stm32.7-2018-q2-update.linux64_1.0.0.201904181610/tools/bin/../lib/gcc/arm-none-eabi/7.3.1/../../../../arm-none-eabi/lib/thumb/v7-m/libc_nano.a(lib_a-fflush.o)
                0x000000000800887c                __sflush_r
 .text._fflush_r
                0x0000000008008988       0x54 /opt/st/stm32cubeide_1.2.0/plugins/com.st.stm32cube.ide.mcu.externaltools.gnu-tools-for-stm32.7-2018-q2-update.linux64_1.0.0.201904181610/tools/bin/../lib/gcc/arm-none-eabi/7.3.1/../../../../arm-none-eabi/lib/thumb/v7-m/libc_nano.a(lib_a-fflush.o)
                0x0000000008008988                _fflush_r
 .text.std      0x00000000080089dc       0x48 /opt/st/stm32cubeide_1.2.0/plugins/com.st.stm32cube.ide.mcu.externaltools.gnu-tools-for-stm32.7-2018-q2-update.linux64_1.0.0.201904181610/tools/bin/../lib/gcc/arm-none-eabi/7.3.1/../../../../arm-none-eabi/lib/thumb/v7-m/libc_nano.a(lib_a-findfp.o)
 .text._cleanup_r
                0x0000000008008a24        0xc /opt/st/stm32cubeide_1.2.0/plugins/com.st.stm32cube.ide.mcu.externaltools.gnu-tools-for-stm32.7-2018-q2-update.linux64_1.0.0.201904181610/tools/bin/../lib/gcc/arm-none-eabi/7.3.1/../../../../arm-none-eabi/lib/thumb/v7-m/libc_nano.a(lib_a-findfp.o)
                0x0000000008008a24                _cleanup_r
 .text.__sfmoreglue
                0x0000000008008a30       0x2c /opt/st/stm32cubeide_1.2.0/plugins/com.st.stm32cube.ide.mcu.externaltools.gnu-tools-for-stm32.7-2018-q2-update.linux64_1.0.0.201904181610/tools/bin/../lib/gcc/arm-none-eabi/7.3.1/../../../../arm-none-eabi/lib/thumb/v7-m/libc_nano.a(lib_a-findfp.o)
                0x0000000008008a30                __sfmoreglue
 .text.__sinit  0x0000000008008a5c       0x60 /opt/st/stm32cubeide_1.2.0/plugins/com.st.stm32cube.ide.mcu.externaltools.gnu-tools-for-stm32.7-2018-q2-update.linux64_1.0.0.201904181610/tools/bin/../lib/gcc/arm-none-eabi/7.3.1/../../../../arm-none-eabi/lib/thumb/v7-m/libc_nano.a(lib_a-findfp.o)
                0x0000000008008a5c                __sinit
 .text.__sfp    0x0000000008008abc       0x78 /opt/st/stm32cubeide_1.2.0/plugins/com.st.stm32cube.ide.mcu.externaltools.gnu-tools-for-stm32.7-2018-q2-update.linux64_1.0.0.201904181610/tools/bin/../lib/gcc/arm-none-eabi/7.3.1/../../../../arm-none-eabi/lib/thumb/v7-m/libc_nano.a(lib_a-findfp.o)
                0x0000000008008abc                __sfp
 .text._fwalk_reent
                0x0000000008008b34       0x3c /opt/st/stm32cubeide_1.2.0/plugins/com.st.stm32cube.ide.mcu.externaltools.gnu-tools-for-stm32.7-2018-q2-update.linux64_1.0.0.201904181610/tools/bin/../lib/gcc/arm-none-eabi/7.3.1/../../../../arm-none-eabi/lib/thumb/v7-m/libc_nano.a(lib_a-fwalk.o)
                0x0000000008008b34                _fwalk_reent
 .text.__swhatbuf_r
                0x0000000008008b70       0x48 /opt/st/stm32cubeide_1.2.0/plugins/com.st.stm32cube.ide.mcu.externaltools.gnu-tools-for-stm32.7-2018-q2-update.linux64_1.0.0.201904181610/tools/bin/../lib/gcc/arm-none-eabi/7.3.1/../../../../arm-none-eabi/lib/thumb/v7-m/libc_nano.a(lib_a-makebuf.o)
                0x0000000008008b70                __swhatbuf_r
 .text.__smakebuf_r
                0x0000000008008bb8       0x80 /opt/st/stm32cubeide_1.2.0/plugins/com.st.stm32cube.ide.mcu.externaltools.gnu-tools-for-stm32.7-2018-q2-update.linux64_1.0.0.201904181610/tools/bin/../lib/gcc/arm-none-eabi/7.3.1/../../../../arm-none-eabi/lib/thumb/v7-m/libc_nano.a(lib_a-makebuf.o)
                0x0000000008008bb8                __smakebuf_r
 .text.memchr   0x0000000008008c38       0x1c /opt/st/stm32cubeide_1.2.0/plugins/com.st.stm32cube.ide.mcu.externaltools.gnu-tools-for-stm32.7-2018-q2-update.linux64_1.0.0.201904181610/tools/bin/../lib/gcc/arm-none-eabi/7.3.1/../../../../arm-none-eabi/lib/thumb/v7-m/libc_nano.a(lib_a-memchr-stub.o)
                0x0000000008008c38                memchr
 .text._free_r  0x0000000008008c54       0x98 /opt/st/stm32cubeide_1.2.0/plugins/com.st.stm32cube.ide.mcu.externaltools.gnu-tools-for-stm32.7-2018-q2-update.linux64_1.0.0.201904181610/tools/bin/../lib/gcc/arm-none-eabi/7.3.1/../../../../arm-none-eabi/lib/thumb/v7-m/libc_nano.a(lib_a-nano-freer.o)
                0x0000000008008c54                _free_r
 .text._malloc_r
                0x0000000008008cec       0xb4 /opt/st/stm32cubeide_1.2.0/plugins/com.st.stm32cube.ide.mcu.externaltools.gnu-tools-for-stm32.7-2018-q2-update.linux64_1.0.0.201904181610/tools/bin/../lib/gcc/arm-none-eabi/7.3.1/../../../../arm-none-eabi/lib/thumb/v7-m/libc_nano.a(lib_a-nano-mallocr.o)
                0x0000000008008cec                _malloc_r
 .text._sbrk_r  0x0000000008008da0       0x20 /opt/st/stm32cubeide_1.2.0/plugins/com.st.stm32cube.ide.mcu.externaltools.gnu-tools-for-stm32.7-2018-q2-update.linux64_1.0.0.201904181610/tools/bin/../lib/gcc/arm-none-eabi/7.3.1/../../../../arm-none-eabi/lib/thumb/v7-m/libc_nano.a(lib_a-sbrkr.o)
                0x0000000008008da0                _sbrk_r
 .text._raise_r
                0x0000000008008dc0       0x50 /opt/st/stm32cubeide_1.2.0/plugins/com.st.stm32cube.ide.mcu.externaltools.gnu-tools-for-stm32.7-2018-q2-update.linux64_1.0.0.201904181610/tools/bin/../lib/gcc/arm-none-eabi/7.3.1/../../../../arm-none-eabi/lib/thumb/v7-m/libc_nano.a(lib_a-signal.o)
                0x0000000008008dc0                _raise_r
 .text.raise    0x0000000008008e10       0x10 /opt/st/stm32cubeide_1.2.0/plugins/com.st.stm32cube.ide.mcu.externaltools.gnu-tools-for-stm32.7-2018-q2-update.linux64_1.0.0.201904181610/tools/bin/../lib/gcc/arm-none-eabi/7.3.1/../../../../arm-none-eabi/lib/thumb/v7-m/libc_nano.a(lib_a-signal.o)
                0x0000000008008e10                raise
 .text._kill_r  0x0000000008008e20       0x24 /opt/st/stm32cubeide_1.2.0/plugins/com.st.stm32cube.ide.mcu.externaltools.gnu-tools-for-stm32.7-2018-q2-update.linux64_1.0.0.201904181610/tools/bin/../lib/gcc/arm-none-eabi/7.3.1/../../../../arm-none-eabi/lib/thumb/v7-m/libc_nano.a(lib_a-signalr.o)
                0x0000000008008e20                _kill_r
 .text._getpid_r
                0x0000000008008e44        0x4 /opt/st/stm32cubeide_1.2.0/plugins/com.st.stm32cube.ide.mcu.externaltools.gnu-tools-for-stm32.7-2018-q2-update.linux64_1.0.0.201904181610/tools/bin/../lib/gcc/arm-none-eabi/7.3.1/../../../../arm-none-eabi/lib/thumb/v7-m/libc_nano.a(lib_a-signalr.o)
                0x0000000008008e44                _getpid_r
 .text.__sread  0x0000000008008e48       0x22 /opt/st/stm32cubeide_1.2.0/plugins/com.st.stm32cube.ide.mcu.externaltools.gnu-tools-for-stm32.7-2018-q2-update.linux64_1.0.0.201904181610/tools/bin/../lib/gcc/arm-none-eabi/7.3.1/../../../../arm-none-eabi/lib/thumb/v7-m/libc_nano.a(lib_a-stdio.o)
                0x0000000008008e48                __sread
 .text.__swrite
                0x0000000008008e6a       0x38 /opt/st/stm32cubeide_1.2.0/plugins/com.st.stm32cube.ide.mcu.externaltools.gnu-tools-for-stm32.7-2018-q2-update.linux64_1.0.0.201904181610/tools/bin/../lib/gcc/arm-none-eabi/7.3.1/../../../../arm-none-eabi/lib/thumb/v7-m/libc_nano.a(lib_a-stdio.o)
                0x0000000008008e6a                __swrite
 .text.__sseek  0x0000000008008ea2       0x24 /opt/st/stm32cubeide_1.2.0/plugins/com.st.stm32cube.ide.mcu.externaltools.gnu-tools-for-stm32.7-2018-q2-update.linux64_1.0.0.201904181610/tools/bin/../lib/gcc/arm-none-eabi/7.3.1/../../../../arm-none-eabi/lib/thumb/v7-m/libc_nano.a(lib_a-stdio.o)
                0x0000000008008ea2                __sseek
 .text.__sclose
                0x0000000008008ec6        0x8 /opt/st/stm32cubeide_1.2.0/plugins/com.st.stm32cube.ide.mcu.externaltools.gnu-tools-for-stm32.7-2018-q2-update.linux64_1.0.0.201904181610/tools/bin/../lib/gcc/arm-none-eabi/7.3.1/../../../../arm-none-eabi/lib/thumb/v7-m/libc_nano.a(lib_a-stdio.o)
                0x0000000008008ec6                __sclose
 *fill*         0x0000000008008ece        0x2 
 .text._write_r
                0x0000000008008ed0       0x24 /opt/st/stm32cubeide_1.2.0/plugins/com.st.stm32cube.ide.mcu.externaltools.gnu-tools-for-stm32.7-2018-q2-update.linux64_1.0.0.201904181610/tools/bin/../lib/gcc/arm-none-eabi/7.3.1/../../../../arm-none-eabi/lib/thumb/v7-m/libc_nano.a(lib_a-writer.o)
                0x0000000008008ed0                _write_r
 .text._close_r
                0x0000000008008ef4       0x20 /opt/st/stm32cubeide_1.2.0/plugins/com.st.stm32cube.ide.mcu.externaltools.gnu-tools-for-stm32.7-2018-q2-update.linux64_1.0.0.201904181610/tools/bin/../lib/gcc/arm-none-eabi/7.3.1/../../../../arm-none-eabi/lib/thumb/v7-m/libc_nano.a(lib_a-closer.o)
                0x0000000008008ef4                _close_r
 .text._fstat_r
                0x0000000008008f14       0x24 /opt/st/stm32cubeide_1.2.0/plugins/com.st.stm32cube.ide.mcu.externaltools.gnu-tools-for-stm32.7-2018-q2-update.linux64_1.0.0.201904181610/tools/bin/../lib/gcc/arm-none-eabi/7.3.1/../../../../arm-none-eabi/lib/thumb/v7-m/libc_nano.a(lib_a-fstatr.o)
                0x0000000008008f14                _fstat_r
 .text._isatty_r
                0x0000000008008f38       0x20 /opt/st/stm32cubeide_1.2.0/plugins/com.st.stm32cube.ide.mcu.externaltools.gnu-tools-for-stm32.7-2018-q2-update.linux64_1.0.0.201904181610/tools/bin/../lib/gcc/arm-none-eabi/7.3.1/../../../../arm-none-eabi/lib/thumb/v7-m/libc_nano.a(lib_a-isattyr.o)
                0x0000000008008f38                _isatty_r
 .text._lseek_r
                0x0000000008008f58       0x24 /opt/st/stm32cubeide_1.2.0/plugins/com.st.stm32cube.ide.mcu.externaltools.gnu-tools-for-stm32.7-2018-q2-update.linux64_1.0.0.201904181610/tools/bin/../lib/gcc/arm-none-eabi/7.3.1/../../../../arm-none-eabi/lib/thumb/v7-m/libc_nano.a(lib_a-lseekr.o)
                0x0000000008008f58                _lseek_r
 .text.__malloc_lock
                0x0000000008008f7c        0x2 /opt/st/stm32cubeide_1.2.0/plugins/com.st.stm32cube.ide.mcu.externaltools.gnu-tools-for-stm32.7-2018-q2-update.linux64_1.0.0.201904181610/tools/bin/../lib/gcc/arm-none-eabi/7.3.1/../../../../arm-none-eabi/lib/thumb/v7-m/libc_nano.a(lib_a-mlock.o)
                0x0000000008008f7c                __malloc_lock
 .text.__malloc_unlock
                0x0000000008008f7e        0x2 /opt/st/stm32cubeide_1.2.0/plugins/com.st.stm32cube.ide.mcu.externaltools.gnu-tools-for-stm32.7-2018-q2-update.linux64_1.0.0.201904181610/tools/bin/../lib/gcc/arm-none-eabi/7.3.1/../../../../arm-none-eabi/lib/thumb/v7-m/libc_nano.a(lib_a-mlock.o)
                0x0000000008008f7e                __malloc_unlock
 .text._read_r  0x0000000008008f80       0x24 /opt/st/stm32cubeide_1.2.0/plugins/com.st.stm32cube.ide.mcu.externaltools.gnu-tools-for-stm32.7-2018-q2-update.linux64_1.0.0.201904181610/tools/bin/../lib/gcc/arm-none-eabi/7.3.1/../../../../arm-none-eabi/lib/thumb/v7-m/libc_nano.a(lib_a-readr.o)
                0x0000000008008f80                _read_r
 *(.glue_7)
 .glue_7        0x0000000008008fa4        0x0 linker stubs
 *(.glue_7t)
 .glue_7t       0x0000000008008fa4        0x0 linker stubs
 *(.eh_frame)
 .eh_frame      0x0000000008008fa4        0x0 /opt/st/stm32cubeide_1.2.0/plugins/com.st.stm32cube.ide.mcu.externaltools.gnu-tools-for-stm32.7-2018-q2-update.linux64_1.0.0.201904181610/tools/bin/../lib/gcc/arm-none-eabi/7.3.1/thumb/v7-m/crtbegin.o
 *(.init)
 .init          0x0000000008008fa4        0x4 /opt/st/stm32cubeide_1.2.0/plugins/com.st.stm32cube.ide.mcu.externaltools.gnu-tools-for-stm32.7-2018-q2-update.linux64_1.0.0.201904181610/tools/bin/../lib/gcc/arm-none-eabi/7.3.1/thumb/v7-m/crti.o
                0x0000000008008fa4                _init
 .init          0x0000000008008fa8        0x8 /opt/st/stm32cubeide_1.2.0/plugins/com.st.stm32cube.ide.mcu.externaltools.gnu-tools-for-stm32.7-2018-q2-update.linux64_1.0.0.201904181610/tools/bin/../lib/gcc/arm-none-eabi/7.3.1/thumb/v7-m/crtn.o
 *(.fini)
 .fini          0x0000000008008fb0        0x4 /opt/st/stm32cubeide_1.2.0/plugins/com.st.stm32cube.ide.mcu.externaltools.gnu-tools-for-stm32.7-2018-q2-update.linux64_1.0.0.201904181610/tools/bin/../lib/gcc/arm-none-eabi/7.3.1/thumb/v7-m/crti.o
                0x0000000008008fb0                _fini
 .fini          0x0000000008008fb4        0x8 /opt/st/stm32cubeide_1.2.0/plugins/com.st.stm32cube.ide.mcu.externaltools.gnu-tools-for-stm32.7-2018-q2-update.linux64_1.0.0.201904181610/tools/bin/../lib/gcc/arm-none-eabi/7.3.1/thumb/v7-m/crtn.o
                0x0000000008008fbc                . = ALIGN (0x4)
                0x0000000008008fbc                _etext = .

.vfp11_veneer   0x0000000008008fbc        0x0
 .vfp11_veneer  0x0000000008008fbc        0x0 linker stubs

.v4_bx          0x0000000008008fbc        0x0
 .v4_bx         0x0000000008008fbc        0x0 linker stubs

.iplt           0x0000000008008fbc        0x0
 .iplt          0x0000000008008fbc        0x0 /opt/st/stm32cubeide_1.2.0/plugins/com.st.stm32cube.ide.mcu.externaltools.gnu-tools-for-stm32.7-2018-q2-update.linux64_1.0.0.201904181610/tools/bin/../lib/gcc/arm-none-eabi/7.3.1/thumb/v7-m/crtbegin.o

.rodata         0x0000000008008fbc      0x8d0
                0x0000000008008fbc                . = ALIGN (0x4)
 *(.rodata)
 .rodata        0x0000000008008fbc       0x12 Drivers/STM32F1xx_HAL_Driver/Src/stm32f1xx_hal_rcc.o
 *fill*         0x0000000008008fce        0x2 
 .rodata        0x0000000008008fd0        0x5 Middlewares/Third_Party/FreeRTOS/Source/tasks.o
 *fill*         0x0000000008008fd5        0x3 
 .rodata        0x0000000008008fd8        0xd Middlewares/Third_Party/FreeRTOS/Source/timers.o
 *fill*         0x0000000008008fe5        0x3 
 .rodata        0x0000000008008fe8       0x1a Src/main.o
 *fill*         0x0000000008009002        0x2 
 .rodata        0x0000000008009004       0xaf Src/uavcan.o
 *fill*         0x00000000080090b3        0x1 
 .rodata        0x00000000080090b4      0x37f libcanard/canard.o
 *fill*         0x0000000008009433        0x1 
 .rodata        0x0000000008009434       0xcf libcanard/drivers/stm32/canard_stm32.o
 *(.rodata*)
 *fill*         0x0000000008009503        0x1 
 .rodata.Task1_attributes
                0x0000000008009504       0x24 Src/main.o
                0x0000000008009504                Task1_attributes
 .rodata.Task2_attributes
                0x0000000008009528       0x24 Src/main.o
                0x0000000008009528                Task2_attributes
 .rodata.uartMutex_attributes
                0x000000000800954c       0x10 Src/main.o
                0x000000000800954c                uartMutex_attributes
 .rodata.AHBPrescTable
                0x000000000800955c       0x10 Src/system_stm32f1xx.o
                0x000000000800955c                AHBPrescTable
 .rodata.APBPrescTable
                0x000000000800956c        0x8 Src/system_stm32f1xx.o
                0x000000000800956c                APBPrescTable
 .rodata.sine_wave
                0x0000000008009574      0x100 Src/uavcan.o
 .rodata.__func__.5955
                0x0000000008009674       0x1d Src/uavcan.o
 .rodata.MaxBS1.5956
                0x0000000008009691        0x1 Src/uavcan.o
 .rodata.MaxBS2.5957
                0x0000000008009692        0x1 Src/uavcan.o
 *fill*         0x0000000008009693        0x1 
 .rodata.MaxSamplePointLocationPermill.5959
                0x0000000008009694        0x2 Src/uavcan.o
 *fill*         0x0000000008009696        0x2 
 .rodata.__func__.4782
                0x0000000008009698        0xb libcanard/canard.o
 *fill*         0x00000000080096a3        0x1 
 .rodata.__func__.4792
                0x00000000080096a4       0x15 libcanard/canard.o
 *fill*         0x00000000080096b9        0x1 
 .rodata.DTIDMask.4807
                0x00000000080096ba        0x2 libcanard/canard.o
 .rodata.__func__.4845
                0x00000000080096bc       0x14 libcanard/canard.o
 .rodata.__func__.4900
                0x00000000080096d0       0x13 libcanard/canard.o
 *fill*         0x00000000080096e3        0x1 
 .rodata.__func__.4908
                0x00000000080096e4       0x13 libcanard/canard.o
 *fill*         0x00000000080096f7        0x1 
 .rodata.__func__.4962
                0x00000000080096f8       0x14 libcanard/canard.o
 .rodata.__func__.4971
                0x000000000800970c       0x10 libcanard/canard.o
 .rodata.__func__.4989
                0x000000000800971c        0xc libcanard/canard.o
 .rodata.__func__.5014
                0x0000000008009728       0x17 libcanard/canard.o
 *fill*         0x000000000800973f        0x1 
 .rodata.__func__.5090
                0x0000000008009740        0xd libcanard/canard.o
 *fill*         0x000000000800974d        0x3 
 .rodata.__func__.5107
                0x0000000008009750       0x19 libcanard/canard.o
 *fill*         0x0000000008009769        0x3 
 .rodata.__func__.5133
                0x000000000800976c        0xe libcanard/canard.o
 *fill*         0x000000000800977a        0x2 
 .rodata.__func__.5184
                0x000000000800977c        0xa libcanard/canard.o
 .rodata.TimeoutMilliseconds.5212
                0x0000000008009786        0x2 libcanard/drivers/stm32/canard_stm32.o
 .rodata.__func__.5226
                0x0000000008009788       0x10 libcanard/drivers/stm32/canard_stm32.o
 .rodata.AllTME.5232
                0x0000000008009798        0x4 libcanard/drivers/stm32/canard_stm32.o
 .rodata.__func__.5238
                0x000000000800979c       0x14 libcanard/drivers/stm32/canard_stm32.o
 .rodata.RFxR.5243
                0x00000000080097b0        0x8 libcanard/drivers/stm32/canard_stm32.o
 .rodata.__assert_func.str1.1
                0x00000000080097b8       0x3c /opt/st/stm32cubeide_1.2.0/plugins/com.st.stm32cube.ide.mcu.externaltools.gnu-tools-for-stm32.7-2018-q2-update.linux64_1.0.0.201904181610/tools/bin/../lib/gcc/arm-none-eabi/7.3.1/../../../../arm-none-eabi/lib/thumb/v7-m/libc_nano.a(lib_a-assert.o)
                                         0x3d (size before relaxing)
 .rodata._global_impure_ptr
                0x00000000080097f4        0x4 /opt/st/stm32cubeide_1.2.0/plugins/com.st.stm32cube.ide.mcu.externaltools.gnu-tools-for-stm32.7-2018-q2-update.linux64_1.0.0.201904181610/tools/bin/../lib/gcc/arm-none-eabi/7.3.1/../../../../arm-none-eabi/lib/thumb/v7-m/libc_nano.a(lib_a-impure.o)
                0x00000000080097f4                _global_impure_ptr
 .rodata._vfprintf_r.str1.1
                0x00000000080097f8       0x11 /opt/st/stm32cubeide_1.2.0/plugins/com.st.stm32cube.ide.mcu.externaltools.gnu-tools-for-stm32.7-2018-q2-update.linux64_1.0.0.201904181610/tools/bin/../lib/gcc/arm-none-eabi/7.3.1/../../../../arm-none-eabi/lib/thumb/v7-m/libc_nano.a(lib_a-nano-vfprintf.o)
 .rodata._printf_i.str1.1
                0x0000000008009809       0x22 /opt/st/stm32cubeide_1.2.0/plugins/com.st.stm32cube.ide.mcu.externaltools.gnu-tools-for-stm32.7-2018-q2-update.linux64_1.0.0.201904181610/tools/bin/../lib/gcc/arm-none-eabi/7.3.1/../../../../arm-none-eabi/lib/thumb/v7-m/libc_nano.a(lib_a-nano-vfprintf_i.o)
 *fill*         0x000000000800982b        0x1 
 .rodata.__sf_fake_stderr
                0x000000000800982c       0x20 /opt/st/stm32cubeide_1.2.0/plugins/com.st.stm32cube.ide.mcu.externaltools.gnu-tools-for-stm32.7-2018-q2-update.linux64_1.0.0.201904181610/tools/bin/../lib/gcc/arm-none-eabi/7.3.1/../../../../arm-none-eabi/lib/thumb/v7-m/libc_nano.a(lib_a-findfp.o)
                0x000000000800982c                __sf_fake_stderr
 .rodata.__sf_fake_stdin
                0x000000000800984c       0x20 /opt/st/stm32cubeide_1.2.0/plugins/com.st.stm32cube.ide.mcu.externaltools.gnu-tools-for-stm32.7-2018-q2-update.linux64_1.0.0.201904181610/tools/bin/../lib/gcc/arm-none-eabi/7.3.1/../../../../arm-none-eabi/lib/thumb/v7-m/libc_nano.a(lib_a-findfp.o)
                0x000000000800984c                __sf_fake_stdin
 .rodata.__sf_fake_stdout
                0x000000000800986c       0x20 /opt/st/stm32cubeide_1.2.0/plugins/com.st.stm32cube.ide.mcu.externaltools.gnu-tools-for-stm32.7-2018-q2-update.linux64_1.0.0.201904181610/tools/bin/../lib/gcc/arm-none-eabi/7.3.1/../../../../arm-none-eabi/lib/thumb/v7-m/libc_nano.a(lib_a-findfp.o)
                0x000000000800986c                __sf_fake_stdout
                0x000000000800988c                . = ALIGN (0x4)

.rel.dyn        0x000000000800988c        0x0
 .rel.iplt      0x000000000800988c        0x0 /opt/st/stm32cubeide_1.2.0/plugins/com.st.stm32cube.ide.mcu.externaltools.gnu-tools-for-stm32.7-2018-q2-update.linux64_1.0.0.201904181610/tools/bin/../lib/gcc/arm-none-eabi/7.3.1/thumb/v7-m/crtbegin.o

.ARM.extab      0x000000000800988c        0x0
                0x000000000800988c                . = ALIGN (0x4)
 *(.ARM.extab* .gnu.linkonce.armextab.*)
                0x000000000800988c                . = ALIGN (0x4)

.ARM            0x000000000800988c        0x0
                0x000000000800988c                . = ALIGN (0x4)
                0x000000000800988c                __exidx_start = .
 *(.ARM.exidx*)
                0x000000000800988c                __exidx_end = .
                0x000000000800988c                . = ALIGN (0x4)

.preinit_array  0x000000000800988c        0x0
                0x000000000800988c                . = ALIGN (0x4)
                0x000000000800988c                PROVIDE (__preinit_array_start = .)
 *(.preinit_array*)
                0x000000000800988c                PROVIDE (__preinit_array_end = .)
                0x000000000800988c                . = ALIGN (0x4)

.init_array     0x000000000800988c        0x4
                0x000000000800988c                . = ALIGN (0x4)
                0x000000000800988c                PROVIDE (__init_array_start = .)
 *(SORT_BY_NAME(.init_array.*))
 *(.init_array*)
 .init_array    0x000000000800988c        0x4 /opt/st/stm32cubeide_1.2.0/plugins/com.st.stm32cube.ide.mcu.externaltools.gnu-tools-for-stm32.7-2018-q2-update.linux64_1.0.0.201904181610/tools/bin/../lib/gcc/arm-none-eabi/7.3.1/thumb/v7-m/crtbegin.o
                0x0000000008009890                PROVIDE (__init_array_end = .)
                0x0000000008009890                . = ALIGN (0x4)

.fini_array     0x0000000008009890        0x4
                0x0000000008009890                . = ALIGN (0x4)
                [!provide]                        PROVIDE (__fini_array_start = .)
 *(SORT_BY_NAME(.fini_array.*))
 *(.fini_array*)
 .fini_array    0x0000000008009890        0x4 /opt/st/stm32cubeide_1.2.0/plugins/com.st.stm32cube.ide.mcu.externaltools.gnu-tools-for-stm32.7-2018-q2-update.linux64_1.0.0.201904181610/tools/bin/../lib/gcc/arm-none-eabi/7.3.1/thumb/v7-m/crtbegin.o
                [!provide]                        PROVIDE (__fini_array_end = .)
                0x0000000008009894                . = ALIGN (0x4)
                0x0000000008009894                _sidata = LOADADDR (.data)

.data           0x0000000020000000       0xec load address 0x0000000008009894
                0x0000000020000000                . = ALIGN (0x4)
                0x0000000020000000                _sdata = .
 *(.data)
 *(.data*)
 .data.uwTickPrio
                0x0000000020000000        0x4 Drivers/STM32F1xx_HAL_Driver/Src/stm32f1xx_hal.o
                0x0000000020000000                uwTickPrio
 .data.uwTickFreq
                0x0000000020000004        0x1 Drivers/STM32F1xx_HAL_Driver/Src/stm32f1xx_hal.o
                0x0000000020000004                uwTickFreq
 *fill*         0x0000000020000005        0x3 
 .data.uxCriticalNesting
                0x0000000020000008        0x4 Middlewares/Third_Party/FreeRTOS/Source/portable/GCC/ARM_CM3/port.o
 .data.SystemCoreClock
                0x000000002000000c        0x4 Src/system_stm32f1xx.o
                0x000000002000000c                SystemCoreClock
 .data.parameters
                0x0000000020000010       0x78 Src/uavcan.o
                0x0000000020000010                parameters
 .data._impure_ptr
                0x0000000020000088        0x4 /opt/st/stm32cubeide_1.2.0/plugins/com.st.stm32cube.ide.mcu.externaltools.gnu-tools-for-stm32.7-2018-q2-update.linux64_1.0.0.201904181610/tools/bin/../lib/gcc/arm-none-eabi/7.3.1/../../../../arm-none-eabi/lib/thumb/v7-m/libc_nano.a(lib_a-impure.o)
                0x0000000020000088                _impure_ptr
 .data.impure_data
                0x000000002000008c       0x60 /opt/st/stm32cubeide_1.2.0/plugins/com.st.stm32cube.ide.mcu.externaltools.gnu-tools-for-stm32.7-2018-q2-update.linux64_1.0.0.201904181610/tools/bin/../lib/gcc/arm-none-eabi/7.3.1/../../../../arm-none-eabi/lib/thumb/v7-m/libc_nano.a(lib_a-impure.o)
                0x00000000200000ec                . = ALIGN (0x4)
                0x00000000200000ec                _edata = .

.igot.plt       0x00000000200000ec        0x0 load address 0x0000000008009980
 .igot.plt      0x00000000200000ec        0x0 /opt/st/stm32cubeide_1.2.0/plugins/com.st.stm32cube.ide.mcu.externaltools.gnu-tools-for-stm32.7-2018-q2-update.linux64_1.0.0.201904181610/tools/bin/../lib/gcc/arm-none-eabi/7.3.1/thumb/v7-m/crtbegin.o
                0x00000000200000ec                . = ALIGN (0x4)

.bss            0x00000000200000f0     0x1eb0 load address 0x0000000008009980
                0x00000000200000f0                _sbss = .
                0x00000000200000f0                __bss_start__ = _sbss
 *(.bss)
 .bss           0x00000000200000f0       0x1c /opt/st/stm32cubeide_1.2.0/plugins/com.st.stm32cube.ide.mcu.externaltools.gnu-tools-for-stm32.7-2018-q2-update.linux64_1.0.0.201904181610/tools/bin/../lib/gcc/arm-none-eabi/7.3.1/thumb/v7-m/crtbegin.o
 *(.bss*)
 .bss.KernelState
                0x000000002000010c        0x4 Middlewares/Third_Party/FreeRTOS/Source/CMSIS_RTOS_V2/cmsis_os2.o
 .bss.Idle_TCB  0x0000000020000110       0x5c Middlewares/Third_Party/FreeRTOS/Source/CMSIS_RTOS_V2/cmsis_os2.o
 .bss.Idle_Stack
                0x000000002000016c      0x200 Middlewares/Third_Party/FreeRTOS/Source/CMSIS_RTOS_V2/cmsis_os2.o
 .bss.Timer_TCB
                0x000000002000036c       0x5c Middlewares/Third_Party/FreeRTOS/Source/CMSIS_RTOS_V2/cmsis_os2.o
 .bss.Timer_Stack
                0x00000000200003c8      0x400 Middlewares/Third_Party/FreeRTOS/Source/CMSIS_RTOS_V2/cmsis_os2.o
 .bss.pxCurrentTCB
                0x00000000200007c8        0x4 Middlewares/Third_Party/FreeRTOS/Source/tasks.o
                0x00000000200007c8                pxCurrentTCB
 .bss.pxReadyTasksLists
                0x00000000200007cc      0x460 Middlewares/Third_Party/FreeRTOS/Source/tasks.o
 .bss.xDelayedTaskList1
                0x0000000020000c2c       0x14 Middlewares/Third_Party/FreeRTOS/Source/tasks.o
 .bss.xDelayedTaskList2
                0x0000000020000c40       0x14 Middlewares/Third_Party/FreeRTOS/Source/tasks.o
 .bss.pxDelayedTaskList
                0x0000000020000c54        0x4 Middlewares/Third_Party/FreeRTOS/Source/tasks.o
 .bss.pxOverflowDelayedTaskList
                0x0000000020000c58        0x4 Middlewares/Third_Party/FreeRTOS/Source/tasks.o
 .bss.xPendingReadyList
                0x0000000020000c5c       0x14 Middlewares/Third_Party/FreeRTOS/Source/tasks.o
 .bss.xTasksWaitingTermination
                0x0000000020000c70       0x14 Middlewares/Third_Party/FreeRTOS/Source/tasks.o
 .bss.uxDeletedTasksWaitingCleanUp
                0x0000000020000c84        0x4 Middlewares/Third_Party/FreeRTOS/Source/tasks.o
 .bss.xSuspendedTaskList
                0x0000000020000c88       0x14 Middlewares/Third_Party/FreeRTOS/Source/tasks.o
 .bss.uxCurrentNumberOfTasks
                0x0000000020000c9c        0x4 Middlewares/Third_Party/FreeRTOS/Source/tasks.o
 .bss.xTickCount
                0x0000000020000ca0        0x4 Middlewares/Third_Party/FreeRTOS/Source/tasks.o
 .bss.uxTopReadyPriority
                0x0000000020000ca4        0x4 Middlewares/Third_Party/FreeRTOS/Source/tasks.o
 .bss.xSchedulerRunning
                0x0000000020000ca8        0x4 Middlewares/Third_Party/FreeRTOS/Source/tasks.o
 .bss.uxPendedTicks
                0x0000000020000cac        0x4 Middlewares/Third_Party/FreeRTOS/Source/tasks.o
 .bss.xYieldPending
                0x0000000020000cb0        0x4 Middlewares/Third_Party/FreeRTOS/Source/tasks.o
 .bss.xNumOfOverflows
                0x0000000020000cb4        0x4 Middlewares/Third_Party/FreeRTOS/Source/tasks.o
 .bss.uxTaskNumber
                0x0000000020000cb8        0x4 Middlewares/Third_Party/FreeRTOS/Source/tasks.o
 .bss.xNextTaskUnblockTime
                0x0000000020000cbc        0x4 Middlewares/Third_Party/FreeRTOS/Source/tasks.o
 .bss.xIdleTaskHandle
                0x0000000020000cc0        0x4 Middlewares/Third_Party/FreeRTOS/Source/tasks.o
 .bss.uxSchedulerSuspended
                0x0000000020000cc4        0x4 Middlewares/Third_Party/FreeRTOS/Source/tasks.o
 .bss.xActiveTimerList1
                0x0000000020000cc8       0x14 Middlewares/Third_Party/FreeRTOS/Source/timers.o
 .bss.xActiveTimerList2
                0x0000000020000cdc       0x14 Middlewares/Third_Party/FreeRTOS/Source/timers.o
 .bss.pxCurrentTimerList
                0x0000000020000cf0        0x4 Middlewares/Third_Party/FreeRTOS/Source/timers.o
 .bss.pxOverflowTimerList
                0x0000000020000cf4        0x4 Middlewares/Third_Party/FreeRTOS/Source/timers.o
 .bss.xTimerQueue
                0x0000000020000cf8        0x4 Middlewares/Third_Party/FreeRTOS/Source/timers.o
 .bss.xTimerTaskHandle
                0x0000000020000cfc        0x4 Middlewares/Third_Party/FreeRTOS/Source/timers.o
 .bss.xLastTime.5452
                0x0000000020000d00        0x4 Middlewares/Third_Party/FreeRTOS/Source/timers.o
 .bss.ucStaticTimerQueueStorage.5503
                0x0000000020000d04       0xa0 Middlewares/Third_Party/FreeRTOS/Source/timers.o
 .bss.xStaticTimerQueue.5502
                0x0000000020000da4       0x50 Middlewares/Third_Party/FreeRTOS/Source/timers.o
 .bss.ucMaxSysCallPriority
                0x0000000020000df4        0x1 Middlewares/Third_Party/FreeRTOS/Source/portable/GCC/ARM_CM3/port.o
 *fill*         0x0000000020000df5        0x3 
 .bss.ulMaxPRIGROUPValue
                0x0000000020000df8        0x4 Middlewares/Third_Party/FreeRTOS/Source/portable/GCC/ARM_CM3/port.o
 .bss.ucHeap    0x0000000020000dfc      0xc00 Middlewares/Third_Party/FreeRTOS/Source/portable/MemMang/heap_4.o
 .bss.xStart    0x00000000200019fc        0x8 Middlewares/Third_Party/FreeRTOS/Source/portable/MemMang/heap_4.o
 .bss.pxEnd     0x0000000020001a04        0x4 Middlewares/Third_Party/FreeRTOS/Source/portable/MemMang/heap_4.o
 .bss.xFreeBytesRemaining
                0x0000000020001a08        0x4 Middlewares/Third_Party/FreeRTOS/Source/portable/MemMang/heap_4.o
 .bss.xMinimumEverFreeBytesRemaining
                0x0000000020001a0c        0x4 Middlewares/Third_Party/FreeRTOS/Source/portable/MemMang/heap_4.o
 .bss.xBlockAllocatedBit
                0x0000000020001a10        0x4 Middlewares/Third_Party/FreeRTOS/Source/portable/MemMang/heap_4.o
 .bss.heap_end.5149
                0x0000000020001a14        0x4 Src/sysmem.o
 .bss.g_canard  0x0000000020001a18       0x24 Src/uavcan.o
 .bss.g_canard_memory_pool
                0x0000000020001a3c      0x400 Src/uavcan.o
 .bss.rc_pwm    0x0000000020001e3c        0xc Src/uavcan.o
                0x0000000020001e3c                rc_pwm
 .bss.spin_time.8034
                0x0000000020001e48        0x4 Src/uavcan.o
 .bss.transfer_id.8036
                0x0000000020001e4c        0x1 Src/uavcan.o
 *fill*         0x0000000020001e4d        0x3 
 .bss.publish_time.8043
                0x0000000020001e50        0x4 Src/uavcan.o
 .bss.step.8060
                0x0000000020001e54        0x4 Src/uavcan.o
 .bss.transfer_id.8074
                0x0000000020001e58        0x1 Src/uavcan.o
 *fill*         0x0000000020001e59        0x7 
 .bss.g_stats   0x0000000020001e60       0x10 libcanard/drivers/stm32/canard_stm32.o
 .bss.g_abort_tx_on_error
                0x0000000020001e70        0x1 libcanard/drivers/stm32/canard_stm32.o
 *fill*         0x0000000020001e71        0x3 
 .bss.__malloc_free_list
                0x0000000020001e74        0x4 /opt/st/stm32cubeide_1.2.0/plugins/com.st.stm32cube.ide.mcu.externaltools.gnu-tools-for-stm32.7-2018-q2-update.linux64_1.0.0.201904181610/tools/bin/../lib/gcc/arm-none-eabi/7.3.1/../../../../arm-none-eabi/lib/thumb/v7-m/libc_nano.a(lib_a-nano-mallocr.o)
                0x0000000020001e74                __malloc_free_list
 .bss.__malloc_sbrk_start
                0x0000000020001e78        0x4 /opt/st/stm32cubeide_1.2.0/plugins/com.st.stm32cube.ide.mcu.externaltools.gnu-tools-for-stm32.7-2018-q2-update.linux64_1.0.0.201904181610/tools/bin/../lib/gcc/arm-none-eabi/7.3.1/../../../../arm-none-eabi/lib/thumb/v7-m/libc_nano.a(lib_a-nano-mallocr.o)
                0x0000000020001e78                __malloc_sbrk_start
 *(COMMON)
 COMMON         0x0000000020001e7c        0x4 Drivers/STM32F1xx_HAL_Driver/Src/stm32f1xx_hal.o
                0x0000000020001e7c                uwTick
 COMMON         0x0000000020001e80       0x40 Middlewares/Third_Party/FreeRTOS/Source/queue.o
                0x0000000020001e80                xQueueRegistry
 COMMON         0x0000000020001ec0       0x9c Src/main.o
                0x0000000020001ec0                txData
                0x0000000020001ee8                hcan
                0x0000000020001f10                Task1Handle
                0x0000000020001f14                huart1
                0x0000000020001f54                uartMutexHandle
                0x0000000020001f58                Task2Handle
 COMMON         0x0000000020001f5c       0x40 Src/stm32f1xx_hal_timebase_tim.o
                0x0000000020001f5c                htim1
 COMMON         0x0000000020001f9c        0x4 /opt/st/stm32cubeide_1.2.0/plugins/com.st.stm32cube.ide.mcu.externaltools.gnu-tools-for-stm32.7-2018-q2-update.linux64_1.0.0.201904181610/tools/bin/../lib/gcc/arm-none-eabi/7.3.1/../../../../arm-none-eabi/lib/thumb/v7-m/libc_nano.a(lib_a-reent.o)
                0x0000000020001f9c                errno
                0x0000000020001fa0                . = ALIGN (0x4)
                0x0000000020001fa0                _ebss = .
                0x0000000020001fa0                __bss_end__ = _ebss

._user_heap_stack
                0x0000000020001fa0      0x600 load address 0x0000000008009980
                0x0000000020001fa0                . = ALIGN (0x8)
                0x0000000020001fa0                PROVIDE (end = .)
                [!provide]                        PROVIDE (_end = .)
                0x00000000200021a0                . = (. + _Min_Heap_Size)
 *fill*         0x0000000020001fa0      0x200 
                0x00000000200025a0                . = (. + _Min_Stack_Size)
 *fill*         0x00000000200021a0      0x400 
                0x00000000200025a0                . = ALIGN (0x8)

/DISCARD/
 libc.a(*)
 libm.a(*)
 libgcc.a(*)

.ARM.attributes
                0x0000000000000000       0x29
 *(.ARM.attributes)
 .ARM.attributes
                0x0000000000000000       0x1d /opt/st/stm32cubeide_1.2.0/plugins/com.st.stm32cube.ide.mcu.externaltools.gnu-tools-for-stm32.7-2018-q2-update.linux64_1.0.0.201904181610/tools/bin/../lib/gcc/arm-none-eabi/7.3.1/thumb/v7-m/crti.o
 .ARM.attributes
                0x000000000000001d       0x2d /opt/st/stm32cubeide_1.2.0/plugins/com.st.stm32cube.ide.mcu.externaltools.gnu-tools-for-stm32.7-2018-q2-update.linux64_1.0.0.201904181610/tools/bin/../lib/gcc/arm-none-eabi/7.3.1/thumb/v7-m/crtbegin.o
 .ARM.attributes
                0x000000000000004a       0x33 Drivers/STM32F1xx_HAL_Driver/Src/stm32f1xx_hal.o
 .ARM.attributes
                0x000000000000007d       0x33 Drivers/STM32F1xx_HAL_Driver/Src/stm32f1xx_hal_can.o
 .ARM.attributes
                0x00000000000000b0       0x33 Drivers/STM32F1xx_HAL_Driver/Src/stm32f1xx_hal_cortex.o
 .ARM.attributes
                0x00000000000000e3       0x33 Drivers/STM32F1xx_HAL_Driver/Src/stm32f1xx_hal_gpio.o
 .ARM.attributes
                0x0000000000000116       0x33 Drivers/STM32F1xx_HAL_Driver/Src/stm32f1xx_hal_rcc.o
 .ARM.attributes
                0x0000000000000149       0x33 Drivers/STM32F1xx_HAL_Driver/Src/stm32f1xx_hal_tim.o
 .ARM.attributes
                0x000000000000017c       0x33 Drivers/STM32F1xx_HAL_Driver/Src/stm32f1xx_hal_tim_ex.o
 .ARM.attributes
                0x00000000000001af       0x33 Drivers/STM32F1xx_HAL_Driver/Src/stm32f1xx_hal_uart.o
 .ARM.attributes
                0x00000000000001e2       0x33 Middlewares/Third_Party/FreeRTOS/Source/CMSIS_RTOS_V2/cmsis_os2.o
 .ARM.attributes
                0x0000000000000215       0x33 Middlewares/Third_Party/FreeRTOS/Source/list.o
 .ARM.attributes
                0x0000000000000248       0x33 Middlewares/Third_Party/FreeRTOS/Source/queue.o
 .ARM.attributes
                0x000000000000027b       0x33 Middlewares/Third_Party/FreeRTOS/Source/tasks.o
 .ARM.attributes
                0x00000000000002ae       0x33 Middlewares/Third_Party/FreeRTOS/Source/timers.o
 .ARM.attributes
                0x00000000000002e1       0x33 Middlewares/Third_Party/FreeRTOS/Source/portable/GCC/ARM_CM3/port.o
 .ARM.attributes
                0x0000000000000314       0x33 Middlewares/Third_Party/FreeRTOS/Source/portable/MemMang/heap_4.o
 .ARM.attributes
                0x0000000000000347       0x33 Src/main.o
 .ARM.attributes
                0x000000000000037a       0x33 Src/stm32f1xx_hal_msp.o
 .ARM.attributes
                0x00000000000003ad       0x33 Src/stm32f1xx_hal_timebase_tim.o
 .ARM.attributes
                0x00000000000003e0       0x33 Src/stm32f1xx_it.o
 .ARM.attributes
                0x0000000000000413       0x33 Src/syscalls.o
 .ARM.attributes
                0x0000000000000446       0x33 Src/sysmem.o
 .ARM.attributes
                0x0000000000000479       0x33 Src/system_stm32f1xx.o
 .ARM.attributes
                0x00000000000004ac       0x33 Src/uavcan.o
 .ARM.attributes
                0x00000000000004df       0x21 Startup/startup_stm32f103c8tx.o
 .ARM.attributes
                0x0000000000000500       0x33 libcanard/canard.o
 .ARM.attributes
                0x0000000000000533       0x33 libcanard/drivers/stm32/canard_stm32.o
 .ARM.attributes
                0x0000000000000566       0x2d /opt/st/stm32cubeide_1.2.0/plugins/com.st.stm32cube.ide.mcu.externaltools.gnu-tools-for-stm32.7-2018-q2-update.linux64_1.0.0.201904181610/tools/bin/../lib/gcc/arm-none-eabi/7.3.1/../../../../arm-none-eabi/lib/thumb/v7-m/libc_nano.a(lib_a-assert.o)
 .ARM.attributes
                0x0000000000000593       0x2d /opt/st/stm32cubeide_1.2.0/plugins/com.st.stm32cube.ide.mcu.externaltools.gnu-tools-for-stm32.7-2018-q2-update.linux64_1.0.0.201904181610/tools/bin/../lib/gcc/arm-none-eabi/7.3.1/../../../../arm-none-eabi/lib/thumb/v7-m/libc_nano.a(lib_a-errno.o)
 .ARM.attributes
                0x00000000000005c0       0x2d /opt/st/stm32cubeide_1.2.0/plugins/com.st.stm32cube.ide.mcu.externaltools.gnu-tools-for-stm32.7-2018-q2-update.linux64_1.0.0.201904181610/tools/bin/../lib/gcc/arm-none-eabi/7.3.1/../../../../arm-none-eabi/lib/thumb/v7-m/libc_nano.a(lib_a-fprintf.o)
 .ARM.attributes
                0x00000000000005ed       0x2d /opt/st/stm32cubeide_1.2.0/plugins/com.st.stm32cube.ide.mcu.externaltools.gnu-tools-for-stm32.7-2018-q2-update.linux64_1.0.0.201904181610/tools/bin/../lib/gcc/arm-none-eabi/7.3.1/../../../../arm-none-eabi/lib/thumb/v7-m/libc_nano.a(lib_a-impure.o)
 .ARM.attributes
                0x000000000000061a       0x2d /opt/st/stm32cubeide_1.2.0/plugins/com.st.stm32cube.ide.mcu.externaltools.gnu-tools-for-stm32.7-2018-q2-update.linux64_1.0.0.201904181610/tools/bin/../lib/gcc/arm-none-eabi/7.3.1/../../../../arm-none-eabi/lib/thumb/v7-m/libc_nano.a(lib_a-init.o)
 .ARM.attributes
                0x0000000000000647       0x2d /opt/st/stm32cubeide_1.2.0/plugins/com.st.stm32cube.ide.mcu.externaltools.gnu-tools-for-stm32.7-2018-q2-update.linux64_1.0.0.201904181610/tools/bin/../lib/gcc/arm-none-eabi/7.3.1/../../../../arm-none-eabi/lib/thumb/v7-m/libc_nano.a(lib_a-memcpy-stub.o)
 .ARM.attributes
                0x0000000000000674       0x2d /opt/st/stm32cubeide_1.2.0/plugins/com.st.stm32cube.ide.mcu.externaltools.gnu-tools-for-stm32.7-2018-q2-update.linux64_1.0.0.201904181610/tools/bin/../lib/gcc/arm-none-eabi/7.3.1/../../../../arm-none-eabi/lib/thumb/v7-m/libc_nano.a(lib_a-memset.o)
 .ARM.attributes
                0x00000000000006a1       0x2d /opt/st/stm32cubeide_1.2.0/plugins/com.st.stm32cube.ide.mcu.externaltools.gnu-tools-for-stm32.7-2018-q2-update.linux64_1.0.0.201904181610/tools/bin/../lib/gcc/arm-none-eabi/7.3.1/../../../../arm-none-eabi/lib/thumb/v7-m/libc_nano.a(lib_a-nano-vfprintf.o)
 .ARM.attributes
                0x00000000000006ce       0x2d /opt/st/stm32cubeide_1.2.0/plugins/com.st.stm32cube.ide.mcu.externaltools.gnu-tools-for-stm32.7-2018-q2-update.linux64_1.0.0.201904181610/tools/bin/../lib/gcc/arm-none-eabi/7.3.1/../../../../arm-none-eabi/lib/thumb/v7-m/libc_nano.a(lib_a-nano-vfprintf_i.o)
 .ARM.attributes
                0x00000000000006fb       0x17 /opt/st/stm32cubeide_1.2.0/plugins/com.st.stm32cube.ide.mcu.externaltools.gnu-tools-for-stm32.7-2018-q2-update.linux64_1.0.0.201904181610/tools/bin/../lib/gcc/arm-none-eabi/7.3.1/../../../../arm-none-eabi/lib/thumb/v7-m/libc_nano.a(lib_a-strlen.o)
 .ARM.attributes
                0x0000000000000712       0x2d /opt/st/stm32cubeide_1.2.0/plugins/com.st.stm32cube.ide.mcu.externaltools.gnu-tools-for-stm32.7-2018-q2-update.linux64_1.0.0.201904181610/tools/bin/../lib/gcc/arm-none-eabi/7.3.1/../../../../arm-none-eabi/lib/thumb/v7-m/libc_nano.a(lib_a-strncmp.o)
 .ARM.attributes
                0x000000000000073f       0x2d /opt/st/stm32cubeide_1.2.0/plugins/com.st.stm32cube.ide.mcu.externaltools.gnu-tools-for-stm32.7-2018-q2-update.linux64_1.0.0.201904181610/tools/bin/../lib/gcc/arm-none-eabi/7.3.1/../../../../arm-none-eabi/lib/thumb/v7-m/libc_nano.a(lib_a-wbuf.o)
 .ARM.attributes
                0x000000000000076c       0x2d /opt/st/stm32cubeide_1.2.0/plugins/com.st.stm32cube.ide.mcu.externaltools.gnu-tools-for-stm32.7-2018-q2-update.linux64_1.0.0.201904181610/tools/bin/../lib/gcc/arm-none-eabi/7.3.1/../../../../arm-none-eabi/lib/thumb/v7-m/libc_nano.a(lib_a-wsetup.o)
 .ARM.attributes
                0x0000000000000799       0x2d /opt/st/stm32cubeide_1.2.0/plugins/com.st.stm32cube.ide.mcu.externaltools.gnu-tools-for-stm32.7-2018-q2-update.linux64_1.0.0.201904181610/tools/bin/../lib/gcc/arm-none-eabi/7.3.1/../../../../arm-none-eabi/lib/thumb/v7-m/libc_nano.a(lib_a-abort.o)
 .ARM.attributes
                0x00000000000007c6       0x2d /opt/st/stm32cubeide_1.2.0/plugins/com.st.stm32cube.ide.mcu.externaltools.gnu-tools-for-stm32.7-2018-q2-update.linux64_1.0.0.201904181610/tools/bin/../lib/gcc/arm-none-eabi/7.3.1/../../../../arm-none-eabi/lib/thumb/v7-m/libc_nano.a(lib_a-fflush.o)
 .ARM.attributes
                0x00000000000007f3       0x2d /opt/st/stm32cubeide_1.2.0/plugins/com.st.stm32cube.ide.mcu.externaltools.gnu-tools-for-stm32.7-2018-q2-update.linux64_1.0.0.201904181610/tools/bin/../lib/gcc/arm-none-eabi/7.3.1/../../../../arm-none-eabi/lib/thumb/v7-m/libc_nano.a(lib_a-findfp.o)
 .ARM.attributes
                0x0000000000000820       0x2d /opt/st/stm32cubeide_1.2.0/plugins/com.st.stm32cube.ide.mcu.externaltools.gnu-tools-for-stm32.7-2018-q2-update.linux64_1.0.0.201904181610/tools/bin/../lib/gcc/arm-none-eabi/7.3.1/../../../../arm-none-eabi/lib/thumb/v7-m/libc_nano.a(lib_a-fwalk.o)
 .ARM.attributes
                0x000000000000084d       0x2d /opt/st/stm32cubeide_1.2.0/plugins/com.st.stm32cube.ide.mcu.externaltools.gnu-tools-for-stm32.7-2018-q2-update.linux64_1.0.0.201904181610/tools/bin/../lib/gcc/arm-none-eabi/7.3.1/../../../../arm-none-eabi/lib/thumb/v7-m/libc_nano.a(lib_a-makebuf.o)
 .ARM.attributes
                0x000000000000087a       0x2d /opt/st/stm32cubeide_1.2.0/plugins/com.st.stm32cube.ide.mcu.externaltools.gnu-tools-for-stm32.7-2018-q2-update.linux64_1.0.0.201904181610/tools/bin/../lib/gcc/arm-none-eabi/7.3.1/../../../../arm-none-eabi/lib/thumb/v7-m/libc_nano.a(lib_a-memchr-stub.o)
 .ARM.attributes