Archive member included to satisfy reference by file (symbol)

/opt/st/stm32cubeide_1.2.0/plugins/com.st.stm32cube.ide.mcu.externaltools.gnu-tools-for-stm32.7-2018-q2-update.linux64_1.0.0.201904181610/tools/bin/../lib/gcc/arm-none-eabi/7.3.1/../../../../arm-none-eabi/lib/thumb/v7-m/libc_nano.a(lib_a-errno.o)
                              Src/syscalls.o (__errno)
/opt/st/stm32cubeide_1.2.0/plugins/com.st.stm32cube.ide.mcu.externaltools.gnu-tools-for-stm32.7-2018-q2-update.linux64_1.0.0.201904181610/tools/bin/../lib/gcc/arm-none-eabi/7.3.1/../../../../arm-none-eabi/lib/thumb/v7-m/libc_nano.a(lib_a-exit.o)
                              /opt/st/stm32cubeide_1.2.0/plugins/com.st.stm32cube.ide.mcu.externaltools.gnu-tools-for-stm32.7-2018-q2-update.linux64_1.0.0.201904181610/tools/bin/../lib/gcc/arm-none-eabi/7.3.1/../../../../arm-none-eabi/lib/thumb/v7-m/crt0.o (exit)
/opt/st/stm32cubeide_1.2.0/plugins/com.st.stm32cube.ide.mcu.externaltools.gnu-tools-for-stm32.7-2018-q2-update.linux64_1.0.0.201904181610/tools/bin/../lib/gcc/arm-none-eabi/7.3.1/../../../../arm-none-eabi/lib/thumb/v7-m/libc_nano.a(lib_a-impure.o)
                              /opt/st/stm32cubeide_1.2.0/plugins/com.st.stm32cube.ide.mcu.externaltools.gnu-tools-for-stm32.7-2018-q2-update.linux64_1.0.0.201904181610/tools/bin/../lib/gcc/arm-none-eabi/7.3.1/../../../../arm-none-eabi/lib/thumb/v7-m/libc_nano.a(lib_a-exit.o) (_global_impure_ptr)
/opt/st/stm32cubeide_1.2.0/plugins/com.st.stm32cube.ide.mcu.externaltools.gnu-tools-for-stm32.7-2018-q2-update.linux64_1.0.0.201904181610/tools/bin/../lib/gcc/arm-none-eabi/7.3.1/../../../../arm-none-eabi/lib/thumb/v7-m/libc_nano.a(lib_a-init.o)
                              /opt/st/stm32cubeide_1.2.0/plugins/com.st.stm32cube.ide.mcu.externaltools.gnu-tools-for-stm32.7-2018-q2-update.linux64_1.0.0.201904181610/tools/bin/../lib/gcc/arm-none-eabi/7.3.1/../../../../arm-none-eabi/lib/thumb/v7-m/crt0.o (__libc_init_array)
/opt/st/stm32cubeide_1.2.0/plugins/com.st.stm32cube.ide.mcu.externaltools.gnu-tools-for-stm32.7-2018-q2-update.linux64_1.0.0.201904181610/tools/bin/../lib/gcc/arm-none-eabi/7.3.1/../../../../arm-none-eabi/lib/thumb/v7-m/libc_nano.a(lib_a-memcpy-stub.o)
                              Middlewares/Third_Party/FreeRTOS/Source/CMSIS_RTOS_V2/cmsis_os2.o (memcpy)
/opt/st/stm32cubeide_1.2.0/plugins/com.st.stm32cube.ide.mcu.externaltools.gnu-tools-for-stm32.7-2018-q2-update.linux64_1.0.0.201904181610/tools/bin/../lib/gcc/arm-none-eabi/7.3.1/../../../../arm-none-eabi/lib/thumb/v7-m/libc_nano.a(lib_a-memset.o)
                              /opt/st/stm32cubeide_1.2.0/plugins/com.st.stm32cube.ide.mcu.externaltools.gnu-tools-for-stm32.7-2018-q2-update.linux64_1.0.0.201904181610/tools/bin/../lib/gcc/arm-none-eabi/7.3.1/../../../../arm-none-eabi/lib/thumb/v7-m/crt0.o (memset)

Allocating common symbols
Common symbol       size              file

hUsbDeviceFS        0x2c4             Src/usb_device.o
txData              0x28              Src/main.o
uwTick              0x4               Drivers/STM32F1xx_HAL_Driver/Src/stm32f1xx_hal.o
xQueueRegistry      0x40              Middlewares/Third_Party/FreeRTOS/Source/queue.o
pFlash              0x20              Drivers/STM32F1xx_HAL_Driver/Src/stm32f1xx_hal_flash.o
UserRxBufferFS      0x3e8             Src/usbd_cdc_if.o
Task1Handle         0x4               Src/main.o
UserTxBufferFS      0x3e8             Src/usbd_cdc_if.o
htim1               0x40              Src/stm32f1xx_hal_timebase_tim.o
uartMutexHandle     0x4               Src/main.o
Task2Handle         0x4               Src/main.o
hpcd_USB_FS         0x26c             Src/usbd_conf.o
USBD_StrDesc        0x200             Src/usbd_desc.o

Discarded input sections

 .text          0x0000000000000000        0x0 /opt/st/stm32cubeide_1.2.0/plugins/com.st.stm32cube.ide.mcu.externaltools.gnu-tools-for-stm32.7-2018-q2-update.linux64_1.0.0.201904181610/tools/bin/../lib/gcc/arm-none-eabi/7.3.1/thumb/v7-m/crti.o
 .data          0x0000000000000000        0x0 /opt/st/stm32cubeide_1.2.0/plugins/com.st.stm32cube.ide.mcu.externaltools.gnu-tools-for-stm32.7-2018-q2-update.linux64_1.0.0.201904181610/tools/bin/../lib/gcc/arm-none-eabi/7.3.1/thumb/v7-m/crti.o
 .bss           0x0000000000000000        0x0 /opt/st/stm32cubeide_1.2.0/plugins/com.st.stm32cube.ide.mcu.externaltools.gnu-tools-for-stm32.7-2018-q2-update.linux64_1.0.0.201904181610/tools/bin/../lib/gcc/arm-none-eabi/7.3.1/thumb/v7-m/crti.o
 .data          0x0000000000000000        0x4 /opt/st/stm32cubeide_1.2.0/plugins/com.st.stm32cube.ide.mcu.externaltools.gnu-tools-for-stm32.7-2018-q2-update.linux64_1.0.0.201904181610/tools/bin/../lib/gcc/arm-none-eabi/7.3.1/thumb/v7-m/crtbegin.o
 .text          0x0000000000000000       0x74 /opt/st/stm32cubeide_1.2.0/plugins/com.st.stm32cube.ide.mcu.externaltools.gnu-tools-for-stm32.7-2018-q2-update.linux64_1.0.0.201904181610/tools/bin/../lib/gcc/arm-none-eabi/7.3.1/../../../../arm-none-eabi/lib/thumb/v7-m/crt0.o
[...]
Memory Configuration

Name             Origin             Length             Attributes
RAM              0x0000000020000000 0x0000000000005000 xrw
FLASH            0x0000000008000000 0x0000000000010000 xr
*default*        0x0000000000000000 0xffffffffffffffff

Linker script and memory map

LOAD /opt/st/stm32cubeide_1.2.0/plugins/com.st.stm32cube.ide.mcu.externaltools.gnu-tools-for-stm32.7-2018-q2-update.linux64_1.0.0.201904181610/tools/bin/../lib/gcc/arm-none-eabi/7.3.1/thumb/v7-m/crti.o
LOAD /opt/st/stm32cubeide_1.2.0/plugins/com.st.stm32cube.ide.mcu.externaltools.gnu-tools-for-stm32.7-2018-q2-update.linux64_1.0.0.201904181610/tools/bin/../lib/gcc/arm-none-eabi/7.3.1/thumb/v7-m/crtbegin.o
LOAD /opt/st/stm32cubeide_1.2.0/plugins/com.st.stm32cube.ide.mcu.externaltools.gnu-tools-for-stm32.7-2018-q2-update.linux64_1.0.0.201904181610/tools/bin/../lib/gcc/arm-none-eabi/7.3.1/../../../../arm-none-eabi/lib/thumb/v7-m/crt0.o
LOAD Drivers/STM32F1xx_HAL_Driver/Src/stm32f1xx_hal.o
LOAD Drivers/STM32F1xx_HAL_Driver/Src/stm32f1xx_hal_cortex.o
LOAD Drivers/STM32F1xx_HAL_Driver/Src/stm32f1xx_hal_dma.o
LOAD Drivers/STM32F1xx_HAL_Driver/Src/stm32f1xx_hal_exti.o
LOAD Drivers/STM32F1xx_HAL_Driver/Src/stm32f1xx_hal_flash.o
LOAD Drivers/STM32F1xx_HAL_Driver/Src/stm32f1xx_hal_flash_ex.o
LOAD Drivers/STM32F1xx_HAL_Driver/Src/stm32f1xx_hal_gpio.o
LOAD Drivers/STM32F1xx_HAL_Driver/Src/stm32f1xx_hal_gpio_ex.o
LOAD Drivers/STM32F1xx_HAL_Driver/Src/stm32f1xx_hal_pcd.o
LOAD Drivers/STM32F1xx_HAL_Driver/Src/stm32f1xx_hal_pcd_ex.o
LOAD Drivers/STM32F1xx_HAL_Driver/Src/stm32f1xx_hal_pwr.o
LOAD Drivers/STM32F1xx_HAL_Driver/Src/stm32f1xx_hal_rcc.o
LOAD Drivers/STM32F1xx_HAL_Driver/Src/stm32f1xx_hal_rcc_ex.o
LOAD Drivers/STM32F1xx_HAL_Driver/Src/stm32f1xx_hal_tim.o
LOAD Drivers/STM32F1xx_HAL_Driver/Src/stm32f1xx_hal_tim_ex.o
LOAD Drivers/STM32F1xx_HAL_Driver/Src/stm32f1xx_ll_usb.o
LOAD Middlewares/ST/STM32_USB_Device_Library/Class/CDC/Src/usbd_cdc.o
LOAD Middlewares/ST/STM32_USB_Device_Library/Core/Src/usbd_core.o
LOAD Middlewares/ST/STM32_USB_Device_Library/Core/Src/usbd_ctlreq.o
LOAD Middlewares/ST/STM32_USB_Device_Library/Core/Src/usbd_ioreq.o
LOAD Middlewares/Third_Party/FreeRTOS/Source/CMSIS_RTOS_V2/cmsis_os2.o
LOAD Middlewares/Third_Party/FreeRTOS/Source/croutine.o
LOAD Middlewares/Third_Party/FreeRTOS/Source/event_groups.o
LOAD Middlewares/Third_Party/FreeRTOS/Source/list.o
LOAD Middlewares/Third_Party/FreeRTOS/Source/queue.o
LOAD Middlewares/Third_Party/FreeRTOS/Source/stream_buffer.o
LOAD Middlewares/Third_Party/FreeRTOS/Source/tasks.o
LOAD Middlewares/Third_Party/FreeRTOS/Source/timers.o
LOAD Middlewares/Third_Party/FreeRTOS/Source/portable/GCC/ARM_CM3/port.o
LOAD Middlewares/Third_Party/FreeRTOS/Source/portable/MemMang/heap_4.o
LOAD Src/freertos.o
LOAD Src/main.o
LOAD Src/stm32f1xx_hal_msp.o
LOAD Src/stm32f1xx_hal_timebase_tim.o
LOAD Src/stm32f1xx_it.o
LOAD Src/syscalls.o
LOAD Src/sysmem.o
LOAD Src/system_stm32f1xx.o
LOAD Src/usb_device.o
LOAD Src/usbd_cdc_if.o
LOAD Src/usbd_conf.o
LOAD Src/usbd_desc.o
LOAD Startup/startup_stm32f103c8tx.o
START GROUP
LOAD /opt/st/stm32cubeide_1.2.0/plugins/com.st.stm32cube.ide.mcu.externaltools.gnu-tools-for-stm32.7-2018-q2-update.linux64_1.0.0.201904181610/tools/bin/../lib/gcc/arm-none-eabi/7.3.1/../../../../arm-none-eabi/lib/thumb/v7-m/libc_nano.a
LOAD /opt/st/stm32cubeide_1.2.0/plugins/com.st.stm32cube.ide.mcu.externaltools.gnu-tools-for-stm32.7-2018-q2-update.linux64_1.0.0.201904181610/tools/bin/../lib/gcc/arm-none-eabi/7.3.1/../../../../arm-none-eabi/lib/thumb/v7-m/libm.a
END GROUP
START GROUP
LOAD /opt/st/stm32cubeide_1.2.0/plugins/com.st.stm32cube.ide.mcu.externaltools.gnu-tools-for-stm32.7-2018-q2-update.linux64_1.0.0.201904181610/tools/bin/../lib/gcc/arm-none-eabi/7.3.1/thumb/v7-m/libgcc.a
LOAD /opt/st/stm32cubeide_1.2.0/plugins/com.st.stm32cube.ide.mcu.externaltools.gnu-tools-for-stm32.7-2018-q2-update.linux64_1.0.0.201904181610/tools/bin/../lib/gcc/arm-none-eabi/7.3.1/../../../../arm-none-eabi/lib/thumb/v7-m/libc_nano.a
END GROUP
START GROUP
LOAD /opt/st/stm32cubeide_1.2.0/plugins/com.st.stm32cube.ide.mcu.externaltools.gnu-tools-for-stm32.7-2018-q2-update.linux64_1.0.0.201904181610/tools/bin/../lib/gcc/arm-none-eabi/7.3.1/thumb/v7-m/libgcc.a
LOAD /opt/st/stm32cubeide_1.2.0/plugins/com.st.stm32cube.ide.mcu.externaltools.gnu-tools-for-stm32.7-2018-q2-update.linux64_1.0.0.201904181610/tools/bin/../lib/gcc/arm-none-eabi/7.3.1/../../../../arm-none-eabi/lib/thumb/v7-m/libc_nano.a
LOAD /opt/st/stm32cubeide_1.2.0/plugins/com.st.stm32cube.ide.mcu.externaltools.gnu-tools-for-stm32.7-2018-q2-update.linux64_1.0.0.201904181610/tools/bin/../lib/gcc/arm-none-eabi/7.3.1/../../../../arm-none-eabi/lib/thumb/v7-m/libnosys.a
END GROUP
START GROUP
LOAD /opt/st/stm32cubeide_1.2.0/plugins/com.st.stm32cube.ide.mcu.externaltools.gnu-tools-for-stm32.7-2018-q2-update.linux64_1.0.0.201904181610/tools/bin/../lib/gcc/arm-none-eabi/7.3.1/thumb/v7-m/libgcc.a
LOAD /opt/st/stm32cubeide_1.2.0/plugins/com.st.stm32cube.ide.mcu.externaltools.gnu-tools-for-stm32.7-2018-q2-update.linux64_1.0.0.201904181610/tools/bin/../lib/gcc/arm-none-eabi/7.3.1/../../../../arm-none-eabi/lib/thumb/v7-m/libc_nano.a
LOAD /opt/st/stm32cubeide_1.2.0/plugins/com.st.stm32cube.ide.mcu.externaltools.gnu-tools-for-stm32.7-2018-q2-update.linux64_1.0.0.201904181610/tools/bin/../lib/gcc/arm-none-eabi/7.3.1/../../../../arm-none-eabi/lib/thumb/v7-m/libnosys.a
END GROUP
LOAD /opt/st/stm32cubeide_1.2.0/plugins/com.st.stm32cube.ide.mcu.externaltools.gnu-tools-for-stm32.7-2018-q2-update.linux64_1.0.0.201904181610/tools/bin/../lib/gcc/arm-none-eabi/7.3.1/thumb/v7-m/crtend.o
LOAD /opt/st/stm32cubeide_1.2.0/plugins/com.st.stm32cube.ide.mcu.externaltools.gnu-tools-for-stm32.7-2018-q2-update.linux64_1.0.0.201904181610/tools/bin/../lib/gcc/arm-none-eabi/7.3.1/thumb/v7-m/crtn.o
                0x0000000020005000                _estack = (ORIGIN (RAM) + LENGTH (RAM))
                0x0000000000000200                _Min_Heap_Size = 0x200
                0x0000000000000400                _Min_Stack_Size = 0x400

.isr_vector     0x0000000008000000      0x10c
                0x0000000008000000                . = ALIGN (0x4)
 *(.isr_vector)
 .isr_vector    0x0000000008000000      0x10c Startup/startup_stm32f103c8tx.o
                0x0000000008000000                g_pfnVectors
                0x000000000800010c                . = ALIGN (0x4)

.text           0x0000000008000110     0x840c
                0x0000000008000110                . = ALIGN (0x4)
 *(.text)
 .text          0x0000000008000110       0x40 /opt/st/stm32cubeide_1.2.0/plugins/com.st.stm32cube.ide.mcu.externaltools.gnu-tools-for-stm32.7-2018-q2-update.linux64_1.0.0.201904181610/tools/bin/../lib/gcc/arm-none-eabi/7.3.1/thumb/v7-m/crtbegin.o
 *(.text*)
 .text.HAL_Init
                0x0000000008000150       0x2c Drivers/STM32F1xx_HAL_Driver/Src/stm32f1xx_hal.o
                0x0000000008000150                HAL_Init
 .text.HAL_IncTick
                0x000000000800017c       0x24 Drivers/STM32F1xx_HAL_Driver/Src/stm32f1xx_hal.o
                0x000000000800017c                HAL_IncTick
 .text.HAL_GetTick
                0x00000000080001a0       0x14 Drivers/STM32F1xx_HAL_Driver/Src/stm32f1xx_hal.o
                0x00000000080001a0                HAL_GetTick
 .text.__NVIC_SetPriorityGrouping
                0x00000000080001b4       0x48 Drivers/STM32F1xx_HAL_Driver/Src/stm32f1xx_hal_cortex.o
 .text.__NVIC_GetPriorityGrouping
                0x00000000080001fc       0x1c Drivers/STM32F1xx_HAL_Driver/Src/stm32f1xx_hal_cortex.o
 .text.__NVIC_EnableIRQ
                0x0000000008000218       0x38 Drivers/STM32F1xx_HAL_Driver/Src/stm32f1xx_hal_cortex.o
 .text.__NVIC_SetPriority
                0x0000000008000250       0x54 Drivers/STM32F1xx_HAL_Driver/Src/stm32f1xx_hal_cortex.o
 .text.NVIC_EncodePriority
                0x00000000080002a4       0x64 Drivers/STM32F1xx_HAL_Driver/Src/stm32f1xx_hal_cortex.o
 .text.HAL_NVIC_SetPriorityGrouping
                0x0000000008000308       0x16 Drivers/STM32F1xx_HAL_Driver/Src/stm32f1xx_hal_cortex.o
                0x0000000008000308                HAL_NVIC_SetPriorityGrouping
 .text.HAL_NVIC_SetPriority
                0x000000000800031e       0x38 Drivers/STM32F1xx_HAL_Driver/Src/stm32f1xx_hal_cortex.o
                0x000000000800031e                HAL_NVIC_SetPriority
 .text.HAL_NVIC_EnableIRQ
                0x0000000008000356       0x1c Drivers/STM32F1xx_HAL_Driver/Src/stm32f1xx_hal_cortex.o
                0x0000000008000356                HAL_NVIC_EnableIRQ
 *fill*         0x0000000008000372        0x2 
 .text.HAL_GPIO_Init
                0x0000000008000374      0x2b4 Drivers/STM32F1xx_HAL_Driver/Src/stm32f1xx_hal_gpio.o
                0x0000000008000374                HAL_GPIO_Init
 .text.HAL_GPIO_WritePin
                0x0000000008000628       0x30 Drivers/STM32F1xx_HAL_Driver/Src/stm32f1xx_hal_gpio.o
                0x0000000008000628                HAL_GPIO_WritePin
 .text.HAL_GPIO_TogglePin
                0x0000000008000658       0x30 Drivers/STM32F1xx_HAL_Driver/Src/stm32f1xx_hal_gpio.o
                0x0000000008000658                HAL_GPIO_TogglePin
 .text.HAL_PCD_Init
                0x0000000008000688      0x1c2 Drivers/STM32F1xx_HAL_Driver/Src/stm32f1xx_hal_pcd.o
                0x0000000008000688                HAL_PCD_Init
 .text.HAL_PCD_Start
                0x000000000800084a       0x4c Drivers/STM32F1xx_HAL_Driver/Src/stm32f1xx_hal_pcd.o
                0x000000000800084a                HAL_PCD_Start
 .text.HAL_PCD_IRQHandler
                0x0000000008000896      0x21c Drivers/STM32F1xx_HAL_Driver/Src/stm32f1xx_hal_pcd.o
                0x0000000008000896                HAL_PCD_IRQHandler
 .text.HAL_PCD_SetAddress
                0x0000000008000ab2       0x4a Drivers/STM32F1xx_HAL_Driver/Src/stm32f1xx_hal_pcd.o
                0x0000000008000ab2                HAL_PCD_SetAddress
 .text.HAL_PCD_EP_Open
                0x0000000008000afc       0xc0 Drivers/STM32F1xx_HAL_Driver/Src/stm32f1xx_hal_pcd.o
                0x0000000008000afc                HAL_PCD_EP_Open
 .text.HAL_PCD_EP_Close
                0x0000000008000bbc       0x84 Drivers/STM32F1xx_HAL_Driver/Src/stm32f1xx_hal_pcd.o
                0x0000000008000bbc                HAL_PCD_EP_Close
 .text.HAL_PCD_EP_Receive
                0x0000000008000c40       0x74 Drivers/STM32F1xx_HAL_Driver/Src/stm32f1xx_hal_pcd.o
                0x0000000008000c40                HAL_PCD_EP_Receive
 .text.HAL_PCD_EP_GetRxCount
                0x0000000008000cb4       0x28 Drivers/STM32F1xx_HAL_Driver/Src/stm32f1xx_hal_pcd.o
                0x0000000008000cb4                HAL_PCD_EP_GetRxCount
 .text.HAL_PCD_EP_Transmit
                0x0000000008000cdc       0x72 Drivers/STM32F1xx_HAL_Driver/Src/stm32f1xx_hal_pcd.o
                0x0000000008000cdc                HAL_PCD_EP_Transmit
 .text.HAL_PCD_EP_SetStall
                0x0000000008000d4e       0xb4 Drivers/STM32F1xx_HAL_Driver/Src/stm32f1xx_hal_pcd.o
                0x0000000008000d4e                HAL_PCD_EP_SetStall
 .text.HAL_PCD_EP_ClrStall
                0x0000000008000e02       0x9c Drivers/STM32F1xx_HAL_Driver/Src/stm32f1xx_hal_pcd.o
                0x0000000008000e02                HAL_PCD_EP_ClrStall
 *fill*         0x0000000008000e9e        0x2 
 .text.PCD_EP_ISR_Handler
                0x0000000008000ea0      0x534 Drivers/STM32F1xx_HAL_Driver/Src/stm32f1xx_hal_pcd.o
 .text.HAL_PCDEx_PMAConfig
                0x00000000080013d4       0x78 Drivers/STM32F1xx_HAL_Driver/Src/stm32f1xx_hal_pcd_ex.o
                0x00000000080013d4                HAL_PCDEx_PMAConfig
 .text.HAL_RCC_OscConfig
                0x000000000800144c      0x500 Drivers/STM32F1xx_HAL_Driver/Src/stm32f1xx_hal_rcc.o
                0x000000000800144c                HAL_RCC_OscConfig
 .text.HAL_RCC_ClockConfig
                0x000000000800194c      0x1d4 Drivers/STM32F1xx_HAL_Driver/Src/stm32f1xx_hal_rcc.o
                0x000000000800194c                HAL_RCC_ClockConfig
 .text.HAL_RCC_GetSysClockFreq
                0x0000000008001b20       0xc4 Drivers/STM32F1xx_HAL_Driver/Src/stm32f1xx_hal_rcc.o
                0x0000000008001b20                HAL_RCC_GetSysClockFreq
 .text.HAL_RCC_GetHCLKFreq
                0x0000000008001be4       0x14 Drivers/STM32F1xx_HAL_Driver/Src/stm32f1xx_hal_rcc.o
                0x0000000008001be4                HAL_RCC_GetHCLKFreq
 .text.HAL_RCC_GetPCLK2Freq
                0x0000000008001bf8       0x28 Drivers/STM32F1xx_HAL_Driver/Src/stm32f1xx_hal_rcc.o
                0x0000000008001bf8                HAL_RCC_GetPCLK2Freq
 .text.HAL_RCC_GetClockConfig
                0x0000000008001c20       0x60 Drivers/STM32F1xx_HAL_Driver/Src/stm32f1xx_hal_rcc.o
                0x0000000008001c20                HAL_RCC_GetClockConfig
 .text.RCC_Delay
                0x0000000008001c80       0x3c Drivers/STM32F1xx_HAL_Driver/Src/stm32f1xx_hal_rcc.o
 .text.HAL_RCCEx_PeriphCLKConfig
                0x0000000008001cbc      0x16c Drivers/STM32F1xx_HAL_Driver/Src/stm32f1xx_hal_rcc_ex.o
                0x0000000008001cbc                HAL_RCCEx_PeriphCLKConfig
 .text.HAL_TIM_Base_Init
                0x0000000008001e28       0x56 Drivers/STM32F1xx_HAL_Driver/Src/stm32f1xx_hal_tim.o
                0x0000000008001e28                HAL_TIM_Base_Init
 .text.HAL_TIM_Base_MspInit
                0x0000000008001e7e       0x12 Drivers/STM32F1xx_HAL_Driver/Src/stm32f1xx_hal_tim.o
                0x0000000008001e7e                HAL_TIM_Base_MspInit
 .text.HAL_TIM_Base_Start_IT
                0x0000000008001e90       0x46 Drivers/STM32F1xx_HAL_Driver/Src/stm32f1xx_hal_tim.o
                0x0000000008001e90                HAL_TIM_Base_Start_IT
 .text.HAL_TIM_IRQHandler
                0x0000000008001ed6      0x210 Drivers/STM32F1xx_HAL_Driver/Src/stm32f1xx_hal_tim.o
                0x0000000008001ed6                HAL_TIM_IRQHandler
 .text.HAL_TIM_OC_DelayElapsedCallback
                0x00000000080020e6       0x12 Drivers/STM32F1xx_HAL_Driver/Src/stm32f1xx_hal_tim.o
                0x00000000080020e6                HAL_TIM_OC_DelayElapsedCallback
 .text.HAL_TIM_IC_CaptureCallback
                0x00000000080020f8       0x12 Drivers/STM32F1xx_HAL_Driver/Src/stm32f1xx_hal_tim.o
                0x00000000080020f8                HAL_TIM_IC_CaptureCallback
 .text.HAL_TIM_PWM_PulseFinishedCallback
                0x000000000800210a       0x12 Drivers/STM32F1xx_HAL_Driver/Src/stm32f1xx_hal_tim.o
                0x000000000800210a                HAL_TIM_PWM_PulseFinishedCallback
 .text.HAL_TIM_TriggerCallback
                0x000000000800211c       0x12 Drivers/STM32F1xx_HAL_Driver/Src/stm32f1xx_hal_tim.o
                0x000000000800211c                HAL_TIM_TriggerCallback
 *fill*         0x000000000800212e        0x2 
 .text.TIM_Base_SetConfig
                0x0000000008002130       0xc4 Drivers/STM32F1xx_HAL_Driver/Src/stm32f1xx_hal_tim.o
                0x0000000008002130                TIM_Base_SetConfig
 .text.HAL_TIMEx_CommutCallback
                0x00000000080021f4       0x12 Drivers/STM32F1xx_HAL_Driver/Src/stm32f1xx_hal_tim_ex.o
                0x00000000080021f4                HAL_TIMEx_CommutCallback
 .text.HAL_TIMEx_BreakCallback
                0x0000000008002206       0x12 Drivers/STM32F1xx_HAL_Driver/Src/stm32f1xx_hal_tim_ex.o
                0x0000000008002206                HAL_TIMEx_BreakCallback
 .text.USB_CoreInit
                0x0000000008002218       0x20 Drivers/STM32F1xx_HAL_Driver/Src/stm32f1xx_ll_usb.o
                0x0000000008002218                USB_CoreInit
 .text.USB_EnableGlobalInt
                0x0000000008002238       0x2e Drivers/STM32F1xx_HAL_Driver/Src/stm32f1xx_ll_usb.o
                0x0000000008002238                USB_EnableGlobalInt
 .text.USB_DisableGlobalInt
                0x0000000008002266       0x38 Drivers/STM32F1xx_HAL_Driver/Src/stm32f1xx_ll_usb.o
                0x0000000008002266                USB_DisableGlobalInt
 .text.USB_SetCurrentMode
                0x000000000800229e       0x18 Drivers/STM32F1xx_HAL_Driver/Src/stm32f1xx_ll_usb.o
                0x000000000800229e                USB_SetCurrentMode
 .text.USB_DevInit
                0x00000000080022b6       0x48 Drivers/STM32F1xx_HAL_Driver/Src/stm32f1xx_ll_usb.o
                0x00000000080022b6                USB_DevInit
 *fill*         0x00000000080022fe        0x2 
 .text.USB_ActivateEndpoint
                0x0000000008002300      0x5dc Drivers/STM32F1xx_HAL_Driver/Src/stm32f1xx_ll_usb.o
                0x0000000008002300                USB_ActivateEndpoint
 .text.USB_DeactivateEndpoint
                0x00000000080028dc      0x32c Drivers/STM32F1xx_HAL_Driver/Src/stm32f1xx_ll_usb.o
                0x00000000080028dc                USB_DeactivateEndpoint
 .text.USB_EPStartXfer
                0x0000000008002c08      0x570 Drivers/STM32F1xx_HAL_Driver/Src/stm32f1xx_ll_usb.o
                0x0000000008002c08                USB_EPStartXfer
 .text.USB_EPSetStall
                0x0000000008003178       0x84 Drivers/STM32F1xx_HAL_Driver/Src/stm32f1xx_ll_usb.o
                0x0000000008003178                USB_EPSetStall
 .text.USB_EPClearStall
                0x00000000080031fc      0x128 Drivers/STM32F1xx_HAL_Driver/Src/stm32f1xx_ll_usb.o
                0x00000000080031fc                USB_EPClearStall
 .text.USB_SetDevAddress
                0x0000000008003324       0x26 Drivers/STM32F1xx_HAL_Driver/Src/stm32f1xx_ll_usb.o
                0x0000000008003324                USB_SetDevAddress
 .text.USB_DevConnect
                0x000000000800334a       0x14 Drivers/STM32F1xx_HAL_Driver/Src/stm32f1xx_ll_usb.o
                0x000000000800334a                USB_DevConnect
 .text.USB_DevDisconnect
                0x000000000800335e       0x14 Drivers/STM32F1xx_HAL_Driver/Src/stm32f1xx_ll_usb.o
                0x000000000800335e                USB_DevDisconnect
 .text.USB_ReadInterrupts
                0x0000000008003372       0x1e Drivers/STM32F1xx_HAL_Driver/Src/stm32f1xx_ll_usb.o
                0x0000000008003372                USB_ReadInterrupts
 .text.USB_EP0_OutStart
                0x0000000008003390       0x16 Drivers/STM32F1xx_HAL_Driver/Src/stm32f1xx_ll_usb.o
                0x0000000008003390                USB_EP0_OutStart
 .text.USB_WritePMA
                0x00000000080033a6       0x88 Drivers/STM32F1xx_HAL_Driver/Src/stm32f1xx_ll_usb.o
                0x00000000080033a6                USB_WritePMA
 .text.USB_ReadPMA
                0x000000000800342e       0x9e Drivers/STM32F1xx_HAL_Driver/Src/stm32f1xx_ll_usb.o
                0x000000000800342e                USB_ReadPMA
 .text.USBD_CDC_Init
                0x00000000080034cc       0xf4 Middlewares/ST/STM32_USB_Device_Library/Class/CDC/Src/usbd_cdc.o
 .text.USBD_CDC_DeInit
                0x00000000080035c0       0x6e Middlewares/ST/STM32_USB_Device_Library/Class/CDC/Src/usbd_cdc.o
 .text.USBD_CDC_Setup
                0x000000000800362e      0x140 Middlewares/ST/STM32_USB_Device_Library/Class/CDC/Src/usbd_cdc.o
 .text.USBD_CDC_DataIn
                0x000000000800376e       0xa0 Middlewares/ST/STM32_USB_Device_Library/Class/CDC/Src/usbd_cdc.o
 .text.USBD_CDC_DataOut
                0x000000000800380e       0x56 Middlewares/ST/STM32_USB_Device_Library/Class/CDC/Src/usbd_cdc.o
 .text.USBD_CDC_EP0_RxReady
                0x0000000008003864       0x50 Middlewares/ST/STM32_USB_Device_Library/Class/CDC/Src/usbd_cdc.o
 .text.USBD_CDC_GetFSCfgDesc
                0x00000000080038b4       0x20 Middlewares/ST/STM32_USB_Device_Library/Class/CDC/Src/usbd_cdc.o
 .text.USBD_CDC_GetHSCfgDesc
                0x00000000080038d4       0x20 Middlewares/ST/STM32_USB_Device_Library/Class/CDC/Src/usbd_cdc.o
 .text.USBD_CDC_GetOtherSpeedCfgDesc
                0x00000000080038f4       0x20 Middlewares/ST/STM32_USB_Device_Library/Class/CDC/Src/usbd_cdc.o
 .text.USBD_CDC_GetDeviceQualifierDescriptor
                0x0000000008003914       0x20 Middlewares/ST/STM32_USB_Device_Library/Class/CDC/Src/usbd_cdc.o
                0x0000000008003914                USBD_CDC_GetDeviceQualifierDescriptor
 .text.USBD_CDC_RegisterInterface
                0x0000000008003934       0x2c Middlewares/ST/STM32_USB_Device_Library/Class/CDC/Src/usbd_cdc.o
                0x0000000008003934                USBD_CDC_RegisterInterface
 .text.USBD_CDC_SetTxBuffer
                0x0000000008003960       0x32 Middlewares/ST/STM32_USB_Device_Library/Class/CDC/Src/usbd_cdc.o
                0x0000000008003960                USBD_CDC_SetTxBuffer
 .text.USBD_CDC_SetRxBuffer
                0x0000000008003992       0x26 Middlewares/ST/STM32_USB_Device_Library/Class/CDC/Src/usbd_cdc.o
                0x0000000008003992                USBD_CDC_SetRxBuffer
 .text.USBD_CDC_TransmitPacket
                0x00000000080039b8       0x5e Middlewares/ST/STM32_USB_Device_Library/Class/CDC/Src/usbd_cdc.o
                0x00000000080039b8                USBD_CDC_TransmitPacket
 .text.USBD_CDC_ReceivePacket
                0x0000000008003a16       0x54 Middlewares/ST/STM32_USB_Device_Library/Class/CDC/Src/usbd_cdc.o
                0x0000000008003a16                USBD_CDC_ReceivePacket
 .text.USBD_Init
                0x0000000008003a6a       0x56 Middlewares/ST/STM32_USB_Device_Library/Core/Src/usbd_core.o
                0x0000000008003a6a                USBD_Init
 .text.USBD_RegisterClass
                0x0000000008003ac0       0x32 Middlewares/ST/STM32_USB_Device_Library/Core/Src/usbd_core.o
                0x0000000008003ac0                USBD_RegisterClass
 .text.USBD_Start
                0x0000000008003af2       0x18 Middlewares/ST/STM32_USB_Device_Library/Core/Src/usbd_core.o
                0x0000000008003af2                USBD_Start
 .text.USBD_RunTestMode
                0x0000000008003b0a       0x14 Middlewares/ST/STM32_USB_Device_Library/Core/Src/usbd_core.o
                0x0000000008003b0a                USBD_RunTestMode
 .text.USBD_SetClassConfig
                0x0000000008003b1e       0x3e Middlewares/ST/STM32_USB_Device_Library/Core/Src/usbd_core.o
                0x0000000008003b1e                USBD_SetClassConfig
 .text.USBD_ClrClassConfig
                0x0000000008003b5c       0x26 Middlewares/ST/STM32_USB_Device_Library/Core/Src/usbd_core.o
                0x0000000008003b5c                USBD_ClrClassConfig
 .text.USBD_LL_SetupStage
                0x0000000008003b82       0x96 Middlewares/ST/STM32_USB_Device_Library/Core/Src/usbd_core.o
                0x0000000008003b82                USBD_LL_SetupStage
 .text.USBD_LL_DataOutStage
                0x0000000008003c18       0xe2 Middlewares/ST/STM32_USB_Device_Library/Core/Src/usbd_core.o
                0x0000000008003c18                USBD_LL_DataOutStage
 .text.USBD_LL_DataInStage
                0x0000000008003cfa      0x14a Middlewares/ST/STM32_USB_Device_Library/Core/Src/usbd_core.o
                0x0000000008003cfa                USBD_LL_DataInStage
 .text.USBD_LL_Reset
                0x0000000008003e44       0x82 Middlewares/ST/STM32_USB_Device_Library/Core/Src/usbd_core.o
                0x0000000008003e44                USBD_LL_Reset
 .text.USBD_LL_SetSpeed
                0x0000000008003ec6       0x1e Middlewares/ST/STM32_USB_Device_Library/Core/Src/usbd_core.o
                0x0000000008003ec6                USBD_LL_SetSpeed
 .text.USBD_LL_Suspend
                0x0000000008003ee4       0x28 Middlewares/ST/STM32_USB_Device_Library/Core/Src/usbd_core.o
                0x0000000008003ee4                USBD_LL_Suspend
 .text.USBD_LL_Resume
                0x0000000008003f0c       0x2a Middlewares/ST/STM32_USB_Device_Library/Core/Src/usbd_core.o
                0x0000000008003f0c                USBD_LL_Resume
 .text.USBD_LL_SOF
                0x0000000008003f36       0x34 Middlewares/ST/STM32_USB_Device_Library/Core/Src/usbd_core.o
                0x0000000008003f36                USBD_LL_SOF
 *fill*         0x0000000008003f6a        0x2 
 .text.USBD_StdDevReq
                0x0000000008003f6c       0xd4 Middlewares/ST/STM32_USB_Device_Library/Core/Src/usbd_ctlreq.o
                0x0000000008003f6c                USBD_StdDevReq
 .text.USBD_StdItfReq
                0x0000000008004040       0x8c Middlewares/ST/STM32_USB_Device_Library/Core/Src/usbd_ctlreq.o
                0x0000000008004040                USBD_StdItfReq
 .text.USBD_StdEPReq
                0x00000000080040cc      0x2ba Middlewares/ST/STM32_USB_Device_Library/Core/Src/usbd_ctlreq.o
                0x00000000080040cc                USBD_StdEPReq
 *fill*         0x0000000008004386        0x2 
 .text.USBD_GetDescriptor
                0x0000000008004388      0x2d0 Middlewares/ST/STM32_USB_Device_Library/Core/Src/usbd_ctlreq.o
 .text.USBD_SetAddress
                0x0000000008004658       0x84 Middlewares/ST/STM32_USB_Device_Library/Core/Src/usbd_ctlreq.o
 .text.USBD_SetConfig
                0x00000000080046dc      0x11c Middlewares/ST/STM32_USB_Device_Library/Core/Src/usbd_ctlreq.o
 .text.USBD_GetConfig
                0x00000000080047f8       0x68 Middlewares/ST/STM32_USB_Device_Library/Core/Src/usbd_ctlreq.o
 .text.USBD_GetStatus
                0x0000000008004860       0x66 Middlewares/ST/STM32_USB_Device_Library/Core/Src/usbd_ctlreq.o
 .text.USBD_SetFeature
                0x00000000080048c6       0x28 Middlewares/ST/STM32_USB_Device_Library/Core/Src/usbd_ctlreq.o
 .text.USBD_ClrFeature
                0x00000000080048ee       0x42 Middlewares/ST/STM32_USB_Device_Library/Core/Src/usbd_ctlreq.o
 .text.USBD_ParseSetupRequest
                0x0000000008004930       0x78 Middlewares/ST/STM32_USB_Device_Library/Core/Src/usbd_ctlreq.o
                0x0000000008004930                USBD_ParseSetupRequest
 .text.USBD_CtlError
                0x00000000080049a8       0x22 Middlewares/ST/STM32_USB_Device_Library/Core/Src/usbd_ctlreq.o
                0x00000000080049a8                USBD_CtlError
 .text.USBD_GetString
                0x00000000080049ca       0x84 Middlewares/ST/STM32_USB_Device_Library/Core/Src/usbd_ctlreq.o
                0x00000000080049ca                USBD_GetString
 .text.USBD_GetLen
                0x0000000008004a4e       0x2e Middlewares/ST/STM32_USB_Device_Library/Core/Src/usbd_ctlreq.o
 .text.USBD_CtlSendData
                0x0000000008004a7c       0x38 Middlewares/ST/STM32_USB_Device_Library/Core/Src/usbd_ioreq.o
                0x0000000008004a7c                USBD_CtlSendData
 .text.USBD_CtlContinueSendData
                0x0000000008004ab4       0x24 Middlewares/ST/STM32_USB_Device_Library/Core/Src/usbd_ioreq.o
                0x0000000008004ab4                USBD_CtlContinueSendData
 .text.USBD_CtlPrepareRx
                0x0000000008004ad8       0x3c Middlewares/ST/STM32_USB_Device_Library/Core/Src/usbd_ioreq.o
                0x0000000008004ad8                USBD_CtlPrepareRx
 .text.USBD_CtlContinueRx
                0x0000000008004b14       0x24 Middlewares/ST/STM32_USB_Device_Library/Core/Src/usbd_ioreq.o
                0x0000000008004b14                USBD_CtlContinueRx
 .text.USBD_CtlSendStatus
                0x0000000008004b38       0x26 Middlewares/ST/STM32_USB_Device_Library/Core/Src/usbd_ioreq.o
                0x0000000008004b38                USBD_CtlSendStatus
 .text.USBD_CtlReceiveStatus
                0x0000000008004b5e       0x26 Middlewares/ST/STM32_USB_Device_Library/Core/Src/usbd_ioreq.o
                0x0000000008004b5e                USBD_CtlReceiveStatus
 .text.osKernelInitialize
                0x0000000008004b84       0x64 Middlewares/Third_Party/FreeRTOS/Source/CMSIS_RTOS_V2/cmsis_os2.o
                0x0000000008004b84                osKernelInitialize
 .text.osKernelStart
                0x0000000008004be8       0x68 Middlewares/Third_Party/FreeRTOS/Source/CMSIS_RTOS_V2/cmsis_os2.o
                0x0000000008004be8                osKernelStart
 .text.osThreadNew
                0x0000000008004c50      0x154 Middlewares/Third_Party/FreeRTOS/Source/CMSIS_RTOS_V2/cmsis_os2.o
                0x0000000008004c50                osThreadNew
 .text.osDelay  0x0000000008004da4       0x5c Middlewares/Third_Party/FreeRTOS/Source/CMSIS_RTOS_V2/cmsis_os2.o
                0x0000000008004da4                osDelay
 .text.osMutexNew
                0x0000000008004e00      0x134 Middlewares/Third_Party/FreeRTOS/Source/CMSIS_RTOS_V2/cmsis_os2.o
                0x0000000008004e00                osMutexNew
 .text.vApplicationGetIdleTaskMemory
                0x0000000008004f34       0x30 Middlewares/Third_Party/FreeRTOS/Source/CMSIS_RTOS_V2/cmsis_os2.o
                0x0000000008004f34                vApplicationGetIdleTaskMemory
 .text.vApplicationGetTimerTaskMemory
                0x0000000008004f64       0x34 Middlewares/Third_Party/FreeRTOS/Source/CMSIS_RTOS_V2/cmsis_os2.o
                0x0000000008004f64                vApplicationGetTimerTaskMemory
 .text.vListInitialise
                0x0000000008004f98       0x3e Middlewares/Third_Party/FreeRTOS/Source/list.o
                0x0000000008004f98                vListInitialise
 .text.vListInitialiseItem
                0x0000000008004fd6       0x18 Middlewares/Third_Party/FreeRTOS/Source/list.o
                0x0000000008004fd6                vListInitialiseItem
 .text.vListInsertEnd
                0x0000000008004fee       0x46 Middlewares/Third_Party/FreeRTOS/Source/list.o
                0x0000000008004fee                vListInsertEnd
 .text.vListInsert
                0x0000000008005034       0x70 Middlewares/Third_Party/FreeRTOS/Source/list.o
                0x0000000008005034                vListInsert
 .text.uxListRemove
                0x00000000080050a4       0x52 Middlewares/Third_Party/FreeRTOS/Source/list.o
                0x00000000080050a4                uxListRemove
 *fill*         0x00000000080050f6        0x2 
 .text.xQueueGenericReset
                0x00000000080050f8       0xd0 Middlewares/Third_Party/FreeRTOS/Source/queue.o
                0x00000000080050f8                xQueueGenericReset
 .text.xQueueGenericCreateStatic
                0x00000000080051c8       0xe4 Middlewares/Third_Party/FreeRTOS/Source/queue.o
                0x00000000080051c8                xQueueGenericCreateStatic
 .text.xQueueGenericCreate
                0x00000000080052ac       0x7a Middlewares/Third_Party/FreeRTOS/Source/queue.o
                0x00000000080052ac                xQueueGenericCreate
 .text.prvInitialiseNewQueue
                0x0000000008005326       0x46 Middlewares/Third_Party/FreeRTOS/Source/queue.o
 .text.prvInitialiseMutex
                0x000000000800536c       0x34 Middlewares/Third_Party/FreeRTOS/Source/queue.o
 .text.xQueueCreateMutex
                0x00000000080053a0       0x30 Middlewares/Third_Party/FreeRTOS/Source/queue.o
                0x00000000080053a0                xQueueCreateMutex
 .text.xQueueCreateMutexStatic
                0x00000000080053d0       0x36 Middlewares/Third_Party/FreeRTOS/Source/queue.o
                0x00000000080053d0                xQueueCreateMutexStatic
 *fill*         0x0000000008005406        0x2 
 .text.xQueueGenericSend
                0x0000000008005408      0x1f4 Middlewares/Third_Party/FreeRTOS/Source/queue.o
                0x0000000008005408                xQueueGenericSend
 .text.xQueueGenericSendFromISR
                0x00000000080055fc      0x128 Middlewares/Third_Party/FreeRTOS/Source/queue.o
                0x00000000080055fc                xQueueGenericSendFromISR
 .text.xQueueReceive
                0x0000000008005724      0x1b8 Middlewares/Third_Party/FreeRTOS/Source/queue.o
                0x0000000008005724                xQueueReceive
 .text.prvCopyDataToQueue
                0x00000000080058dc       0xd4 Middlewares/Third_Party/FreeRTOS/Source/queue.o
 .text.prvCopyDataFromQueue
                0x00000000080059b0       0x4c Middlewares/Third_Party/FreeRTOS/Source/queue.o
 .text.prvUnlockQueue
                0x00000000080059fc       0xa4 Middlewares/Third_Party/FreeRTOS/Source/queue.o
 .text.prvIsQueueEmpty
                0x0000000008005aa0       0x2c Middlewares/Third_Party/FreeRTOS/Source/queue.o
 .text.prvIsQueueFull
                0x0000000008005acc       0x30 Middlewares/Third_Party/FreeRTOS/Source/queue.o
 .text.vQueueAddToRegistry
                0x0000000008005afc       0x50 Middlewares/Third_Party/FreeRTOS/Source/queue.o
                0x0000000008005afc                vQueueAddToRegistry
 .text.vQueueWaitForMessageRestricted
                0x0000000008005b4c       0x68 Middlewares/Third_Party/FreeRTOS/Source/queue.o
                0x0000000008005b4c                vQueueWaitForMessageRestricted
 .text.xTaskCreateStatic
                0x0000000008005bb4       0xb2 Middlewares/Third_Party/FreeRTOS/Source/tasks.o
                0x0000000008005bb4                xTaskCreateStatic
 .text.xTaskCreate
                0x0000000008005c66       0x8a Middlewares/Third_Party/FreeRTOS/Source/tasks.o
                0x0000000008005c66                xTaskCreate
 .text.prvInitialiseNewTask
                0x0000000008005cf0      0x10c Middlewares/Third_Party/FreeRTOS/Source/tasks.o
 .text.prvAddNewTaskToReadyList
                0x0000000008005dfc       0xe0 Middlewares/Third_Party/FreeRTOS/Source/tasks.o
 .text.vTaskDelay
                0x0000000008005edc       0x68 Middlewares/Third_Party/FreeRTOS/Source/tasks.o
                0x0000000008005edc                vTaskDelay
 .text.vTaskStartScheduler
                0x0000000008005f44       0xc8 Middlewares/Third_Party/FreeRTOS/Source/tasks.o
                0x0000000008005f44                vTaskStartScheduler
 .text.vTaskSuspendAll
                0x000000000800600c       0x1c Middlewares/Third_Party/FreeRTOS/Source/tasks.o
                0x000000000800600c                vTaskSuspendAll
 .text.xTaskResumeAll
                0x0000000008006028      0x138 Middlewares/Third_Party/FreeRTOS/Source/tasks.o
                0x0000000008006028                xTaskResumeAll
 .text.xTaskGetTickCount
                0x0000000008006160       0x1c Middlewares/Third_Party/FreeRTOS/Source/tasks.o
                0x0000000008006160                xTaskGetTickCount
 .text.xTaskIncrementTick
                0x000000000800617c      0x17c Middlewares/Third_Party/FreeRTOS/Source/tasks.o
                0x000000000800617c                xTaskIncrementTick
 .text.vTaskSwitchContext
                0x00000000080062f8       0xb8 Middlewares/Third_Party/FreeRTOS/Source/tasks.o
                0x00000000080062f8                vTaskSwitchContext
 .text.vTaskPlaceOnEventList
                0x00000000080063b0       0x48 Middlewares/Third_Party/FreeRTOS/Source/tasks.o
                0x00000000080063b0                vTaskPlaceOnEventList
 .text.vTaskPlaceOnEventListRestricted
                0x00000000080063f8       0x54 Middlewares/Third_Party/FreeRTOS/Source/tasks.o
                0x00000000080063f8                vTaskPlaceOnEventListRestricted
 .text.xTaskRemoveFromEventList
                0x000000000800644c       0xc4 Middlewares/Third_Party/FreeRTOS/Source/tasks.o
                0x000000000800644c                xTaskRemoveFromEventList
 .text.vTaskInternalSetTimeOutState
                0x0000000008006510       0x2c Middlewares/Third_Party/FreeRTOS/Source/tasks.o
                0x0000000008006510                vTaskInternalSetTimeOutState
 .text.xTaskCheckForTimeOut
                0x000000000800653c       0xc0 Middlewares/Third_Party/FreeRTOS/Source/tasks.o
                0x000000000800653c                xTaskCheckForTimeOut
 .text.vTaskMissedYield
                0x00000000080065fc       0x18 Middlewares/Third_Party/FreeRTOS/Source/tasks.o
                0x00000000080065fc                vTaskMissedYield
 .text.prvIdleTask
                0x0000000008006614       0x30 Middlewares/Third_Party/FreeRTOS/Source/tasks.o
 .text.prvInitialiseTaskLists
                0x0000000008006644       0x80 Middlewares/Third_Party/FreeRTOS/Source/tasks.o
 .text.prvCheckTasksWaitingTermination
                0x00000000080066c4       0x58 Middlewares/Third_Party/FreeRTOS/Source/tasks.o
 .text.prvDeleteTCB
                0x000000000800671c       0x5c Middlewares/Third_Party/FreeRTOS/Source/tasks.o
 .text.prvResetNextTaskUnblockTime
                0x0000000008006778       0x48 Middlewares/Third_Party/FreeRTOS/Source/tasks.o
 .text.xTaskGetSchedulerState
                0x00000000080067c0       0x3c Middlewares/Third_Party/FreeRTOS/Source/tasks.o
                0x00000000080067c0                xTaskGetSchedulerState
 .text.xTaskPriorityDisinherit
                0x00000000080067fc       0xd8 Middlewares/Third_Party/FreeRTOS/Source/tasks.o
                0x00000000080067fc                xTaskPriorityDisinherit
 .text.prvAddCurrentTaskToDelayedList
                0x00000000080068d4       0xa8 Middlewares/Third_Party/FreeRTOS/Source/tasks.o
 .text.xTimerCreateTimerTask
                0x000000000800697c       0x90 Middlewares/Third_Party/FreeRTOS/Source/timers.o
                0x000000000800697c                xTimerCreateTimerTask
 .text.xTimerGenericCommand
                0x0000000008006a0c       0x98 Middlewares/Third_Party/FreeRTOS/Source/timers.o
                0x0000000008006a0c                xTimerGenericCommand
 .text.prvProcessExpiredTimer
                0x0000000008006aa4       0x80 Middlewares/Third_Party/FreeRTOS/Source/timers.o
 .text.prvTimerTask
                0x0000000008006b24       0x24 Middlewares/Third_Party/FreeRTOS/Source/timers.o
 .text.prvProcessTimerOrBlockTask
                0x0000000008006b48       0x9c Middlewares/Third_Party/FreeRTOS/Source/timers.o
 .text.prvGetNextExpireTime
                0x0000000008006be4       0x48 Middlewares/Third_Party/FreeRTOS/Source/timers.o
 .text.prvSampleTimeNow
                0x0000000008006c2c       0x40 Middlewares/Third_Party/FreeRTOS/Source/timers.o
 .text.prvInsertTimerInActiveList
                0x0000000008006c6c       0x84 Middlewares/Third_Party/FreeRTOS/Source/timers.o
 .text.prvProcessReceivedCommands
                0x0000000008006cf0      0x160 Middlewares/Third_Party/FreeRTOS/Source/timers.o
 .text.prvSwitchTimerLists
                0x0000000008006e50       0xc0 Middlewares/Third_Party/FreeRTOS/Source/timers.o
 .text.prvCheckForValidListAndQueue
                0x0000000008006f10       0x80 Middlewares/Third_Party/FreeRTOS/Source/timers.o
 .text.pxPortInitialiseStack
                0x0000000008006f90       0x58 Middlewares/Third_Party/FreeRTOS/Source/portable/GCC/ARM_CM3/port.o
                0x0000000008006f90                pxPortInitialiseStack
 .text.prvTaskExitError
                0x0000000008006fe8       0x50 Middlewares/Third_Party/FreeRTOS/Source/portable/GCC/ARM_CM3/port.o
 *fill*         0x0000000008007038        0x8 
 .text.SVC_Handler
                0x0000000008007040       0x28 Middlewares/Third_Party/FreeRTOS/Source/portable/GCC/ARM_CM3/port.o
                0x0000000008007040                SVC_Handler
 .text.prvPortStartFirstTask
                0x0000000008007068       0x20 Middlewares/Third_Party/FreeRTOS/Source/portable/GCC/ARM_CM3/port.o
 .text.xPortStartScheduler
                0x0000000008007088       0xe0 Middlewares/Third_Party/FreeRTOS/Source/portable/GCC/ARM_CM3/port.o
                0x0000000008007088                xPortStartScheduler
 .text.vPortEnterCritical
                0x0000000008007168       0x5c Middlewares/Third_Party/FreeRTOS/Source/portable/GCC/ARM_CM3/port.o
                0x0000000008007168                vPortEnterCritical
 .text.vPortExitCritical
                0x00000000080071c4       0x4c Middlewares/Third_Party/FreeRTOS/Source/portable/GCC/ARM_CM3/port.o
                0x00000000080071c4                vPortExitCritical
 .text.PendSV_Handler
                0x0000000008007210       0x48 Middlewares/Third_Party/FreeRTOS/Source/portable/GCC/ARM_CM3/port.o
                0x0000000008007210                PendSV_Handler
 .text.SysTick_Handler
                0x0000000008007258       0x40 Middlewares/Third_Party/FreeRTOS/Source/portable/GCC/ARM_CM3/port.o
                0x0000000008007258                SysTick_Handler
 .text.vPortSetupTimerInterrupt
                0x0000000008007298       0x44 Middlewares/Third_Party/FreeRTOS/Source/portable/GCC/ARM_CM3/port.o
                0x0000000008007298                vPortSetupTimerInterrupt
 .text.vPortValidateInterruptPriority
                0x00000000080072dc       0x78 Middlewares/Third_Party/FreeRTOS/Source/portable/GCC/ARM_CM3/port.o
                0x00000000080072dc                vPortValidateInterruptPriority
 .text.pvPortMalloc
                0x0000000008007354      0x184 Middlewares/Third_Party/FreeRTOS/Source/portable/MemMang/heap_4.o
                0x0000000008007354                pvPortMalloc
 .text.vPortFree
                0x00000000080074d8       0xb0 Middlewares/Third_Party/FreeRTOS/Source/portable/MemMang/heap_4.o
                0x00000000080074d8                vPortFree
 .text.prvHeapInit
                0x0000000008007588       0xc4 Middlewares/Third_Party/FreeRTOS/Source/portable/MemMang/heap_4.o
 .text.prvInsertBlockIntoFreeList
                0x000000000800764c       0xb0 Middlewares/Third_Party/FreeRTOS/Source/portable/MemMang/heap_4.o
 .text.main     0x00000000080076fc       0x68 Src/main.o
                0x00000000080076fc                main
 .text.SystemClock_Config
                0x0000000008007764       0xb4 Src/main.o
                0x0000000008007764                SystemClock_Config
 .text.MX_GPIO_Init
                0x0000000008007818       0x98 Src/main.o
 .text.StartTask01
                0x00000000080078b0       0x4c Src/main.o
                0x00000000080078b0                StartTask01
 .text.StartTask02
                0x00000000080078fc       0x20 Src/main.o
                0x00000000080078fc                StartTask02
 .text.HAL_TIM_PeriodElapsedCallback
                0x000000000800791c       0x24 Src/main.o
                0x000000000800791c                HAL_TIM_PeriodElapsedCallback
 .text.Error_Handler
                0x0000000008007940        0xc Src/main.o
                0x0000000008007940                Error_Handler
 .text.HAL_MspInit
                0x000000000800794c       0x70 Src/stm32f1xx_hal_msp.o
                0x000000000800794c                HAL_MspInit
 .text.HAL_InitTick
                0x00000000080079bc       0xac Src/stm32f1xx_hal_timebase_tim.o
                0x00000000080079bc                HAL_InitTick
 .text.NMI_Handler
                0x0000000008007a68        0xc Src/stm32f1xx_it.o
                0x0000000008007a68                NMI_Handler
 .text.HardFault_Handler
                0x0000000008007a74        0x6 Src/stm32f1xx_it.o
                0x0000000008007a74                HardFault_Handler
 .text.MemManage_Handler
                0x0000000008007a7a        0x6 Src/stm32f1xx_it.o
                0x0000000008007a7a                MemManage_Handler
 .text.BusFault_Handler
                0x0000000008007a80        0x6 Src/stm32f1xx_it.o
                0x0000000008007a80                BusFault_Handler
 .text.UsageFault_Handler
                0x0000000008007a86        0x6 Src/stm32f1xx_it.o
                0x0000000008007a86                UsageFault_Handler
 .text.DebugMon_Handler
                0x0000000008007a8c        0xc Src/stm32f1xx_it.o
                0x0000000008007a8c                DebugMon_Handler
 .text.USB_LP_CAN1_RX0_IRQHandler
                0x0000000008007a98       0x14 Src/stm32f1xx_it.o
                0x0000000008007a98                USB_LP_CAN1_RX0_IRQHandler
 .text.TIM1_UP_IRQHandler
                0x0000000008007aac       0x14 Src/stm32f1xx_it.o
                0x0000000008007aac                TIM1_UP_IRQHandler
 .text.SystemInit
                0x0000000008007ac0       0x68 Src/system_stm32f1xx.o
                0x0000000008007ac0                SystemInit
 .text.MX_USB_DEVICE_Init
                0x0000000008007b28       0x60 Src/usb_device.o
                0x0000000008007b28                MX_USB_DEVICE_Init
 .text.CDC_Init_FS
                0x0000000008007b88       0x28 Src/usbd_cdc_if.o
 .text.CDC_DeInit_FS
                0x0000000008007bb0        0xe Src/usbd_cdc_if.o
 *fill*         0x0000000008007bbe        0x2 
 .text.CDC_Control_FS
                0x0000000008007bc0       0xbc Src/usbd_cdc_if.o
 .text.CDC_Receive_FS
                0x0000000008007c7c       0x28 Src/usbd_cdc_if.o
 .text.CDC_Transmit_FS
                0x0000000008007ca4       0x4c Src/usbd_cdc_if.o
                0x0000000008007ca4                CDC_Transmit_FS
 .text.HAL_PCD_MspInit
                0x0000000008007cf0       0x4c Src/usbd_conf.o
                0x0000000008007cf0                HAL_PCD_MspInit
 .text.HAL_PCD_SetupStageCallback
                0x0000000008007d3c       0x24 Src/usbd_conf.o
                0x0000000008007d3c                HAL_PCD_SetupStageCallback
 .text.HAL_PCD_DataOutStageCallback
                0x0000000008007d60       0x30 Src/usbd_conf.o
                0x0000000008007d60                HAL_PCD_DataOutStageCallback
 .text.HAL_PCD_DataInStageCallback
                0x0000000008007d90       0x2e Src/usbd_conf.o
                0x0000000008007d90                HAL_PCD_DataInStageCallback
 .text.HAL_PCD_SOFCallback
                0x0000000008007dbe       0x1c Src/usbd_conf.o
                0x0000000008007dbe                HAL_PCD_SOFCallback
 .text.HAL_PCD_ResetCallback
                0x0000000008007dda       0x3c Src/usbd_conf.o
                0x0000000008007dda                HAL_PCD_ResetCallback
 *fill*         0x0000000008007e16        0x2 
 .text.HAL_PCD_SuspendCallback
                0x0000000008007e18       0x34 Src/usbd_conf.o
                0x0000000008007e18                HAL_PCD_SuspendCallback
 .text.HAL_PCD_ResumeCallback
                0x0000000008007e4c       0x1c Src/usbd_conf.o
                0x0000000008007e4c                HAL_PCD_ResumeCallback
 .text.USBD_LL_Init
                0x0000000008007e68       0xb4 Src/usbd_conf.o
                0x0000000008007e68                USBD_LL_Init
 .text.USBD_LL_Start
                0x0000000008007f1c       0x36 Src/usbd_conf.o
                0x0000000008007f1c                USBD_LL_Start
 .text.USBD_LL_OpenEP
                0x0000000008007f52       0x4c Src/usbd_conf.o
                0x0000000008007f52                USBD_LL_OpenEP
 .text.USBD_LL_CloseEP
                0x0000000008007f9e       0x3e Src/usbd_conf.o
                0x0000000008007f9e                USBD_LL_CloseEP
 .text.USBD_LL_StallEP
                0x0000000008007fdc       0x3e Src/usbd_conf.o
                0x0000000008007fdc                USBD_LL_StallEP
 .text.USBD_LL_ClearStallEP
                0x000000000800801a       0x3e Src/usbd_conf.o
                0x000000000800801a                USBD_LL_ClearStallEP
 .text.USBD_LL_IsStallEP
                0x0000000008008058       0x4a Src/usbd_conf.o
                0x0000000008008058                USBD_LL_IsStallEP
 .text.USBD_LL_SetUSBAddress
                0x00000000080080a2       0x3e Src/usbd_conf.o
                0x00000000080080a2                USBD_LL_SetUSBAddress
 .text.USBD_LL_Transmit
                0x00000000080080e0       0x46 Src/usbd_conf.o
                0x00000000080080e0                USBD_LL_Transmit
 .text.USBD_LL_PrepareReceive
                0x0000000008008126       0x46 Src/usbd_conf.o
                0x0000000008008126                USBD_LL_PrepareReceive
 .text.USBD_LL_GetRxDataSize
                0x000000000800816c       0x26 Src/usbd_conf.o
                0x000000000800816c                USBD_LL_GetRxDataSize
 *fill*         0x0000000008008192        0x2 
 .text.USBD_static_malloc
                0x0000000008008194       0x18 Src/usbd_conf.o
                0x0000000008008194                USBD_static_malloc
 .text.USBD_static_free
                0x00000000080081ac       0x12 Src/usbd_conf.o
                0x00000000080081ac                USBD_static_free
 .text.HAL_PCDEx_SetConnectionState
                0x00000000080081be       0x16 Src/usbd_conf.o
                0x00000000080081be                HAL_PCDEx_SetConnectionState
 .text.USBD_Get_USB_Status
                0x00000000080081d4       0x58 Src/usbd_conf.o
 .text.USBD_FS_DeviceDescriptor
                0x000000000800822c       0x24 Src/usbd_desc.o
                0x000000000800822c                USBD_FS_DeviceDescriptor
 .text.USBD_FS_LangIDStrDescriptor
                0x0000000008008250       0x24 Src/usbd_desc.o
                0x0000000008008250                USBD_FS_LangIDStrDescriptor
 .text.USBD_FS_ProductStrDescriptor
                0x0000000008008274       0x3c Src/usbd_desc.o
                0x0000000008008274                USBD_FS_ProductStrDescriptor
 .text.USBD_FS_ManufacturerStrDescriptor
                0x00000000080082b0       0x28 Src/usbd_desc.o
                0x00000000080082b0                USBD_FS_ManufacturerStrDescriptor
 .text.USBD_FS_SerialStrDescriptor
                0x00000000080082d8       0x24 Src/usbd_desc.o
                0x00000000080082d8                USBD_FS_SerialStrDescriptor
 .text.USBD_FS_ConfigStrDescriptor
                0x00000000080082fc       0x3c Src/usbd_desc.o
                0x00000000080082fc                USBD_FS_ConfigStrDescriptor
 .text.USBD_FS_InterfaceStrDescriptor
                0x0000000008008338       0x3c Src/usbd_desc.o
                0x0000000008008338                USBD_FS_InterfaceStrDescriptor
 .text.Get_SerialNum
                0x0000000008008374       0x58 Src/usbd_desc.o
 .text.IntToUnicode
                0x00000000080083cc       0x7a Src/usbd_desc.o
 *fill*         0x0000000008008446        0x2 
 .text.Reset_Handler
                0x0000000008008448       0x48 Startup/startup_stm32f103c8tx.o
                0x0000000008008448                Reset_Handler
 .text.Default_Handler
                0x0000000008008490        0x2 Startup/startup_stm32f103c8tx.o
                0x0000000008008490                RTC_Alarm_IRQHandler
                0x0000000008008490                EXTI2_IRQHandler
                0x0000000008008490                TIM1_CC_IRQHandler
                0x0000000008008490                PVD_IRQHandler
                0x0000000008008490                EXTI3_IRQHandler
                0x0000000008008490                EXTI0_IRQHandler
                0x0000000008008490                I2C2_EV_IRQHandler
                0x0000000008008490                ADC1_2_IRQHandler
                0x0000000008008490                SPI1_IRQHandler
                0x0000000008008490                TAMPER_IRQHandler
                0x0000000008008490                DMA1_Channel4_IRQHandler
                0x0000000008008490                USART3_IRQHandler
                0x0000000008008490                RTC_IRQHandler
                0x0000000008008490                DMA1_Channel7_IRQHandler
                0x0000000008008490                CAN1_RX1_IRQHandler
                0x0000000008008490                TIM4_IRQHandler
                0x0000000008008490                I2C1_EV_IRQHandler
                0x0000000008008490                DMA1_Channel6_IRQHandler
                0x0000000008008490                TIM3_IRQHandler
                0x0000000008008490                RCC_IRQHandler
                0x0000000008008490                TIM1_TRG_COM_IRQHandler
                0x0000000008008490                DMA1_Channel1_IRQHandler
                0x0000000008008490                Default_Handler
                0x0000000008008490                EXTI15_10_IRQHandler
                0x0000000008008490                EXTI9_5_IRQHandler
                0x0000000008008490                SPI2_IRQHandler
                0x0000000008008490                DMA1_Channel5_IRQHandler
                0x0000000008008490                EXTI4_IRQHandler
                0x0000000008008490                USB_HP_CAN1_TX_IRQHandler
                0x0000000008008490                DMA1_Channel3_IRQHandler
                0x0000000008008490                WWDG_IRQHandler
                0x0000000008008490                TIM2_IRQHandler
                0x0000000008008490                TIM1_BRK_IRQHandler
                0x0000000008008490                EXTI1_IRQHandler
                0x0000000008008490                USART2_IRQHandler
                0x0000000008008490                I2C2_ER_IRQHandler
                0x0000000008008490                DMA1_Channel2_IRQHandler
                0x0000000008008490                CAN1_SCE_IRQHandler
                0x0000000008008490                FLASH_IRQHandler
                0x0000000008008490                USART1_IRQHandler
                0x0000000008008490                I2C1_ER_IRQHandler
                0x0000000008008490                USBWakeUp_IRQHandler
 *fill*         0x0000000008008492        0x2 
 .text.__libc_init_array
                0x0000000008008494       0x48 /opt/st/stm32cubeide_1.2.0/plugins/com.st.stm32cube.ide.mcu.externaltools.gnu-tools-for-stm32.7-2018-q2-update.linux64_1.0.0.201904181610/tools/bin/../lib/gcc/arm-none-eabi/7.3.1/../../../../arm-none-eabi/lib/thumb/v7-m/libc_nano.a(lib_a-init.o)
                0x0000000008008494                __libc_init_array
 .text.memcpy   0x00000000080084dc       0x16 /opt/st/stm32cubeide_1.2.0/plugins/com.st.stm32cube.ide.mcu.externaltools.gnu-tools-for-stm32.7-2018-q2-update.linux64_1.0.0.201904181610/tools/bin/../lib/gcc/arm-none-eabi/7.3.1/../../../../arm-none-eabi/lib/thumb/v7-m/libc_nano.a(lib_a-memcpy-stub.o)
                0x00000000080084dc                memcpy
 .text.memset   0x00000000080084f2       0x10 /opt/st/stm32cubeide_1.2.0/plugins/com.st.stm32cube.ide.mcu.externaltools.gnu-tools-for-stm32.7-2018-q2-update.linux64_1.0.0.201904181610/tools/bin/../lib/gcc/arm-none-eabi/7.3.1/../../../../arm-none-eabi/lib/thumb/v7-m/libc_nano.a(lib_a-memset.o)
                0x00000000080084f2                memset
 *(.glue_7)
 .glue_7        0x0000000008008502        0x0 linker stubs
 *(.glue_7t)
 .glue_7t       0x0000000008008502        0x0 linker stubs
 *(.eh_frame)
 *fill*         0x0000000008008502        0x2 
 .eh_frame      0x0000000008008504        0x0 /opt/st/stm32cubeide_1.2.0/plugins/com.st.stm32cube.ide.mcu.externaltools.gnu-tools-for-stm32.7-2018-q2-update.linux64_1.0.0.201904181610/tools/bin/../lib/gcc/arm-none-eabi/7.3.1/thumb/v7-m/crtbegin.o
 *(.init)
 .init          0x0000000008008504        0x4 /opt/st/stm32cubeide_1.2.0/plugins/com.st.stm32cube.ide.mcu.externaltools.gnu-tools-for-stm32.7-2018-q2-update.linux64_1.0.0.201904181610/tools/bin/../lib/gcc/arm-none-eabi/7.3.1/thumb/v7-m/crti.o
                0x0000000008008504                _init
 .init          0x0000000008008508        0x8 /opt/st/stm32cubeide_1.2.0/plugins/com.st.stm32cube.ide.mcu.externaltools.gnu-tools-for-stm32.7-2018-q2-update.linux64_1.0.0.201904181610/tools/bin/../lib/gcc/arm-none-eabi/7.3.1/thumb/v7-m/crtn.o
 *(.fini)
 .fini          0x0000000008008510        0x4 /opt/st/stm32cubeide_1.2.0/plugins/com.st.stm32cube.ide.mcu.externaltools.gnu-tools-for-stm32.7-2018-q2-update.linux64_1.0.0.201904181610/tools/bin/../lib/gcc/arm-none-eabi/7.3.1/thumb/v7-m/crti.o
                0x0000000008008510                _fini
 .fini          0x0000000008008514        0x8 /opt/st/stm32cubeide_1.2.0/plugins/com.st.stm32cube.ide.mcu.externaltools.gnu-tools-for-stm32.7-2018-q2-update.linux64_1.0.0.201904181610/tools/bin/../lib/gcc/arm-none-eabi/7.3.1/thumb/v7-m/crtn.o
                0x000000000800851c                . = ALIGN (0x4)
                0x000000000800851c                _etext = .

.vfp11_veneer   0x000000000800851c        0x0
 .vfp11_veneer  0x000000000800851c        0x0 linker stubs

.v4_bx          0x000000000800851c        0x0
 .v4_bx         0x000000000800851c        0x0 linker stubs

.iplt           0x000000000800851c        0x0
 .iplt          0x000000000800851c        0x0 /opt/st/stm32cubeide_1.2.0/plugins/com.st.stm32cube.ide.mcu.externaltools.gnu-tools-for-stm32.7-2018-q2-update.linux64_1.0.0.201904181610/tools/bin/../lib/gcc/arm-none-eabi/7.3.1/thumb/v7-m/crtbegin.o

.rodata         0x000000000800851c      0x114
                0x000000000800851c                . = ALIGN (0x4)
 *(.rodata)
 .rodata        0x000000000800851c       0x12 Drivers/STM32F1xx_HAL_Driver/Src/stm32f1xx_hal_rcc.o
 *fill*         0x000000000800852e        0x2 
 .rodata        0x0000000008008530        0x5 Middlewares/Third_Party/FreeRTOS/Source/tasks.o
 *fill*         0x0000000008008535        0x3 
 .rodata        0x0000000008008538        0xd Middlewares/Third_Party/FreeRTOS/Source/timers.o
 *fill*         0x0000000008008545        0x3 
 .rodata        0x0000000008008548       0x2e Src/main.o
 *fill*         0x0000000008008576        0x2 
 .rodata        0x0000000008008578       0x46 Src/usbd_desc.o
 *(.rodata*)
 *fill*         0x00000000080085be        0x2 
 .rodata.Task1_attributes
                0x00000000080085c0       0x24 Src/main.o
                0x00000000080085c0                Task1_attributes
 .rodata.Task2_attributes
                0x00000000080085e4       0x24 Src/main.o
                0x00000000080085e4                Task2_attributes
 .rodata.uartMutex_attributes
                0x0000000008008608       0x10 Src/main.o
                0x0000000008008608                uartMutex_attributes
 .rodata.AHBPrescTable
                0x0000000008008618       0x10 Src/system_stm32f1xx.o
                0x0000000008008618                AHBPrescTable
 .rodata.APBPrescTable
                0x0000000008008628        0x8 Src/system_stm32f1xx.o
                0x0000000008008628                APBPrescTable
                0x0000000008008630                . = ALIGN (0x4)

.rel.dyn        0x0000000008008630        0x0
 .rel.iplt      0x0000000008008630        0x0 /opt/st/stm32cubeide_1.2.0/plugins/com.st.stm32cube.ide.mcu.externaltools.gnu-tools-for-stm32.7-2018-q2-update.linux64_1.0.0.201904181610/tools/bin/../lib/gcc/arm-none-eabi/7.3.1/thumb/v7-m/crtbegin.o

.ARM.extab      0x0000000008008630        0x0
                0x0000000008008630                . = ALIGN (0x4)
 *(.ARM.extab* .gnu.linkonce.armextab.*)
                0x0000000008008630                . = ALIGN (0x4)

.ARM            0x0000000008008630        0x0
                0x0000000008008630                . = ALIGN (0x4)
                0x0000000008008630                __exidx_start = .
 *(.ARM.exidx*)
                0x0000000008008630                __exidx_end = .
                0x0000000008008630                . = ALIGN (0x4)

.preinit_array  0x0000000008008630        0x0
                0x0000000008008630                . = ALIGN (0x4)
                0x0000000008008630                PROVIDE (__preinit_array_start = .)
 *(.preinit_array*)
                0x0000000008008630                PROVIDE (__preinit_array_end = .)
                0x0000000008008630                . = ALIGN (0x4)

.init_array     0x0000000008008630        0x4
                0x0000000008008630                . = ALIGN (0x4)
                0x0000000008008630                PROVIDE (__init_array_start = .)
 *(SORT_BY_NAME(.init_array.*))
 *(.init_array*)
 .init_array    0x0000000008008630        0x4 /opt/st/stm32cubeide_1.2.0/plugins/com.st.stm32cube.ide.mcu.externaltools.gnu-tools-for-stm32.7-2018-q2-update.linux64_1.0.0.201904181610/tools/bin/../lib/gcc/arm-none-eabi/7.3.1/thumb/v7-m/crtbegin.o
                0x0000000008008634                PROVIDE (__init_array_end = .)
                0x0000000008008634                . = ALIGN (0x4)

.fini_array     0x0000000008008634        0x4
                0x0000000008008634                . = ALIGN (0x4)
                [!provide]                        PROVIDE (__fini_array_start = .)
 *(SORT_BY_NAME(.fini_array.*))
 *(.fini_array*)
 .fini_array    0x0000000008008634        0x4 /opt/st/stm32cubeide_1.2.0/plugins/com.st.stm32cube.ide.mcu.externaltools.gnu-tools-for-stm32.7-2018-q2-update.linux64_1.0.0.201904181610/tools/bin/../lib/gcc/arm-none-eabi/7.3.1/thumb/v7-m/crtbegin.o
                [!provide]                        PROVIDE (__fini_array_end = .)
                0x0000000008008638                . = ALIGN (0x4)
                0x0000000008008638                _sidata = LOADADDR (.data)

.data           0x0000000020000000      0x180 load address 0x0000000008008638
                0x0000000020000000                . = ALIGN (0x4)
                0x0000000020000000                _sdata = .
 *(.data)
 *(.data*)
 .data.uwTickPrio
                0x0000000020000000        0x4 Drivers/STM32F1xx_HAL_Driver/Src/stm32f1xx_hal.o
                0x0000000020000000                uwTickPrio
 .data.uwTickFreq
                0x0000000020000004        0x1 Drivers/STM32F1xx_HAL_Driver/Src/stm32f1xx_hal.o
                0x0000000020000004                uwTickFreq
 *fill*         0x0000000020000005        0x3 
 .data.USBD_CDC_DeviceQualifierDesc
                0x0000000020000008        0xa Middlewares/ST/STM32_USB_Device_Library/Class/CDC/Src/usbd_cdc.o
 *fill*         0x0000000020000012        0x2 
 .data.USBD_CDC
                0x0000000020000014       0x38 Middlewares/ST/STM32_USB_Device_Library/Class/CDC/Src/usbd_cdc.o
                0x0000000020000014                USBD_CDC
 .data.USBD_CDC_CfgHSDesc
                0x000000002000004c       0x43 Middlewares/ST/STM32_USB_Device_Library/Class/CDC/Src/usbd_cdc.o
                0x000000002000004c                USBD_CDC_CfgHSDesc
 *fill*         0x000000002000008f        0x1 
 .data.USBD_CDC_CfgFSDesc
                0x0000000020000090       0x43 Middlewares/ST/STM32_USB_Device_Library/Class/CDC/Src/usbd_cdc.o
                0x0000000020000090                USBD_CDC_CfgFSDesc
 *fill*         0x00000000200000d3        0x1 
 .data.USBD_CDC_OtherSpeedCfgDesc
                0x00000000200000d4       0x43 Middlewares/ST/STM32_USB_Device_Library/Class/CDC/Src/usbd_cdc.o
                0x00000000200000d4                USBD_CDC_OtherSpeedCfgDesc
 *fill*         0x0000000020000117        0x1 
 .data.uxCriticalNesting
                0x0000000020000118        0x4 Middlewares/Third_Party/FreeRTOS/Source/portable/GCC/ARM_CM3/port.o
 .data.SystemCoreClock
                0x000000002000011c        0x4 Src/system_stm32f1xx.o
                0x000000002000011c                SystemCoreClock
 .data.USBD_Interface_fops_FS
                0x0000000020000120       0x10 Src/usbd_cdc_if.o
                0x0000000020000120                USBD_Interface_fops_FS
 .data.FS_Desc  0x0000000020000130       0x1c Src/usbd_desc.o
                0x0000000020000130                FS_Desc
 .data.USBD_FS_DeviceDesc
                0x000000002000014c       0x12 Src/usbd_desc.o
                0x000000002000014c                USBD_FS_DeviceDesc
 *fill*         0x000000002000015e        0x2 
 .data.USBD_LangIDDesc
                0x0000000020000160        0x4 Src/usbd_desc.o
                0x0000000020000160                USBD_LangIDDesc
 .data.USBD_StringSerial
                0x0000000020000164       0x1a Src/usbd_desc.o
                0x0000000020000164                USBD_StringSerial
                0x0000000020000180                . = ALIGN (0x4)
 *fill*         0x000000002000017e        0x2 
                0x0000000020000180                _edata = .

.igot.plt       0x0000000020000180        0x0 load address 0x00000000080087b8
 .igot.plt      0x0000000020000180        0x0 /opt/st/stm32cubeide_1.2.0/plugins/com.st.stm32cube.ide.mcu.externaltools.gnu-tools-for-stm32.7-2018-q2-update.linux64_1.0.0.201904181610/tools/bin/../lib/gcc/arm-none-eabi/7.3.1/thumb/v7-m/crtbegin.o
                0x0000000020000180                . = ALIGN (0x4)

.bss            0x0000000020000180     0x2b04 load address 0x00000000080087b8
                0x0000000020000180                _sbss = .
                0x0000000020000180                __bss_start__ = _sbss
 *(.bss)
 .bss           0x0000000020000180       0x1c /opt/st/stm32cubeide_1.2.0/plugins/com.st.stm32cube.ide.mcu.externaltools.gnu-tools-for-stm32.7-2018-q2-update.linux64_1.0.0.201904181610/tools/bin/../lib/gcc/arm-none-eabi/7.3.1/thumb/v7-m/crtbegin.o
 *(.bss*)
 .bss.cfgidx.8117
                0x000000002000019c        0x1 Middlewares/ST/STM32_USB_Device_Library/Core/Src/usbd_ctlreq.o
 *fill*         0x000000002000019d        0x3 
 .bss.KernelState
                0x00000000200001a0        0x4 Middlewares/Third_Party/FreeRTOS/Source/CMSIS_RTOS_V2/cmsis_os2.o
 .bss.Idle_TCB  0x00000000200001a4       0x5c Middlewares/Third_Party/FreeRTOS/Source/CMSIS_RTOS_V2/cmsis_os2.o
 .bss.Idle_Stack
                0x0000000020000200      0x200 Middlewares/Third_Party/FreeRTOS/Source/CMSIS_RTOS_V2/cmsis_os2.o
 .bss.Timer_TCB
                0x0000000020000400       0x5c Middlewares/Third_Party/FreeRTOS/Source/CMSIS_RTOS_V2/cmsis_os2.o
 .bss.Timer_Stack
                0x000000002000045c      0x400 Middlewares/Third_Party/FreeRTOS/Source/CMSIS_RTOS_V2/cmsis_os2.o
 .bss.pxCurrentTCB
                0x000000002000085c        0x4 Middlewares/Third_Party/FreeRTOS/Source/tasks.o
                0x000000002000085c                pxCurrentTCB
 .bss.pxReadyTasksLists
                0x0000000020000860      0x460 Middlewares/Third_Party/FreeRTOS/Source/tasks.o
 .bss.xDelayedTaskList1
                0x0000000020000cc0       0x14 Middlewares/Third_Party/FreeRTOS/Source/tasks.o
 .bss.xDelayedTaskList2
                0x0000000020000cd4       0x14 Middlewares/Third_Party/FreeRTOS/Source/tasks.o
 .bss.pxDelayedTaskList
                0x0000000020000ce8        0x4 Middlewares/Third_Party/FreeRTOS/Source/tasks.o
 .bss.pxOverflowDelayedTaskList
                0x0000000020000cec        0x4 Middlewares/Third_Party/FreeRTOS/Source/tasks.o
 .bss.xPendingReadyList
                0x0000000020000cf0       0x14 Middlewares/Third_Party/FreeRTOS/Source/tasks.o
 .bss.xTasksWaitingTermination
                0x0000000020000d04       0x14 Middlewares/Third_Party/FreeRTOS/Source/tasks.o
 .bss.uxDeletedTasksWaitingCleanUp
                0x0000000020000d18        0x4 Middlewares/Third_Party/FreeRTOS/Source/tasks.o
 .bss.xSuspendedTaskList
                0x0000000020000d1c       0x14 Middlewares/Third_Party/FreeRTOS/Source/tasks.o
 .bss.uxCurrentNumberOfTasks
                0x0000000020000d30        0x4 Middlewares/Third_Party/FreeRTOS/Source/tasks.o
 .bss.xTickCount
                0x0000000020000d34        0x4 Middlewares/Third_Party/FreeRTOS/Source/tasks.o
 .bss.uxTopReadyPriority
                0x0000000020000d38        0x4 Middlewares/Third_Party/FreeRTOS/Source/tasks.o
 .bss.xSchedulerRunning
                0x0000000020000d3c        0x4 Middlewares/Third_Party/FreeRTOS/Source/tasks.o
 .bss.uxPendedTicks
                0x0000000020000d40        0x4 Middlewares/Third_Party/FreeRTOS/Source/tasks.o
 .bss.xYieldPending
                0x0000000020000d44        0x4 Middlewares/Third_Party/FreeRTOS/Source/tasks.o
 .bss.xNumOfOverflows
                0x0000000020000d48        0x4 Middlewares/Third_Party/FreeRTOS/Source/tasks.o
 .bss.uxTaskNumber
                0x0000000020000d4c        0x4 Middlewares/Third_Party/FreeRTOS/Source/tasks.o
 .bss.xNextTaskUnblockTime
                0x0000000020000d50        0x4 Middlewares/Third_Party/FreeRTOS/Source/tasks.o
 .bss.xIdleTaskHandle
                0x0000000020000d54        0x4 Middlewares/Third_Party/FreeRTOS/Source/tasks.o
 .bss.uxSchedulerSuspended
                0x0000000020000d58        0x4 Middlewares/Third_Party/FreeRTOS/Source/tasks.o
 .bss.xActiveTimerList1
                0x0000000020000d5c       0x14 Middlewares/Third_Party/FreeRTOS/Source/timers.o
 .bss.xActiveTimerList2
                0x0000000020000d70       0x14 Middlewares/Third_Party/FreeRTOS/Source/timers.o
 .bss.pxCurrentTimerList
                0x0000000020000d84        0x4 Middlewares/Third_Party/FreeRTOS/Source/timers.o
 .bss.pxOverflowTimerList
                0x0000000020000d88        0x4 Middlewares/Third_Party/FreeRTOS/Source/timers.o
 .bss.xTimerQueue
                0x0000000020000d8c        0x4 Middlewares/Third_Party/FreeRTOS/Source/timers.o
 .bss.xTimerTaskHandle
                0x0000000020000d90        0x4 Middlewares/Third_Party/FreeRTOS/Source/timers.o
 .bss.xLastTime.5452
                0x0000000020000d94        0x4 Middlewares/Third_Party/FreeRTOS/Source/timers.o
 .bss.ucStaticTimerQueueStorage.5503
                0x0000000020000d98       0xa0 Middlewares/Third_Party/FreeRTOS/Source/timers.o
 .bss.xStaticTimerQueue.5502
                0x0000000020000e38       0x50 Middlewares/Third_Party/FreeRTOS/Source/timers.o
 .bss.ucMaxSysCallPriority
                0x0000000020000e88        0x1 Middlewares/Third_Party/FreeRTOS/Source/portable/GCC/ARM_CM3/port.o
 *fill*         0x0000000020000e89        0x3 
 .bss.ulMaxPRIGROUPValue
                0x0000000020000e8c        0x4 Middlewares/Third_Party/FreeRTOS/Source/portable/GCC/ARM_CM3/port.o
 .bss.ucHeap    0x0000000020000e90      0xc00 Middlewares/Third_Party/FreeRTOS/Source/portable/MemMang/heap_4.o
 .bss.xStart    0x0000000020001a90        0x8 Middlewares/Third_Party/FreeRTOS/Source/portable/MemMang/heap_4.o
 .bss.pxEnd     0x0000000020001a98        0x4 Middlewares/Third_Party/FreeRTOS/Source/portable/MemMang/heap_4.o
 .bss.xFreeBytesRemaining
                0x0000000020001a9c        0x4 Middlewares/Third_Party/FreeRTOS/Source/portable/MemMang/heap_4.o
 .bss.xMinimumEverFreeBytesRemaining
                0x0000000020001aa0        0x4 Middlewares/Third_Party/FreeRTOS/Source/portable/MemMang/heap_4.o
 .bss.xBlockAllocatedBit
                0x0000000020001aa4        0x4 Middlewares/Third_Party/FreeRTOS/Source/portable/MemMang/heap_4.o
 .bss.messageLength
                0x0000000020001aa8        0x2 Src/main.o
                0x0000000020001aa8                messageLength
 *fill*         0x0000000020001aaa        0x2 
 .bss.mem.8182  0x0000000020001aac      0x220 Src/usbd_conf.o
 *(COMMON)
 COMMON         0x0000000020001ccc        0x4 Drivers/STM32F1xx_HAL_Driver/Src/stm32f1xx_hal.o
                0x0000000020001ccc                uwTick
 COMMON         0x0000000020001cd0       0x40 Middlewares/Third_Party/FreeRTOS/Source/queue.o
                0x0000000020001cd0                xQueueRegistry
 COMMON         0x0000000020001d10       0x34 Src/main.o
                0x0000000020001d10                txData
                0x0000000020001d38                Task1Handle
                0x0000000020001d3c                uartMutexHandle
                0x0000000020001d40                Task2Handle
 COMMON         0x0000000020001d44       0x40 Src/stm32f1xx_hal_timebase_tim.o
                0x0000000020001d44                htim1
 COMMON         0x0000000020001d84      0x2c4 Src/usb_device.o
                0x0000000020001d84                hUsbDeviceFS
 COMMON         0x0000000020002048      0x7d0 Src/usbd_cdc_if.o
                0x0000000020002048                UserRxBufferFS
                0x0000000020002430                UserTxBufferFS
 COMMON         0x0000000020002818      0x26c Src/usbd_conf.o
                0x0000000020002818                hpcd_USB_FS
 COMMON         0x0000000020002a84      0x200 Src/usbd_desc.o
                0x0000000020002a84                USBD_StrDesc
                0x0000000020002c84                . = ALIGN (0x4)
                0x0000000020002c84                _ebss = .
                0x0000000020002c84                __bss_end__ = _ebss

._user_heap_stack
                0x0000000020002c84      0x604 load address 0x00000000080087b8
                0x0000000020002c88                . = ALIGN (0x8)
 *fill*         0x0000000020002c84        0x4 
                0x0000000020002c88                PROVIDE (end = .)
                [!provide]                        PROVIDE (_end = .)
                0x0000000020002e88                . = (. + _Min_Heap_Size)
 *fill*         0x0000000020002c88      0x200 
                0x0000000020003288                . = (. + _Min_Stack_Size)
 *fill*         0x0000000020002e88      0x400 
                0x0000000020003288                . = ALIGN (0x8)

/DISCARD/
 libc.a(*)
 libm.a(*)
 libgcc.a(*)

.ARM.attributes
                0x0000000000000000       0x29
 *(.ARM.attributes)
 .ARM.attributes
                0x0000000000000000       0x1d /opt/st/stm32cubeide_1.2.0/plugins/com.st.stm32cube.ide.mcu.externaltools.gnu-tools-for-stm32.7-2018-q2-update.linux64_1.0.0.201904181610/tools/bin/../lib/gcc/arm-none-eabi/7.3.1/thumb/v7-m/crti.o
 .ARM.attributes
                0x000000000000001d       0x2d /opt/st/stm32cubeide_1.2.0/plugins/com.st.stm32cube.ide.mcu.externaltools.gnu-tools-for-stm32.7-2018-q2-update.linux64_1.0.0.201904181610/tools/bin/../lib/gcc/arm-none-eabi/7.3.1/thumb/v7-m/crtbegin.o
 .ARM.attributes
                0x000000000000004a       0x33 Drivers/STM32F1xx_HAL_Driver/Src/stm32f1xx_hal.o
 .ARM.attributes
                0x000000000000007d       0x33 Drivers/STM32F1xx_HAL_Driver/Src/stm32f1xx_hal_cortex.o
 .ARM.attributes
                0x00000000000000b0       0x33 Drivers/STM32F1xx_HAL_Driver/Src/stm32f1xx_hal_gpio.o
 .ARM.attributes
                0x00000000000000e3       0x33 Drivers/STM32F1xx_HAL_Driver/Src/stm32f1xx_hal_pcd.o
 .ARM.attributes
                0x0000000000000116       0x33 Drivers/STM32F1xx_HAL_Driver/Src/stm32f1xx_hal_pcd_ex.o
 .ARM.attributes
                0x0000000000000149       0x33 Drivers/STM32F1xx_HAL_Driver/Src/stm32f1xx_hal_rcc.o
 .ARM.attributes
                0x000000000000017c       0x33 Drivers/STM32F1xx_HAL_Driver/Src/stm32f1xx_hal_rcc_ex.o
 .ARM.attributes
                0x00000000000001af       0x33 Drivers/STM32F1xx_HAL_Driver/Src/stm32f1xx_hal_tim.o
 .ARM.attributes
                0x00000000000001e2       0x33 Drivers/STM32F1xx_HAL_Driver/Src/stm32f1xx_hal_tim_ex.o
 .ARM.attributes
                0x0000000000000215       0x33 Drivers/STM32F1xx_HAL_Driver/Src/stm32f1xx_ll_usb.o
 .ARM.attributes
                0x0000000000000248       0x33 Middlewares/ST/STM32_USB_Device_Library/Class/CDC/Src/usbd_cdc.o
 .ARM.attributes
                0x000000000000027b       0x33 Middlewares/ST/STM32_USB_Device_Library/Core/Src/usbd_core.o
 .ARM.attributes
                0x00000000000002ae       0x33 Middlewares/ST/STM32_USB_Device_Library/Core/Src/usbd_ctlreq.o
 .ARM.attributes
                0x00000000000002e1       0x33 Middlewares/ST/STM32_USB_Device_Library/Core/Src/usbd_ioreq.o
 .ARM.attributes
                0x0000000000000314       0x33 Middlewares/Third_Party/FreeRTOS/Source/CMSIS_RTOS_V2/cmsis_os2.o
 .ARM.attributes
                0x0000000000000347       0x33 Middlewares/Third_Party/FreeRTOS/Source/list.o
 .ARM.attributes
                0x000000000000037a       0x33 Middlewares/Third_Party/FreeRTOS/Source/queue.o
 .ARM.attributes
                0x00000000000003ad       0x33 Middlewares/Third_Party/FreeRTOS/Source/tasks.o
 .ARM.attributes
                0x00000000000003e0       0x33 Middlewares/Third_Party/FreeRTOS/Source/timers.o
 .ARM.attributes
                0x0000000000000413       0x33 Middlewares/Third_Party/FreeRTOS/Source/portable/GCC/ARM_CM3/port.o
 .ARM.attributes
                0x0000000000000446       0x33 Middlewares/Third_Party/FreeRTOS/Source/portable/MemMang/heap_4.o
 .ARM.attributes
                0x0000000000000479       0x33 Src/main.o
 .ARM.attributes
                0x00000000000004ac       0x33 Src/stm32f1xx_hal_msp.o
 .ARM.attributes
                0x00000000000004df       0x33 Src/stm32f1xx_hal_timebase_tim.o
 .ARM.attributes
                0x0000000000000512       0x33 Src/stm32f1xx_it.o
 .ARM.attributes
                0x0000000000000545       0x33 Src/system_stm32f1xx.o
 .ARM.attributes
                0x0000000000000578       0x33 Src/usb_device.o
 .ARM.attributes
                0x00000000000005ab       0x33 Src/usbd_cdc_if.o
 .ARM.attributes
                0x00000000000005de       0x33 Src/usbd_conf.o
 .ARM.attributes
                0x0000000000000611       0x33 Src/usbd_desc.o
 .ARM.attributes
                0x0000000000000644       0x21 Startup/startup_stm32f103c8tx.o
 .ARM.attributes
                0x0000000000000665       0x2d /opt/st/stm32cubeide_1.2.0/plugins/com.st.stm32cube.ide.mcu.externaltools.gnu-tools-for-stm32.7-2018-q2-update.linux64_1.0.0.201904181610/tools/bin/../lib/gcc/arm-none-eabi/7.3.1/../../../../arm-none-eabi/lib/thumb/v7-m/libc_nano.a(lib_a-init.o)
 .ARM.attributes
                0x0000000000000692       0x2d /opt/st/stm32cubeide_1.2.0/plugins/com.st.stm32cube.ide.mcu.externaltools.gnu-tools-for-stm32.7-2018-q2-update.linux64_1.0.0.201904181610/tools/bin/../lib/gcc/arm-none-eabi/7.3.1/../../../../arm-none-eabi/lib/thumb/v7-m/libc_nano.a(lib_a-memcpy-stub.o)
 .ARM.attributes
                0x00000000000006bf       0x2d /opt/st/stm32cubeide_1.2.0/plugins/com.st.stm32cube.ide.mcu.externaltools.gnu-tools-for-stm32.7-2018-q2-update.linux64_1.0.0.201904181610/tools/bin/../lib/gcc/arm-none-eabi/7.3.1/../../../../arm-none-eabi/lib/thumb/v7-m/libc_nano.a(lib_a-memset.o)
 .ARM.attributes
                0x00000000000006ec       0x1d /opt/st/stm32cubeide_1.2.0/plugins/com.st.stm32cube.ide.mcu.externaltools.gnu-tools-for-stm32.7-2018-q2-update.linux64_1.0.0.201904181610/tools/bin/../lib/gcc/arm-none-eabi/7.3.1/thumb/v7-m/crtn.o
OUTPUT(uavcan_sandbox.elf elf32-littlearm)

.debug_info     0x0000000000000000    0x20f89
 .debug_info    0x0000000000000000      0x6fe Drivers/STM32F1xx_HAL_Driver/Src/stm32f1xx_hal.o
 .debug_info    0x00000000000006fe      0xb46 Drivers/STM32F1xx_HAL_Driver/Src/stm32f1xx_hal_cortex.o
 .debug_info    0x0000000000001244      0x681 Drivers/STM32F1xx_HAL_Driver/Src/stm32f1xx_hal_gpio.o
 .debug_info    0x00000000000018c5      0xe38 Drivers/STM32F1xx_HAL_Driver/Src/stm32f1xx_hal_pcd.o
 .debug_info    0x00000000000026fd      0x760 Drivers/STM32F1xx_HAL_Driver/Src/stm32f1xx_hal_pcd_ex.o
 .debug_info    0x0000000000002e5d      0x804 Drivers/STM32F1xx_HAL_Driver/Src/stm32f1xx_hal_rcc.o
 .debug_info    0x0000000000003661      0x439 Drivers/STM32F1xx_HAL_Driver/Src/stm32f1xx_hal_rcc_ex.o
 .debug_info    0x0000000000003a9a     0x2456 Drivers/STM32F1xx_HAL_Driver/Src/stm32f1xx_hal_tim.o
 .debug_info    0x0000000000005ef0     0x1104 Drivers/STM32F1xx_HAL_Driver/Src/stm32f1xx_hal_tim_ex.o
 .debug_info    0x0000000000006ff4     0x14f9 Drivers/STM32F1xx_HAL_Driver/Src/stm32f1xx_ll_usb.o
 .debug_info    0x00000000000084ed     0x1791 Middlewares/ST/STM32_USB_Device_Library/Class/CDC/Src/usbd_cdc.o
 .debug_info    0x0000000000009c7e     0x11c2 Middlewares/ST/STM32_USB_Device_Library/Core/Src/usbd_core.o
 .debug_info    0x000000000000ae40     0x1132 Middlewares/ST/STM32_USB_Device_Library/Core/Src/usbd_ctlreq.o
 .debug_info    0x000000000000bf72      0xf23 Middlewares/ST/STM32_USB_Device_Library/Core/Src/usbd_ioreq.o
 .debug_info    0x000000000000ce95     0x403a Middlewares/Third_Party/FreeRTOS/Source/CMSIS_RTOS_V2/cmsis_os2.o
 .debug_info    0x0000000000010ecf      0xac5 Middlewares/Third_Party/FreeRTOS/Source/list.o
 .debug_info    0x0000000000011994     0x22e8 Middlewares/Third_Party/FreeRTOS/Source/queue.o
 .debug_info    0x0000000000013c7c     0x294f Middlewares/Third_Party/FreeRTOS/Source/tasks.o
 .debug_info    0x00000000000165cb     0x1a21 Middlewares/Third_Party/FreeRTOS/Source/timers.o
 .debug_info    0x0000000000017fec      0x4d2 Middlewares/Third_Party/FreeRTOS/Source/portable/GCC/ARM_CM3/port.o
 .debug_info    0x00000000000184be      0xbea Middlewares/Third_Party/FreeRTOS/Source/portable/MemMang/heap_4.o
 .debug_info    0x00000000000190a8     0x199a Src/main.o
 .debug_info    0x000000000001aa42      0x411 Src/stm32f1xx_hal_msp.o
 .debug_info    0x000000000001ae53      0x8e8 Src/stm32f1xx_hal_timebase_tim.o
 .debug_info    0x000000000001b73b      0xac7 Src/stm32f1xx_it.o
 .debug_info    0x000000000001c202      0x433 Src/system_stm32f1xx.o
 .debug_info    0x000000000001c635      0xe6b Src/usb_device.o
 .debug_info    0x000000000001d4a0     0x102b Src/usbd_cdc_if.o
 .debug_info    0x000000000001e4cb     0x1d95 Src/usbd_conf.o
 .debug_info    0x0000000000020260      0xd07 Src/usbd_desc.o
 .debug_info    0x0000000000020f67       0x22 Startup/startup_stm32f103c8tx.o

.debug_abbrev   0x0000000000000000     0x4313
 .debug_abbrev  0x0000000000000000      0x1d8 Drivers/STM32F1xx_HAL_Driver/Src/stm32f1xx_hal.o
 .debug_abbrev  0x00000000000001d8      0x2d5 Drivers/STM32F1xx_HAL_Driver/Src/stm32f1xx_hal_cortex.o
 .debug_abbrev  0x00000000000004ad      0x1c0 Drivers/STM32F1xx_HAL_Driver/Src/stm32f1xx_hal_gpio.o
 .debug_abbrev  0x000000000000066d      0x263 Drivers/STM32F1xx_HAL_Driver/Src/stm32f1xx_hal_pcd.o
 .debug_abbrev  0x00000000000008d0      0x188 Drivers/STM32F1xx_HAL_Driver/Src/stm32f1xx_hal_pcd_ex.o
 .debug_abbrev  0x0000000000000a58      0x243 Drivers/STM32F1xx_HAL_Driver/Src/stm32f1xx_hal_rcc.o
 .debug_abbrev  0x0000000000000c9b      0x175 Drivers/STM32F1xx_HAL_Driver/Src/stm32f1xx_hal_rcc_ex.o
 .debug_abbrev  0x0000000000000e10      0x230 Drivers/STM32F1xx_HAL_Driver/Src/stm32f1xx_hal_tim.o
 .debug_abbrev  0x0000000000001040      0x21e Drivers/STM32F1xx_HAL_Driver/Src/stm32f1xx_hal_tim_ex.o
 .debug_abbrev  0x000000000000125e      0x1c5 Drivers/STM32F1xx_HAL_Driver/Src/stm32f1xx_ll_usb.o
 .debug_abbrev  0x0000000000001423      0x2b6 Middlewares/ST/STM32_USB_Device_Library/Class/CDC/Src/usbd_cdc.o
 .debug_abbrev  0x00000000000016d9      0x270 Middlewares/ST/STM32_USB_Device_Library/Core/Src/usbd_core.o
 .debug_abbrev  0x0000000000001949      0x2a0 Middlewares/ST/STM32_USB_Device_Library/Core/Src/usbd_ctlreq.o
 .debug_abbrev  0x0000000000001be9      0x1e0 Middlewares/ST/STM32_USB_Device_Library/Core/Src/usbd_ioreq.o
 .debug_abbrev  0x0000000000001dc9      0x3a0 Middlewares/Third_Party/FreeRTOS/Source/CMSIS_RTOS_V2/cmsis_os2.o
 .debug_abbrev  0x0000000000002169      0x1cf Middlewares/Third_Party/FreeRTOS/Source/list.o
 .debug_abbrev  0x0000000000002338      0x354 Middlewares/Third_Party/FreeRTOS/Source/queue.o
 .debug_abbrev  0x000000000000268c      0x350 Middlewares/Third_Party/FreeRTOS/Source/tasks.o
 .debug_abbrev  0x00000000000029dc      0x2d7 Middlewares/Third_Party/FreeRTOS/Source/timers.o
 .debug_abbrev  0x0000000000002cb3      0x205 Middlewares/Third_Party/FreeRTOS/Source/portable/GCC/ARM_CM3/port.o
 .debug_abbrev  0x0000000000002eb8      0x29e Middlewares/Third_Party/FreeRTOS/Source/portable/MemMang/heap_4.o
 .debug_abbrev  0x0000000000003156      0x295 Src/main.o
 .debug_abbrev  0x00000000000033eb      0x112 Src/stm32f1xx_hal_msp.o
 .debug_abbrev  0x00000000000034fd      0x19d Src/stm32f1xx_hal_timebase_tim.o
 .debug_abbrev  0x000000000000369a      0x185 Src/stm32f1xx_it.o
 .debug_abbrev  0x000000000000381f      0x134 Src/system_stm32f1xx.o
 .debug_abbrev  0x0000000000003953      0x1be Src/usb_device.o
 .debug_abbrev  0x0000000000003b11      0x285 Src/usbd_cdc_if.o
 .debug_abbrev  0x0000000000003d96      0x2db Src/usbd_conf.o
 .debug_abbrev  0x0000000000004071      0x290 Src/usbd_desc.o
 .debug_abbrev  0x0000000000004301       0x12 Startup/startup_stm32f103c8tx.o

.debug_aranges  0x0000000000000000     0x16f0
 .debug_aranges
                0x0000000000000000       0xe0 Drivers/STM32F1xx_HAL_Driver/Src/stm32f1xx_hal.o
 .debug_aranges
                0x00000000000000e0      0x100 Drivers/STM32F1xx_HAL_Driver/Src/stm32f1xx_hal_cortex.o
 .debug_aranges
                0x00000000000001e0       0x58 Drivers/STM32F1xx_HAL_Driver/Src/stm32f1xx_hal_gpio.o
 .debug_aranges
                0x0000000000000238      0x120 Drivers/STM32F1xx_HAL_Driver/Src/stm32f1xx_hal_pcd.o
 .debug_aranges
                0x0000000000000358       0x38 Drivers/STM32F1xx_HAL_Driver/Src/stm32f1xx_hal_pcd_ex.o
 .debug_aranges
                0x0000000000000390       0x90 Drivers/STM32F1xx_HAL_Driver/Src/stm32f1xx_hal_rcc.o
 .debug_aranges
                0x0000000000000420       0x30 Drivers/STM32F1xx_HAL_Driver/Src/stm32f1xx_hal_rcc_ex.o
 .debug_aranges
                0x0000000000000450      0x3a8 Drivers/STM32F1xx_HAL_Driver/Src/stm32f1xx_hal_tim.o
 .debug_aranges
                0x00000000000007f8      0x150 Drivers/STM32F1xx_HAL_Driver/Src/stm32f1xx_hal_tim_ex.o
 .debug_aranges
                0x0000000000000948      0x108 Drivers/STM32F1xx_HAL_Driver/Src/stm32f1xx_ll_usb.o
 .debug_aranges
                0x0000000000000a50       0x90 Middlewares/ST/STM32_USB_Device_Library/Class/CDC/Src/usbd_cdc.o
 .debug_aranges
                0x0000000000000ae0       0xb8 Middlewares/ST/STM32_USB_Device_Library/Core/Src/usbd_core.o
 .debug_aranges
                0x0000000000000b98       0x88 Middlewares/ST/STM32_USB_Device_Library/Core/Src/usbd_ctlreq.o
 .debug_aranges
                0x0000000000000c20       0x50 Middlewares/ST/STM32_USB_Device_Library/Core/Src/usbd_ioreq.o
 .debug_aranges
                0x0000000000000c70      0x228 Middlewares/Third_Party/FreeRTOS/Source/CMSIS_RTOS_V2/cmsis_os2.o
 .debug_aranges
                0x0000000000000e98       0x40 Middlewares/Third_Party/FreeRTOS/Source/list.o
 .debug_aranges
                0x0000000000000ed8      0x158 Middlewares/Third_Party/FreeRTOS/Source/queue.o
 .debug_aranges
                0x0000000000001030      0x1f8 Middlewares/Third_Party/FreeRTOS/Source/tasks.o
 .debug_aranges
                0x0000000000001228       0xe0 Middlewares/Third_Party/FreeRTOS/Source/timers.o
 .debug_aranges
                0x0000000000001308       0x78 Middlewares/Third_Party/FreeRTOS/Source/portable/GCC/ARM_CM3/port.o
 .debug_aranges
                0x0000000000001380       0x50 Middlewares/Third_Party/FreeRTOS/Source/portable/MemMang/heap_4.o
 .debug_aranges
                0x00000000000013d0       0x50 Src/main.o
 .debug_aranges
                0x0000000000001420       0x20 Src/stm32f1xx_hal_msp.o
 .debug_aranges
                0x0000000000001440       0x30 Src/stm32f1xx_hal_timebase_tim.o
 .debug_aranges
                0x0000000000001470       0x58 Src/stm32f1xx_it.o
 .debug_aranges
                0x00000000000014c8       0x28 Src/system_stm32f1xx.o
 .debug_aranges
                0x00000000000014f0       0x20 Src/usb_device.o
 .debug_aranges
                0x0000000000001510       0x40 Src/usbd_cdc_if.o
 .debug_aranges
                0x0000000000001550      0x118 Src/usbd_conf.o
 .debug_aranges
                0x0000000000001668       0x60 Src/usbd_desc.o
 .debug_aranges
                0x00000000000016c8       0x28 Startup/startup_stm32f103c8tx.o

.debug_ranges   0x0000000000000000     0x1508
 .debug_ranges  0x0000000000000000       0xd0 Drivers/STM32F1xx_HAL_Driver/Src/stm32f1xx_hal.o
 .debug_ranges  0x00000000000000d0       0xf0 Drivers/STM32F1xx_HAL_Driver/Src/stm32f1xx_hal_cortex.o
 .debug_ranges  0x00000000000001c0       0x48 Drivers/STM32F1xx_HAL_Driver/Src/stm32f1xx_hal_gpio.o
 .debug_ranges  0x0000000000000208      0x110 Drivers/STM32F1xx_HAL_Driver/Src/stm32f1xx_hal_pcd.o
 .debug_ranges  0x0000000000000318       0x28 Drivers/STM32F1xx_HAL_Driver/Src/stm32f1xx_hal_pcd_ex.o
 .debug_ranges  0x0000000000000340       0x80 Drivers/STM32F1xx_HAL_Driver/Src/stm32f1xx_hal_rcc.o
 .debug_ranges  0x00000000000003c0       0x20 Drivers/STM32F1xx_HAL_Driver/Src/stm32f1xx_hal_rcc_ex.o
 .debug_ranges  0x00000000000003e0      0x398 Drivers/STM32F1xx_HAL_Driver/Src/stm32f1xx_hal_tim.o
 .debug_ranges  0x0000000000000778      0x140 Drivers/STM32F1xx_HAL_Driver/Src/stm32f1xx_hal_tim_ex.o
 .debug_ranges  0x00000000000008b8       0xf8 Drivers/STM32F1xx_HAL_Driver/Src/stm32f1xx_ll_usb.o
 .debug_ranges  0x00000000000009b0       0x80 Middlewares/ST/STM32_USB_Device_Library/Class/CDC/Src/usbd_cdc.o
 .debug_ranges  0x0000000000000a30       0xa8 Middlewares/ST/STM32_USB_Device_Library/Core/Src/usbd_core.o
 .debug_ranges  0x0000000000000ad8       0x78 Middlewares/ST/STM32_USB_Device_Library/Core/Src/usbd_ctlreq.o
 .debug_ranges  0x0000000000000b50       0x40 Middlewares/ST/STM32_USB_Device_Library/Core/Src/usbd_ioreq.o
 .debug_ranges  0x0000000000000b90      0x218 Middlewares/Third_Party/FreeRTOS/Source/CMSIS_RTOS_V2/cmsis_os2.o
 .debug_ranges  0x0000000000000da8       0x30 Middlewares/Third_Party/FreeRTOS/Source/list.o
 .debug_ranges  0x0000000000000dd8      0x148 Middlewares/Third_Party/FreeRTOS/Source/queue.o
 .debug_ranges  0x0000000000000f20      0x1e8 Middlewares/Third_Party/FreeRTOS/Source/tasks.o
 .debug_ranges  0x0000000000001108       0xd0 Middlewares/Third_Party/FreeRTOS/Source/timers.o
 .debug_ranges  0x00000000000011d8       0x68 Middlewares/Third_Party/FreeRTOS/Source/portable/GCC/ARM_CM3/port.o
 .debug_ranges  0x0000000000001240       0x40 Middlewares/Third_Party/FreeRTOS/Source/portable/MemMang/heap_4.o
 .debug_ranges  0x0000000000001280       0x40 Src/main.o
 .debug_ranges  0x00000000000012c0       0x10 Src/stm32f1xx_hal_msp.o
 .debug_ranges  0x00000000000012d0       0x20 Src/stm32f1xx_hal_timebase_tim.o
 .debug_ranges  0x00000000000012f0       0x48 Src/stm32f1xx_it.o
 .debug_ranges  0x0000000000001338       0x18 Src/system_stm32f1xx.o
 .debug_ranges  0x0000000000001350       0x10 Src/usb_device.o
 .debug_ranges  0x0000000000001360       0x30 Src/usbd_cdc_if.o
 .debug_ranges  0x0000000000001390      0x108 Src/usbd_conf.o
 .debug_ranges  0x0000000000001498       0x50 Src/usbd_desc.o
 .debug_ranges  0x00000000000014e8       0x20 Startup/startup_stm32f103c8tx.o

.debug_macro    0x0000000000000000    0x1909a
 .debug_macro   0x0000000000000000      0x1d8 Drivers/STM32F1xx_HAL_Driver/Src/stm32f1xx_hal.o
 .debug_macro   0x00000000000001d8      0xa5a Drivers/STM32F1xx_HAL_Driver/Src/stm32f1xx_hal.o
 .debug_macro   0x0000000000000c32      0x21b Drivers/STM32F1xx_HAL_Driver/Src/stm32f1xx_hal.o
 .debug_macro   0x0000000000000e4d       0x2e Drivers/STM32F1xx_HAL_Driver/Src/stm32f1xx_hal.o
 .debug_macro   0x0000000000000e7b       0x22 Drivers/STM32F1xx_HAL_Driver/Src/stm32f1xx_hal.o
 .debug_macro   0x0000000000000e9d       0x22 Drivers/STM32F1xx_HAL_Driver/Src/stm32f1xx_hal.o
 .debug_macro   0x0000000000000ebf       0x8e Drivers/STM32F1xx_HAL_Driver/Src/stm32f1xx_hal.o
 .debug_macro   0x0000000000000f4d       0x51 Drivers/STM32F1xx_HAL_Driver/Src/stm32f1xx_hal.o
 .debug_macro   0x0000000000000f9e       0xef Drivers/STM32F1xx_HAL_Driver/Src/stm32f1xx_hal.o
 .debug_macro   0x000000000000108d       0x6a Drivers/STM32F1xx_HAL_Driver/Src/stm32f1xx_hal.o
 .debug_macro   0x00000000000010f7      0x1df Drivers/STM32F1xx_HAL_Driver/Src/stm32f1xx_hal.o
 .debug_macro   0x00000000000012d6       0x1c Drivers/STM32F1xx_HAL_Driver/Src/stm32f1xx_hal.o
 .debug_macro   0x00000000000012f2       0x22 Drivers/STM32F1xx_HAL_Driver/Src/stm32f1xx_hal.o
 .debug_macro   0x0000000000001314       0xc3 Drivers/STM32F1xx_HAL_Driver/Src/stm32f1xx_hal.o
 .debug_macro   0x00000000000013d7      0xd23 Drivers/STM32F1xx_HAL_Driver/Src/stm32f1xx_hal.o
 .debug_macro   0x00000000000020fa     0xe09e Drivers/STM32F1xx_HAL_Driver/Src/stm32f1xx_hal.o
 .debug_macro   0x0000000000010198       0x43 Drivers/STM32F1xx_HAL_Driver/Src/stm32f1xx_hal.o
 .debug_macro   0x00000000000101db      0x174 Drivers/STM32F1xx_HAL_Driver/Src/stm32f1xx_hal.o
 .debug_macro   0x000000000001034f       0x5a Drivers/STM32F1xx_HAL_Driver/Src/stm32f1xx_hal.o
 .debug_macro   0x00000000000103a9      0x5be Drivers/STM32F1xx_HAL_Driver/Src/stm32f1xx_hal.o
 .debug_macro   0x0000000000010967      0x289 Drivers/STM32F1xx_HAL_Driver/Src/stm32f1xx_hal.o
 .debug_macro   0x0000000000010bf0      0x1cb Drivers/STM32F1xx_HAL_Driver/Src/stm32f1xx_hal.o
 .debug_macro   0x0000000000010dbb      0x114 Drivers/STM32F1xx_HAL_Driver/Src/stm32f1xx_hal.o
 .debug_macro   0x0000000000010ecf      0x1b2 Drivers/STM32F1xx_HAL_Driver/Src/stm32f1xx_hal.o
 .debug_macro   0x0000000000011081       0x27 Drivers/STM32F1xx_HAL_Driver/Src/stm32f1xx_hal.o
 .debug_macro   0x00000000000110a8      0x136 Drivers/STM32F1xx_HAL_Driver/Src/stm32f1xx_hal.o
 .debug_macro   0x00000000000111de      0x1bc Drivers/STM32F1xx_HAL_Driver/Src/stm32f1xx_hal.o
 .debug_macro   0x000000000001139a       0x34 Drivers/STM32F1xx_HAL_Driver/Src/stm32f1xx_hal.o
 .debug_macro   0x00000000000113ce       0x3c Drivers/STM32F1xx_HAL_Driver/Src/stm32f1xx_hal.o
 .debug_macro   0x000000000001140a       0x57 Drivers/STM32F1xx_HAL_Driver/Src/stm32f1xx_hal.o
 .debug_macro   0x0000000000011461       0x88 Drivers/STM32F1xx_HAL_Driver/Src/stm32f1xx_hal.o
 .debug_macro   0x00000000000114e9      0x241 Drivers/STM32F1xx_HAL_Driver/Src/stm32f1xx_hal.o
 .debug_macro   0x000000000001172a      0x141 Drivers/STM32F1xx_HAL_Driver/Src/stm32f1xx_hal.o
 .debug_macro   0x000000000001186b      0x88b Drivers/STM32F1xx_HAL_Driver/Src/stm32f1xx_hal.o
 .debug_macro   0x00000000000120f6       0x65 Drivers/STM32F1xx_HAL_Driver/Src/stm32f1xx_hal.o
 .debug_macro   0x000000000001215b      0x249 Drivers/STM32F1xx_HAL_Driver/Src/stm32f1xx_hal.o
 .debug_macro   0x00000000000123a4       0x83 Drivers/STM32F1xx_HAL_Driver/Src/stm32f1xx_hal.o
 .debug_macro   0x0000000000012427      0x1b4 Drivers/STM32F1xx_HAL_Driver/Src/stm32f1xx_hal_cortex.o
 .debug_macro   0x00000000000125db      0x21f Drivers/STM32F1xx_HAL_Driver/Src/stm32f1xx_hal_gpio.o
 .debug_macro   0x00000000000127fa      0x1c0 Drivers/STM32F1xx_HAL_Driver/Src/stm32f1xx_hal_pcd.o
 .debug_macro   0x00000000000129ba      0x1b4 Drivers/STM32F1xx_HAL_Driver/Src/stm32f1xx_hal_pcd_ex.o
 .debug_macro   0x0000000000012b6e      0x1c6 Drivers/STM32F1xx_HAL_Driver/Src/stm32f1xx_hal_rcc.o
 .debug_macro   0x0000000000012d34      0x1b4 Drivers/STM32F1xx_HAL_Driver/Src/stm32f1xx_hal_rcc_ex.o
 .debug_macro   0x0000000000012ee8      0x1b5 Drivers/STM32F1xx_HAL_Driver/Src/stm32f1xx_hal_tim.o
 .debug_macro   0x000000000001309d      0x1b4 Drivers/STM32F1xx_HAL_Driver/Src/stm32f1xx_hal_tim_ex.o
 .debug_macro   0x0000000000013251      0x1b4 Drivers/STM32F1xx_HAL_Driver/Src/stm32f1xx_ll_usb.o
 .debug_macro   0x0000000000013405      0x3d0 Middlewares/ST/STM32_USB_Device_Library/Class/CDC/Src/usbd_cdc.o
 .debug_macro   0x00000000000137d5       0x40 Middlewares/ST/STM32_USB_Device_Library/Class/CDC/Src/usbd_cdc.o
 .debug_macro   0x0000000000013815       0x18 Middlewares/ST/STM32_USB_Device_Library/Class/CDC/Src/usbd_cdc.o
 .debug_macro   0x000000000001382d       0x94 Middlewares/ST/STM32_USB_Device_Library/Class/CDC/Src/usbd_cdc.o
 .debug_macro   0x00000000000138c1       0x3c Middlewares/ST/STM32_USB_Device_Library/Class/CDC/Src/usbd_cdc.o
 .debug_macro   0x00000000000138fd       0x34 Middlewares/ST/STM32_USB_Device_Library/Class/CDC/Src/usbd_cdc.o
 .debug_macro   0x0000000000013931       0x16 Middlewares/ST/STM32_USB_Device_Library/Class/CDC/Src/usbd_cdc.o