canard.c:72:6:canardInit	32	static
canard.c:107:7:canardGetUserReference	16	static
canard.c:113:6:canardSetLocalNodeID	16	static
canard.c:129:9:canardGetLocalNodeID	16	static
canard.c:134:9:canardBroadcast	56	static
canard.c:191:9:canardRequestOrRespond	56	static
canard.c:235:23:canardPeekTxQueue	16	static
canard.c:244:6:canardPopTxQueue	24	static
canard.c:251:9:canardHandleRxFrame	136	static
canard.c:486:6:canardCleanupStaleTransfers	40	static
canard.c:518:9:canardDecodeScalar	64	static
canard.c:679:6:canardEncodeScalar	56	static
canard.c:758:6:canardReleaseRxTransferPayload	24	static
canard.c:773:31:canardGetPoolAllocatorStatistics	16	static
canard.c:778:10:canardConvertNativeFloatToFloat16	48	static
canard.c:822:7:canardConvertFloat16ToNativeFloat	32	static
canard.c:850:25:computeTransferIDForwardDistance	24	static
canard.c:860:22:incrementTransferID	16	static
canard.c:871:25:enqueueTxFrames	40	static
canard.c:963:22:pushTxQueue	24	static
canard.c:1012:36:createTxItem	24	static
canard.c:1026:22:isPriorityHigher	40	static
canard.c:1069:22:prepareForNextTransfer	16	static
canard.c:1080:26:extractDataType	24	static
canard.c:1100:36:extractTransferType	24	static
canard.c:1125:32:traverseRxStates	24	static
canard.c:1156:32:findRxState	16	static
canard.c:1172:32:prependRxState	24	static
canard.c:1186:32:createRxState	56	static
canard.c:1204:26:releaseStatePayload	32	static
canard.c:1223:25:bufferBlockPushBytes	48	static
canard.c:1320:36:createBufferBlock	24	static
canard.c:1334:6:copyBitArray	40	static
canard.c:1366:25:descatterTransferPayload	72	static
canard.c:1469:22:isBigEndian	16	static
canard.c:1484:22:swapByteOrder	32	static
canard.c:1506:26:crcAddByte	24	static
canard.c:1523:26:crcAddSignature	48	static
canard.c:1532:26:crcAdd	24	static
canard.c:1544:22:initPoolAllocator	32	static
canard.c:1563:23:allocateBlock	24	static
canard.c:1585:22:freeBlock	24	static
