canard_stm32.h:190:9:canardSTM32ComputeCANTimings	40	static
uavcan.c:16:6:shouldAcceptTransfer	24	static
uavcan.c:42:6:onTransferReceived	16	static
uavcan.c:61:6:getNodeInfoHandleCanard	432	static
uavcan.c:77:6:uavcanInit	32	static,ignoring_inline_asm
uavcan.c:101:6:sendCanard	16	static,ignoring_inline_asm
uavcan.c:119:6:receiveCanard	40	static
uavcan.c:129:6:spinCanard	48	static
uavcan.c:155:6:publishCanard	8	static
uavcan.c:200:6:makeIndicatedAirspeedMessage	32	static
uavcan.c:227:10:convertFrom16To32	24	static
uavcan.c:239:6:makeRawAirDatadMessage	40	static
uavcan.c:285:6:publishAirspeed	88	static
uavcan.c:314:6:makeNodeStatusMessage	24	static
uavcan.c:325:10:makeNodeInfoMessage	24	static
uavcan.c:342:6:readUniqueID	24	static
uavcan.c:351:6:rawcmdHandleCanard	32	static
uavcan.c:363:6:showRcpwmonUart	16	static
uavcan.c:381:11:getParamByIndex	16	static
uavcan.c:391:11:getParamByName	32	static
uavcan.c:403:10:encodeParamCanard	32	static
uavcan.c:461:6:getsetHandleCanard	160	static
