canard_stm32.h:190:9:canardSTM32ComputeCANTimings	40	static
uavcan.c:16:6:shouldAcceptTransfer	24	static
uavcan.c:42:6:onTransferReceived	16	static
uavcan.c:61:6:getNodeInfoHandleCanard	432	static
uavcan.c:77:6:uavcanInit	32	static,ignoring_inline_asm
uavcan.c:101:6:sendCanard	16	static,ignoring_inline_asm
uavcan.c:119:6:receiveCanard	40	static
uavcan.c:129:6:spinCanard	48	static
uavcan.c:155:6:publishCanard	8	static
uavcan.c:203:6:makeIndicatedAirspeedMessage	32	static
uavcan.c:230:10:convertFrom16To32	24	static
uavcan.c:242:6:makeRawAirDatadMessage	56	static
uavcan.c:286:6:publishAirspeed	96	static
uavcan.c:324:6:makeNodeStatusMessage	24	static
uavcan.c:335:10:makeNodeInfoMessage	24	static
uavcan.c:352:6:readUniqueID	24	static
uavcan.c:361:6:rawcmdHandleCanard	32	static
uavcan.c:373:6:showRcpwmonUart	16	static
uavcan.c:391:11:getParamByIndex	16	static
uavcan.c:401:11:getParamByName	32	static
uavcan.c:413:10:encodeParamCanard	32	static
uavcan.c:471:6:getsetHandleCanard	160	static
